<?xml version="1.0" encoding="ISO-8859-1" ?>
<link_info>
   <banner>TI ARM Linker PC v20.2.7.LTS</banner>
   <copyright>Copyright (c) 1996-2018 Texas Instruments Incorporated</copyright>
   <link_time>0x6783eb0a</link_time>
   <link_errors>0x0</link_errors>
   <output_file>Lab2.out</output_file>
   <entry_point>
      <name>_c_int00_noargs</name>
      <address>0x3c35</address>
   </entry_point>
   <input_file_list>
      <input_file id="fl-2">
         <path>.\</path>
         <kind>object</kind>
         <file>ADCSWTrigger.obj</file>
         <name>ADCSWTrigger.obj</name>
      </input_file>
      <input_file id="fl-3">
         <path>.\</path>
         <kind>object</kind>
         <file>CortexM.obj</file>
         <name>CortexM.obj</name>
      </input_file>
      <input_file id="fl-4">
         <path>.\</path>
         <kind>object</kind>
         <file>I2C1.obj</file>
         <name>I2C1.obj</name>
      </input_file>
      <input_file id="fl-5">
         <path>.\</path>
         <kind>object</kind>
         <file>Lab2.obj</file>
         <name>Lab2.obj</name>
      </input_file>
      <input_file id="fl-6">
         <path>.\</path>
         <kind>object</kind>
         <file>LaunchPad.obj</file>
         <name>LaunchPad.obj</name>
      </input_file>
      <input_file id="fl-7">
         <path>.\</path>
         <kind>object</kind>
         <file>PLL.obj</file>
         <name>PLL.obj</name>
      </input_file>
      <input_file id="fl-8">
         <path>.\</path>
         <kind>object</kind>
         <file>SSD1306.obj</file>
         <name>SSD1306.obj</name>
      </input_file>
      <input_file id="fl-9">
         <path>.\</path>
         <kind>object</kind>
         <file>Timer2A.obj</file>
         <name>Timer2A.obj</name>
      </input_file>
      <input_file id="fl-a">
         <path>.\</path>
         <kind>object</kind>
         <file>UART.obj</file>
         <name>UART.obj</name>
      </input_file>
      <input_file id="fl-b">
         <path>.\</path>
         <kind>object</kind>
         <file>tm4c123gh6pm_startup_ccs.obj</file>
         <name>tm4c123gh6pm_startup_ccs.obj</name>
      </input_file>
      <input_file id="fl-f">
         <kind>object</kind>
         <file>&lt;internal&gt;</file>
         <name>&lt;internal&gt;</name>
      </input_file>
      <input_file id="fl-c5">
         <path>C:\ti\ccs1260\ccs\tools\compiler\ti-cgt-arm_20.2.7.LTS\lib\</path>
         <kind>archive</kind>
         <file>rtsv7M4_T_le_v4SPD16_eabi.lib</file>
         <name>fopen.c.obj</name>
      </input_file>
      <input_file id="fl-c6">
         <path>C:\ti\ccs1260\ccs\tools\compiler\ti-cgt-arm_20.2.7.LTS\lib\</path>
         <kind>archive</kind>
         <file>rtsv7M4_T_le_v4SPD16_eabi.lib</file>
         <name>setvbuf.c.obj</name>
      </input_file>
      <input_file id="fl-c7">
         <path>C:\ti\ccs1260\ccs\tools\compiler\ti-cgt-arm_20.2.7.LTS\lib\</path>
         <kind>archive</kind>
         <file>rtsv7M4_T_le_v4SPD16_eabi.lib</file>
         <name>memset_t2.asm.obj</name>
      </input_file>
      <input_file id="fl-c8">
         <path>C:\ti\ccs1260\ccs\tools\compiler\ti-cgt-arm_20.2.7.LTS\lib\</path>
         <kind>archive</kind>
         <file>rtsv7M4_T_le_v4SPD16_eabi.lib</file>
         <name>copy_zero_init.c.obj</name>
      </input_file>
      <input_file id="fl-c9">
         <path>C:\ti\ccs1260\ccs\tools\compiler\ti-cgt-arm_20.2.7.LTS\lib\</path>
         <kind>archive</kind>
         <file>rtsv7M4_T_le_v4SPD16_eabi.lib</file>
         <name>copy_decompress_none.c.obj</name>
      </input_file>
      <input_file id="fl-ca">
         <path>C:\ti\ccs1260\ccs\tools\compiler\ti-cgt-arm_20.2.7.LTS\lib\</path>
         <kind>archive</kind>
         <file>rtsv7M4_T_le_v4SPD16_eabi.lib</file>
         <name>copy_decompress_lzss.c.obj</name>
      </input_file>
      <input_file id="fl-cb">
         <path>C:\ti\ccs1260\ccs\tools\compiler\ti-cgt-arm_20.2.7.LTS\lib\</path>
         <kind>archive</kind>
         <file>rtsv7M4_T_le_v4SPD16_eabi.lib</file>
         <name>exit.c.obj</name>
      </input_file>
      <input_file id="fl-cc">
         <path>C:\ti\ccs1260\ccs\tools\compiler\ti-cgt-arm_20.2.7.LTS\lib\</path>
         <kind>archive</kind>
         <file>rtsv7M4_T_le_v4SPD16_eabi.lib</file>
         <name>_lock.c.obj</name>
      </input_file>
      <input_file id="fl-cd">
         <path>C:\ti\ccs1260\ccs\tools\compiler\ti-cgt-arm_20.2.7.LTS\lib\</path>
         <kind>archive</kind>
         <file>rtsv7M4_T_le_v4SPD16_eabi.lib</file>
         <name>defs.c.obj</name>
      </input_file>
      <input_file id="fl-ce">
         <path>C:\ti\ccs1260\ccs\tools\compiler\ti-cgt-arm_20.2.7.LTS\lib\</path>
         <kind>archive</kind>
         <file>rtsv7M4_T_le_v4SPD16_eabi.lib</file>
         <name>memory.c.obj</name>
      </input_file>
      <input_file id="fl-cf">
         <path>C:\ti\ccs1260\ccs\tools\compiler\ti-cgt-arm_20.2.7.LTS\lib\</path>
         <kind>archive</kind>
         <file>rtsv7M4_T_le_v4SPD16_eabi.lib</file>
         <name>boot_cortex_m.c.obj</name>
      </input_file>
      <input_file id="fl-d0">
         <path>C:\ti\ccs1260\ccs\tools\compiler\ti-cgt-arm_20.2.7.LTS\lib\</path>
         <kind>archive</kind>
         <file>rtsv7M4_T_le_v4SPD16_eabi.lib</file>
         <name>open.c.obj</name>
      </input_file>
      <input_file id="fl-d1">
         <path>C:\ti\ccs1260\ccs\tools\compiler\ti-cgt-arm_20.2.7.LTS\lib\</path>
         <kind>archive</kind>
         <file>rtsv7M4_T_le_v4SPD16_eabi.lib</file>
         <name>add_device.c.obj</name>
      </input_file>
      <input_file id="fl-d2">
         <path>C:\ti\ccs1260\ccs\tools\compiler\ti-cgt-arm_20.2.7.LTS\lib\</path>
         <kind>archive</kind>
         <file>rtsv7M4_T_le_v4SPD16_eabi.lib</file>
         <name>fclose.c.obj</name>
      </input_file>
      <input_file id="fl-d3">
         <path>C:\ti\ccs1260\ccs\tools\compiler\ti-cgt-arm_20.2.7.LTS\lib\</path>
         <kind>archive</kind>
         <file>rtsv7M4_T_le_v4SPD16_eabi.lib</file>
         <name>fflush.c.obj</name>
      </input_file>
      <input_file id="fl-d4">
         <path>C:\ti\ccs1260\ccs\tools\compiler\ti-cgt-arm_20.2.7.LTS\lib\</path>
         <kind>archive</kind>
         <file>rtsv7M4_T_le_v4SPD16_eabi.lib</file>
         <name>getdevice.c.obj</name>
      </input_file>
      <input_file id="fl-d5">
         <path>C:\ti\ccs1260\ccs\tools\compiler\ti-cgt-arm_20.2.7.LTS\lib\</path>
         <kind>archive</kind>
         <file>rtsv7M4_T_le_v4SPD16_eabi.lib</file>
         <name>memcpy_t2.asm.obj</name>
      </input_file>
      <input_file id="fl-d6">
         <path>C:\ti\ccs1260\ccs\tools\compiler\ti-cgt-arm_20.2.7.LTS\lib\</path>
         <kind>archive</kind>
         <file>rtsv7M4_T_le_v4SPD16_eabi.lib</file>
         <name>autoinit.c.obj</name>
      </input_file>
      <input_file id="fl-d7">
         <path>C:\ti\ccs1260\ccs\tools\compiler\ti-cgt-arm_20.2.7.LTS\lib\</path>
         <kind>archive</kind>
         <file>rtsv7M4_T_le_v4SPD16_eabi.lib</file>
         <name>pre_init.c.obj</name>
      </input_file>
      <input_file id="fl-d8">
         <path>C:\ti\ccs1260\ccs\tools\compiler\ti-cgt-arm_20.2.7.LTS\lib\</path>
         <kind>archive</kind>
         <file>rtsv7M4_T_le_v4SPD16_eabi.lib</file>
         <name>cpy_tbl.c.obj</name>
      </input_file>
      <input_file id="fl-d9">
         <path>C:\ti\ccs1260\ccs\tools\compiler\ti-cgt-arm_20.2.7.LTS\lib\</path>
         <kind>archive</kind>
         <file>rtsv7M4_T_le_v4SPD16_eabi.lib</file>
         <name>args_main.c.obj</name>
      </input_file>
      <input_file id="fl-da">
         <path>C:\ti\ccs1260\ccs\tools\compiler\ti-cgt-arm_20.2.7.LTS\lib\</path>
         <kind>archive</kind>
         <file>rtsv7M4_T_le_v4SPD16_eabi.lib</file>
         <name>strchr.c.obj</name>
      </input_file>
      <input_file id="fl-db">
         <path>C:\ti\ccs1260\ccs\tools\compiler\ti-cgt-arm_20.2.7.LTS\lib\</path>
         <kind>archive</kind>
         <file>rtsv7M4_T_le_v4SPD16_eabi.lib</file>
         <name>strcmp.c.obj</name>
      </input_file>
      <input_file id="fl-dc">
         <path>C:\ti\ccs1260\ccs\tools\compiler\ti-cgt-arm_20.2.7.LTS\lib\</path>
         <kind>archive</kind>
         <file>rtsv7M4_T_le_v4SPD16_eabi.lib</file>
         <name>strncpy.c.obj</name>
      </input_file>
      <input_file id="fl-dd">
         <path>C:\ti\ccs1260\ccs\tools\compiler\ti-cgt-arm_20.2.7.LTS\lib\</path>
         <kind>archive</kind>
         <file>rtsv7M4_T_le_v4SPD16_eabi.lib</file>
         <name>write.c.obj</name>
      </input_file>
      <input_file id="fl-de">
         <path>C:\ti\ccs1260\ccs\tools\compiler\ti-cgt-arm_20.2.7.LTS\lib\</path>
         <kind>archive</kind>
         <file>rtsv7M4_T_le_v4SPD16_eabi.lib</file>
         <name>host_device.c.obj</name>
      </input_file>
      <input_file id="fl-df">
         <path>C:\ti\ccs1260\ccs\tools\compiler\ti-cgt-arm_20.2.7.LTS\lib\</path>
         <kind>archive</kind>
         <file>rtsv7M4_T_le_v4SPD16_eabi.lib</file>
         <name>remove.c.obj</name>
      </input_file>
      <input_file id="fl-e0">
         <path>C:\ti\ccs1260\ccs\tools\compiler\ti-cgt-arm_20.2.7.LTS\lib\</path>
         <kind>archive</kind>
         <file>rtsv7M4_T_le_v4SPD16_eabi.lib</file>
         <name>close.c.obj</name>
      </input_file>
      <input_file id="fl-e1">
         <path>C:\ti\ccs1260\ccs\tools\compiler\ti-cgt-arm_20.2.7.LTS\lib\</path>
         <kind>archive</kind>
         <file>rtsv7M4_T_le_v4SPD16_eabi.lib</file>
         <name>unlink.c.obj</name>
      </input_file>
      <input_file id="fl-e2">
         <path>C:\ti\ccs1260\ccs\tools\compiler\ti-cgt-arm_20.2.7.LTS\lib\</path>
         <kind>archive</kind>
         <file>rtsv7M4_T_le_v4SPD16_eabi.lib</file>
         <name>hostclose.c.obj</name>
      </input_file>
      <input_file id="fl-e3">
         <path>C:\ti\ccs1260\ccs\tools\compiler\ti-cgt-arm_20.2.7.LTS\lib\</path>
         <kind>archive</kind>
         <file>rtsv7M4_T_le_v4SPD16_eabi.lib</file>
         <name>hostlseek.c.obj</name>
      </input_file>
      <input_file id="fl-e4">
         <path>C:\ti\ccs1260\ccs\tools\compiler\ti-cgt-arm_20.2.7.LTS\lib\</path>
         <kind>archive</kind>
         <file>rtsv7M4_T_le_v4SPD16_eabi.lib</file>
         <name>hostopen.c.obj</name>
      </input_file>
      <input_file id="fl-e5">
         <path>C:\ti\ccs1260\ccs\tools\compiler\ti-cgt-arm_20.2.7.LTS\lib\</path>
         <kind>archive</kind>
         <file>rtsv7M4_T_le_v4SPD16_eabi.lib</file>
         <name>hostread.c.obj</name>
      </input_file>
      <input_file id="fl-e6">
         <path>C:\ti\ccs1260\ccs\tools\compiler\ti-cgt-arm_20.2.7.LTS\lib\</path>
         <kind>archive</kind>
         <file>rtsv7M4_T_le_v4SPD16_eabi.lib</file>
         <name>hostrename.c.obj</name>
      </input_file>
      <input_file id="fl-e7">
         <path>C:\ti\ccs1260\ccs\tools\compiler\ti-cgt-arm_20.2.7.LTS\lib\</path>
         <kind>archive</kind>
         <file>rtsv7M4_T_le_v4SPD16_eabi.lib</file>
         <name>hostunlink.c.obj</name>
      </input_file>
      <input_file id="fl-e8">
         <path>C:\ti\ccs1260\ccs\tools\compiler\ti-cgt-arm_20.2.7.LTS\lib\</path>
         <kind>archive</kind>
         <file>rtsv7M4_T_le_v4SPD16_eabi.lib</file>
         <name>hostwrite.c.obj</name>
      </input_file>
      <input_file id="fl-e9">
         <path>C:\ti\ccs1260\ccs\tools\compiler\ti-cgt-arm_20.2.7.LTS\lib\</path>
         <kind>archive</kind>
         <file>rtsv7M4_T_le_v4SPD16_eabi.lib</file>
         <name>trgmsg.c.obj</name>
      </input_file>
      <input_file id="fl-ea">
         <path>C:\ti\ccs1260\ccs\tools\compiler\ti-cgt-arm_20.2.7.LTS\lib\</path>
         <kind>archive</kind>
         <file>rtsv7M4_T_le_v4SPD16_eabi.lib</file>
         <name>strcpy.c.obj</name>
      </input_file>
      <input_file id="fl-eb">
         <path>C:\ti\ccs1260\ccs\tools\compiler\ti-cgt-arm_20.2.7.LTS\lib\</path>
         <kind>archive</kind>
         <file>rtsv7M4_T_le_v4SPD16_eabi.lib</file>
         <name>strlen.c.obj</name>
      </input_file>
   </input_file_list>
   <object_component_list>
      <object_component id="oc-12">
         <name>.intvecs</name>
         <load_address>0x0</load_address>
         <run_address>0x0</run_address>
         <size>0x26c</size>
         <input_file_ref idref="fl-b"/>
      </object_component>
      <object_component id="oc-104">
         <name>.text</name>
         <load_address>0x26c</load_address>
         <run_address>0x26c</run_address>
         <size>0x186c</size>
         <input_file_ref idref="fl-8"/>
      </object_component>
      <object_component id="oc-179">
         <name>.text</name>
         <load_address>0x1ad8</load_address>
         <run_address>0x1ad8</run_address>
         <size>0x670</size>
         <input_file_ref idref="fl-4"/>
      </object_component>
      <object_component id="oc-ac">
         <name>.text</name>
         <load_address>0x2148</load_address>
         <run_address>0x2148</run_address>
         <size>0x558</size>
         <input_file_ref idref="fl-5"/>
      </object_component>
      <object_component id="oc-e3">
         <name>.text</name>
         <load_address>0x26a0</load_address>
         <run_address>0x26a0</run_address>
         <size>0x4ec</size>
         <input_file_ref idref="fl-a"/>
      </object_component>
      <object_component id="oc-f3">
         <name>.text</name>
         <load_address>0x2b8c</load_address>
         <run_address>0x2b8c</run_address>
         <size>0x118</size>
         <input_file_ref idref="fl-6"/>
      </object_component>
      <object_component id="oc-2a">
         <name>.text</name>
         <load_address>0x2ca4</load_address>
         <run_address>0x2ca4</run_address>
         <size>0x112</size>
         <input_file_ref idref="fl-b"/>
      </object_component>
      <object_component id="oc-263">
         <name>.text:_nop</name>
         <load_address>0x2db6</load_address>
         <run_address>0x2db6</run_address>
         <size>0x2</size>
         <input_file_ref idref="fl-cc"/>
      </object_component>
      <object_component id="oc-1fa">
         <name>.text:_openfile</name>
         <load_address>0x2db8</load_address>
         <run_address>0x2db8</run_address>
         <size>0x110</size>
         <input_file_ref idref="fl-c5"/>
      </object_component>
      <object_component id="oc-2f7">
         <name>.text:aligned_alloc</name>
         <load_address>0x2ec8</load_address>
         <run_address>0x2ec8</run_address>
         <size>0x100</size>
         <input_file_ref idref="fl-ce"/>
      </object_component>
      <object_component id="oc-20d">
         <name>.text:free</name>
         <load_address>0x2fc8</load_address>
         <run_address>0x2fc8</run_address>
         <size>0xe4</size>
         <input_file_ref idref="fl-ce"/>
      </object_component>
      <object_component id="oc-163">
         <name>.text:setvbuf</name>
         <load_address>0x30ac</load_address>
         <run_address>0x30ac</run_address>
         <size>0xdc</size>
         <input_file_ref idref="fl-c6"/>
      </object_component>
      <object_component id="oc-30">
         <name>.text</name>
         <load_address>0x3188</load_address>
         <run_address>0x3188</run_address>
         <size>0xbc</size>
         <input_file_ref idref="fl-9"/>
      </object_component>
      <object_component id="oc-2c5">
         <name>.text:open</name>
         <load_address>0x3244</load_address>
         <run_address>0x3244</run_address>
         <size>0xbc</size>
         <input_file_ref idref="fl-d0"/>
      </object_component>
      <object_component id="oc-151">
         <name>.text:add_device</name>
         <load_address>0x3300</load_address>
         <run_address>0x3300</run_address>
         <size>0xb8</size>
         <input_file_ref idref="fl-d1"/>
      </object_component>
      <object_component id="oc-157">
         <name>.text:fopen</name>
         <load_address>0x33b8</load_address>
         <run_address>0x33b8</run_address>
         <size>0x9c</size>
         <input_file_ref idref="fl-c5"/>
      </object_component>
      <object_component id="oc-44">
         <name>.text</name>
         <load_address>0x3454</load_address>
         <run_address>0x3454</run_address>
         <size>0x9c</size>
         <input_file_ref idref="fl-d5"/>
      </object_component>
      <object_component id="oc-ed">
         <name>.text</name>
         <load_address>0x34f0</load_address>
         <run_address>0x34f0</run_address>
         <size>0x88</size>
         <input_file_ref idref="fl-7"/>
      </object_component>
      <object_component id="oc-a0">
         <name>.text</name>
         <load_address>0x3578</load_address>
         <run_address>0x3578</run_address>
         <size>0x7a</size>
         <input_file_ref idref="fl-c7"/>
      </object_component>
      <object_component id="oc-206">
         <name>.text:__TI_closefile</name>
         <load_address>0x35f4</load_address>
         <run_address>0x35f4</run_address>
         <size>0x74</size>
         <input_file_ref idref="fl-d2"/>
      </object_component>
      <object_component id="oc-368">
         <name>.text:split</name>
         <load_address>0x3668</load_address>
         <run_address>0x3668</run_address>
         <size>0x70</size>
         <input_file_ref idref="fl-ce"/>
      </object_component>
      <object_component id="oc-2b0">
         <name>.text:HOSTrename</name>
         <load_address>0x36d8</load_address>
         <run_address>0x36d8</run_address>
         <size>0x6c</size>
         <input_file_ref idref="fl-e6"/>
      </object_component>
      <object_component id="oc-2a4">
         <name>.text:HOSTlseek</name>
         <load_address>0x3744</load_address>
         <run_address>0x3744</run_address>
         <size>0x68</size>
         <input_file_ref idref="fl-e3"/>
      </object_component>
      <object_component id="oc-15">
         <name>.text:decompress:lzss:__TI_decompress_lzss</name>
         <load_address>0x37ac</load_address>
         <run_address>0x37ac</run_address>
         <size>0x68</size>
         <input_file_ref idref="fl-ca"/>
      </object_component>
      <object_component id="oc-28c">
         <name>.text:HOSTopen</name>
         <load_address>0x3814</load_address>
         <run_address>0x3814</run_address>
         <size>0x60</size>
         <input_file_ref idref="fl-e4"/>
      </object_component>
      <object_component id="oc-2db">
         <name>.text:close</name>
         <load_address>0x3874</load_address>
         <run_address>0x3874</run_address>
         <size>0x5c</size>
         <input_file_ref idref="fl-e0"/>
      </object_component>
      <object_component id="oc-298">
         <name>.text:HOSTread</name>
         <load_address>0x38d0</load_address>
         <run_address>0x38d0</run_address>
         <size>0x58</size>
         <input_file_ref idref="fl-e5"/>
      </object_component>
      <object_component id="oc-29e">
         <name>.text:HOSTwrite</name>
         <load_address>0x3928</load_address>
         <run_address>0x3928</run_address>
         <size>0x58</size>
         <input_file_ref idref="fl-e8"/>
      </object_component>
      <object_component id="oc-2d5">
         <name>.text:__TI_doflush</name>
         <load_address>0x3980</load_address>
         <run_address>0x3980</run_address>
         <size>0x4c</size>
         <input_file_ref idref="fl-d3"/>
      </object_component>
      <object_component id="oc-117">
         <name>.text:exit</name>
         <load_address>0x39cc</load_address>
         <run_address>0x39cc</run_address>
         <size>0x48</size>
         <input_file_ref idref="fl-cb"/>
      </object_component>
      <object_component id="oc-292">
         <name>.text:HOSTclose</name>
         <load_address>0x3a14</load_address>
         <run_address>0x3a14</run_address>
         <size>0x44</size>
         <input_file_ref idref="fl-e2"/>
      </object_component>
      <object_component id="oc-2aa">
         <name>.text:HOSTunlink</name>
         <load_address>0x3a58</load_address>
         <run_address>0x3a58</run_address>
         <size>0x44</size>
         <input_file_ref idref="fl-e7"/>
      </object_component>
      <object_component id="oc-11d">
         <name>.text:__TI_auto_init_nobinit_nopinit:__TI_auto_init_nobinit_nopinit</name>
         <load_address>0x3a9c</load_address>
         <run_address>0x3a9c</run_address>
         <size>0x44</size>
         <input_file_ref idref="fl-d6"/>
      </object_component>
      <object_component id="oc-349">
         <name>.text:getdevice</name>
         <load_address>0x3ae0</load_address>
         <run_address>0x3ae0</run_address>
         <size>0x44</size>
         <input_file_ref idref="fl-d4"/>
      </object_component>
      <object_component id="oc-fa">
         <name>.text</name>
         <load_address>0x3b24</load_address>
         <run_address>0x3b24</run_address>
         <size>0x38</size>
         <input_file_ref idref="fl-3"/>
      </object_component>
      <object_component id="oc-320">
         <name>.text:__TI_writemsg</name>
         <load_address>0x3b5c</load_address>
         <run_address>0x3b5c</run_address>
         <size>0x38</size>
         <input_file_ref idref="fl-e9"/>
      </object_component>
      <object_component id="oc-1ee">
         <name>.text:strncpy</name>
         <load_address>0x3b94</load_address>
         <run_address>0x3b94</run_address>
         <size>0x36</size>
         <input_file_ref idref="fl-dc"/>
      </object_component>
      <object_component id="oc-219">
         <name>.text:__TI_cleanup</name>
         <load_address>0x3bcc</load_address>
         <run_address>0x3bcc</run_address>
         <size>0x34</size>
         <input_file_ref idref="fl-c5"/>
      </object_component>
      <object_component id="oc-326">
         <name>.text:__TI_readmsg</name>
         <load_address>0x3c00</load_address>
         <run_address>0x3c00</run_address>
         <size>0x34</size>
         <input_file_ref idref="fl-e9"/>
      </object_component>
      <object_component id="oc-62">
         <name>.text:_c_int00_noargs:_c_int00_noargs</name>
         <load_address>0x3c34</load_address>
         <run_address>0x3c34</run_address>
         <size>0x34</size>
         <input_file_ref idref="fl-cf"/>
      </object_component>
      <object_component id="oc-15d">
         <name>.text:freopen</name>
         <load_address>0x3c68</load_address>
         <run_address>0x3c68</run_address>
         <size>0x34</size>
         <input_file_ref idref="fl-c5"/>
      </object_component>
      <object_component id="oc-1e8">
         <name>.text:finddevice</name>
         <load_address>0x3c9c</load_address>
         <run_address>0x3c9c</run_address>
         <size>0x30</size>
         <input_file_ref idref="fl-d4"/>
      </object_component>
      <object_component id="oc-2e1">
         <name>.text:unlink</name>
         <load_address>0x3ccc</load_address>
         <run_address>0x3ccc</run_address>
         <size>0x2c</size>
         <input_file_ref idref="fl-e1"/>
      </object_component>
      <object_component id="oc-2f0">
         <name>.text:free_list_insert</name>
         <load_address>0x3cf8</load_address>
         <run_address>0x3cf8</run_address>
         <size>0x28</size>
         <input_file_ref idref="fl-ce"/>
      </object_component>
      <object_component id="oc-355">
         <name>.text:write</name>
         <load_address>0x3d20</load_address>
         <run_address>0x3d20</run_address>
         <size>0x28</size>
         <input_file_ref idref="fl-dd"/>
      </object_component>
      <object_component id="oc-2ea">
         <name>.text:free_list_remove</name>
         <load_address>0x3d48</load_address>
         <run_address>0x3d48</run_address>
         <size>0x1c</size>
         <input_file_ref idref="fl-ce"/>
      </object_component>
      <object_component id="oc-282">
         <name>.text:strcmp</name>
         <load_address>0x3d64</load_address>
         <run_address>0x3d64</run_address>
         <size>0x18</size>
         <input_file_ref idref="fl-db"/>
      </object_component>
      <object_component id="oc-389">
         <name>.text:strchr</name>
         <load_address>0x3d7c</load_address>
         <run_address>0x3d7c</run_address>
         <size>0x16</size>
         <input_file_ref idref="fl-da"/>
      </object_component>
      <object_component id="oc-33a">
         <name>.text:strcpy</name>
         <load_address>0x3d92</load_address>
         <run_address>0x3d92</run_address>
         <size>0x14</size>
         <input_file_ref idref="fl-ea"/>
      </object_component>
      <object_component id="oc-31a">
         <name>.text:strlen</name>
         <load_address>0x3da6</load_address>
         <run_address>0x3da6</run_address>
         <size>0x14</size>
         <input_file_ref idref="fl-eb"/>
      </object_component>
      <object_component id="oc-1b">
         <name>.text:decompress:none:__TI_decompress_none</name>
         <load_address>0x3dba</load_address>
         <run_address>0x3dba</run_address>
         <size>0xe</size>
         <input_file_ref idref="fl-c9"/>
      </object_component>
      <object_component id="oc-56">
         <name>.text:decompress:ZI:__TI_zero_init</name>
         <load_address>0x3dc8</load_address>
         <run_address>0x3dc8</run_address>
         <size>0xc</size>
         <input_file_ref idref="fl-c8"/>
      </object_component>
      <object_component id="oc-213">
         <name>.text:malloc</name>
         <load_address>0x3dd4</load_address>
         <run_address>0x3dd4</run_address>
         <size>0x8</size>
         <input_file_ref idref="fl-ce"/>
      </object_component>
      <object_component id="oc-a6">
         <name>.text:_system_pre_init</name>
         <load_address>0x3ddc</load_address>
         <run_address>0x3ddc</run_address>
         <size>0x4</size>
         <input_file_ref idref="fl-d7"/>
      </object_component>
      <object_component id="oc-111">
         <name>.text:abort:abort</name>
         <load_address>0x3de0</load_address>
         <run_address>0x3de0</run_address>
         <size>0x4</size>
         <input_file_ref idref="fl-cb"/>
      </object_component>
      <object_component id="oc-196">
         <name>.const:ASCII</name>
         <load_address>0x3de4</load_address>
         <run_address>0x3de4</run_address>
         <size>0x540</size>
         <input_file_ref idref="fl-8"/>
      </object_component>
      <object_component id="oc-19c">
         <name>.const:.string:postmask</name>
         <load_address>0x4324</load_address>
         <run_address>0x4324</run_address>
         <size>0x8</size>
         <input_file_ref idref="fl-8"/>
      </object_component>
      <object_component id="oc-199">
         <name>.const:.string:premask</name>
         <load_address>0x432c</load_address>
         <run_address>0x432c</run_address>
         <size>0x8</size>
         <input_file_ref idref="fl-8"/>
      </object_component>
      <object_component id="oc-18e">
         <name>.const:.string:init5</name>
         <load_address>0x4334</load_address>
         <run_address>0x4334</run_address>
         <size>0x7</size>
         <input_file_ref idref="fl-8"/>
      </object_component>
      <object_component id="oc-19f">
         <name>.const:.string:dlist1</name>
         <load_address>0x433b</load_address>
         <run_address>0x433b</run_address>
         <size>0x5</size>
         <input_file_ref idref="fl-8"/>
      </object_component>
      <object_component id="oc-182">
         <name>.const:.string:init1</name>
         <load_address>0x4340</load_address>
         <run_address>0x4340</run_address>
         <size>0x5</size>
         <input_file_ref idref="fl-8"/>
      </object_component>
      <object_component id="oc-185">
         <name>.const:.string:init2</name>
         <load_address>0x4345</load_address>
         <run_address>0x4345</run_address>
         <size>0x5</size>
         <input_file_ref idref="fl-8"/>
      </object_component>
      <object_component id="oc-188">
         <name>.const:.string:init3</name>
         <load_address>0x434a</load_address>
         <run_address>0x434a</run_address>
         <size>0x5</size>
         <input_file_ref idref="fl-8"/>
      </object_component>
      <object_component id="oc-18b">
         <name>.const:.string:init4b</name>
         <load_address>0x434f</load_address>
         <run_address>0x434f</run_address>
         <size>0x4</size>
         <input_file_ref idref="fl-8"/>
      </object_component>
      <object_component id="oc-1a5">
         <name>.const:.string:scrollList1b</name>
         <load_address>0x4353</load_address>
         <run_address>0x4353</run_address>
         <size>0x3</size>
         <input_file_ref idref="fl-8"/>
      </object_component>
      <object_component id="oc-1ab">
         <name>.const:.string:scrollList2b</name>
         <load_address>0x4356</load_address>
         <run_address>0x4356</run_address>
         <size>0x3</size>
         <input_file_ref idref="fl-8"/>
      </object_component>
      <object_component id="oc-1a2">
         <name>.const:.string:scrollList1a</name>
         <load_address>0x4359</load_address>
         <run_address>0x4359</run_address>
         <size>0x2</size>
         <input_file_ref idref="fl-8"/>
      </object_component>
      <object_component id="oc-1a8">
         <name>.const:.string:scrollList2a</name>
         <load_address>0x435b</load_address>
         <run_address>0x435b</run_address>
         <size>0x2</size>
         <input_file_ref idref="fl-8"/>
      </object_component>
      <object_component id="oc-1ae">
         <name>.const:.string:scrollList3a</name>
         <load_address>0x435d</load_address>
         <run_address>0x435d</run_address>
         <size>0x2</size>
         <input_file_ref idref="fl-8"/>
      </object_component>
      <object_component id="oc-1b1">
         <name>.const:.string:scrollList3b</name>
         <load_address>0x435f</load_address>
         <run_address>0x435f</run_address>
         <size>0x2</size>
         <input_file_ref idref="fl-8"/>
      </object_component>
      <object_component id="oc-1b4">
         <name>.const:.string:scrollList3c</name>
         <load_address>0x4361</load_address>
         <run_address>0x4361</run_address>
         <size>0x2</size>
         <input_file_ref idref="fl-8"/>
      </object_component>
      <object_component id="oc-1b7">
         <name>.const:.string:scrollList4a</name>
         <load_address>0x4363</load_address>
         <run_address>0x4363</run_address>
         <size>0x2</size>
         <input_file_ref idref="fl-8"/>
      </object_component>
      <object_component id="oc-1ba">
         <name>.const:.string:scrollList4b</name>
         <load_address>0x4365</load_address>
         <run_address>0x4365</run_address>
         <size>0x2</size>
         <input_file_ref idref="fl-8"/>
      </object_component>
      <object_component id="oc-1bd">
         <name>.const:.string:scrollList4c</name>
         <load_address>0x4367</load_address>
         <run_address>0x4367</run_address>
         <size>0x2</size>
         <input_file_ref idref="fl-8"/>
      </object_component>
      <object_component id="oc-3d8">
         <name>.cinit..data.load</name>
         <load_address>0x4370</load_address>
         <run_address>0x4370</run_address>
         <size>0x6f</size>
      </object_component>
      <object_component id="oc-3d6">
         <name>__TI_handler_table</name>
         <load_address>0x43e0</load_address>
         <run_address>0x43e0</run_address>
         <size>0xc</size>
      </object_component>
      <object_component id="oc-3d9">
         <name>.cinit..bss.load</name>
         <load_address>0x43f0</load_address>
         <run_address>0x43f0</run_address>
         <size>0x8</size>
      </object_component>
      <object_component id="oc-3d7">
         <name>__TI_cinit_table</name>
         <load_address>0x43f8</load_address>
         <run_address>0x43f8</run_address>
         <size>0x10</size>
      </object_component>
      <object_component id="oc-10b">
         <name>.data</name>
         <load_address>0x200029fc</load_address>
         <run_address>0x200029fc</run_address>
         <size>0x4</size>
         <input_file_ref idref="fl-5"/>
      </object_component>
      <object_component id="oc-1c0">
         <name>.data</name>
         <load_address>0x20002a00</load_address>
         <run_address>0x20002a00</run_address>
         <size>0x4</size>
         <input_file_ref idref="fl-8"/>
      </object_component>
      <object_component id="oc-200">
         <name>.data</name>
         <load_address>0x20002a08</load_address>
         <run_address>0x20002a08</run_address>
         <size>0x4</size>
         <input_file_ref idref="fl-c5"/>
      </object_component>
      <object_component id="oc-1c9">
         <name>.data:$O1$$</name>
         <load_address>0x200029e0</load_address>
         <run_address>0x200029e0</run_address>
         <size>0xc</size>
         <input_file_ref idref="fl-cb"/>
      </object_component>
      <object_component id="oc-1cc">
         <name>.data:$O1$$</name>
         <load_address>0x200029ec</load_address>
         <run_address>0x200029ec</run_address>
         <size>0x8</size>
         <input_file_ref idref="fl-cc"/>
      </object_component>
      <object_component id="oc-169">
         <name>.data:_ftable</name>
         <load_address>0x20002818</load_address>
         <run_address>0x20002818</run_address>
         <size>0xf0</size>
         <input_file_ref idref="fl-cd"/>
      </object_component>
      <object_component id="oc-201">
         <name>.data</name>
         <load_address>0x200029d0</load_address>
         <run_address>0x200029d0</run_address>
         <size>0x10</size>
         <input_file_ref idref="fl-cd"/>
      </object_component>
      <object_component id="oc-363">
         <name>.data:$O1$$</name>
         <load_address>0x200029f4</load_address>
         <run_address>0x200029f4</run_address>
         <size>0x8</size>
         <input_file_ref idref="fl-ce"/>
      </object_component>
      <object_component id="oc-34f">
         <name>.data</name>
         <load_address>0x20002a0c</load_address>
         <run_address>0x20002a0c</run_address>
         <size>0x4</size>
         <input_file_ref idref="fl-d0"/>
      </object_component>
      <object_component id="oc-1f4">
         <name>.data</name>
         <load_address>0x20002a04</load_address>
         <run_address>0x20002a04</run_address>
         <size>0x4</size>
         <input_file_ref idref="fl-d1"/>
      </object_component>
      <object_component id="oc-1f5">
         <name>.data:_device</name>
         <load_address>0x20002908</load_address>
         <run_address>0x20002908</run_address>
         <size>0x78</size>
         <input_file_ref idref="fl-de"/>
      </object_component>
      <object_component id="oc-350">
         <name>.data:_stream</name>
         <load_address>0x20002980</load_address>
         <run_address>0x20002980</run_address>
         <size>0x50</size>
         <input_file_ref idref="fl-de"/>
      </object_component>
      <object_component id="oc-193">
         <name>.bss</name>
         <uninitialized>true</uninitialized>
         <run_address>0x200025c8</run_address>
         <size>0x1a</size>
         <input_file_ref idref="fl-8"/>
      </object_component>
      <object_component id="oc-373">
         <name>.bss:_CIOBUF_</name>
         <uninitialized>true</uninitialized>
         <run_address>0x20002340</run_address>
         <size>0x120</size>
         <input_file_ref idref="fl-e9"/>
      </object_component>
      <object_component id="oc-e9">
         <name>.common:TimeBuf</name>
         <uninitialized>true</uninitialized>
         <run_address>0x20000fa0</run_address>
         <size>0xfa0</size>
      </object_component>
      <object_component id="oc-ec">
         <name>.common:DataBuf</name>
         <uninitialized>true</uninitialized>
         <run_address>0x20000000</run_address>
         <size>0xfa0</size>
      </object_component>
      <object_component id="oc-f9">
         <name>.common:Num</name>
         <uninitialized>true</uninitialized>
         <run_address>0x200025f4</run_address>
         <size>0x4</size>
      </object_component>
      <object_component id="oc-10a">
         <name>.common:Averaging</name>
         <uninitialized>true</uninitialized>
         <run_address>0x200025ec</run_address>
         <size>0x4</size>
      </object_component>
      <object_component id="oc-100">
         <name>.common:Vmin</name>
         <uninitialized>true</uninitialized>
         <run_address>0x20002608</run_address>
         <size>0x4</size>
      </object_component>
      <object_component id="oc-101">
         <name>.common:Vmax</name>
         <uninitialized>true</uninitialized>
         <run_address>0x20002604</run_address>
         <size>0x4</size>
      </object_component>
      <object_component id="oc-103">
         <name>.common:PMFmax</name>
         <uninitialized>true</uninitialized>
         <run_address>0x200025f8</run_address>
         <size>0x4</size>
      </object_component>
      <object_component id="oc-10f">
         <name>.common:Signal</name>
         <uninitialized>true</uninitialized>
         <run_address>0x20002600</run_address>
         <size>0x4</size>
      </object_component>
      <object_component id="oc-10e">
         <name>.common:Distance</name>
         <uninitialized>true</uninitialized>
         <run_address>0x200025f0</run_address>
         <size>0x4</size>
      </object_component>
      <object_component id="oc-102">
         <name>.common:PMF</name>
         <uninitialized>true</uninitialized>
         <run_address>0x20002460</run_address>
         <size>0xc8</size>
      </object_component>
      <object_component id="oc-192">
         <name>.common:buffer</name>
         <uninitialized>true</uninitialized>
         <run_address>0x20001f40</run_address>
         <size>0x400</size>
      </object_component>
      <object_component id="oc-17f">
         <name>.common:vccstate</name>
         <uninitialized>true</uninitialized>
         <run_address>0x20002610</run_address>
         <size>0x4</size>
      </object_component>
      <object_component id="oc-191">
         <name>.common:rotation</name>
         <uninitialized>true</uninitialized>
         <run_address>0x2000260c</run_address>
         <size>0x4</size>
      </object_component>
      <object_component id="oc-1c3">
         <name>.common:StartX</name>
         <uninitialized>true</uninitialized>
         <run_address>0x200025ea</run_address>
         <size>0x2</size>
      </object_component>
      <object_component id="oc-1c4">
         <name>.common:StartY</name>
         <uninitialized>true</uninitialized>
         <run_address>0x20002614</run_address>
         <size>0x2</size>
      </object_component>
      <object_component id="oc-7b">
         <name>.common:PeriodicTask2</name>
         <uninitialized>true</uninitialized>
         <run_address>0x200025fc</run_address>
         <size>0x4</size>
      </object_component>
      <object_component id="oc-2e7">
         <name>.common:__TI_tmpnams</name>
         <uninitialized>true</uninitialized>
         <run_address>0x20002528</run_address>
         <size>0xa0</size>
      </object_component>
      <object_component id="oc-32c">
         <name>.common:parmbuf</name>
         <uninitialized>true</uninitialized>
         <run_address>0x200025e2</run_address>
         <size>0x8</size>
      </object_component>
      <object_component id="oc-24">
         <name>.sysmem</name>
         <uninitialized>true</uninitialized>
         <run_address>0x20002a10</run_address>
         <size>0x10</size>
         <input_file_ref idref="fl-ce"/>
      </object_component>
      <object_component id="oc-3dc">
         <name>.sysmem</name>
         <uninitialized>true</uninitialized>
         <run_address>0x20002a10</run_address>
         <size>0x0</size>
      </object_component>
      <object_component id="oc-27">
         <name>.stack</name>
         <uninitialized>true</uninitialized>
         <run_address>0x20002618</run_address>
         <size>0x4</size>
         <input_file_ref idref="fl-cf"/>
      </object_component>
      <object_component id="oc-3db">
         <name>.stack</name>
         <uninitialized>true</uninitialized>
         <run_address>0x20002618</run_address>
         <size>0x0</size>
      </object_component>
      <object_component id="oc-d1">
         <name>.debug_info</name>
         <load_address>0x0</load_address>
         <run_address>0x0</run_address>
         <size>0x33e</size>
         <input_file_ref idref="fl-2"/>
      </object_component>
      <object_component id="oc-86">
         <name>.debug_info</name>
         <load_address>0x33e</load_address>
         <run_address>0x33e</run_address>
         <size>0x26b</size>
         <input_file_ref idref="fl-2"/>
      </object_component>
      <object_component id="oc-3f">
         <name>.debug_info</name>
         <load_address>0x5a9</load_address>
         <run_address>0x5a9</run_address>
         <size>0x84</size>
         <input_file_ref idref="fl-2"/>
      </object_component>
      <object_component id="oc-cc">
         <name>.debug_info</name>
         <load_address>0x62d</load_address>
         <run_address>0x62d</run_address>
         <size>0x2a4</size>
         <input_file_ref idref="fl-2"/>
      </object_component>
      <object_component id="oc-7f">
         <name>.debug_info</name>
         <load_address>0x8d1</load_address>
         <run_address>0x8d1</run_address>
         <size>0xbb</size>
         <input_file_ref idref="fl-2"/>
      </object_component>
      <object_component id="oc-fb">
         <name>.debug_info</name>
         <load_address>0x98c</load_address>
         <run_address>0x98c</run_address>
         <size>0x3a5</size>
         <input_file_ref idref="fl-3"/>
      </object_component>
      <object_component id="oc-234">
         <name>.debug_info</name>
         <load_address>0xd31</load_address>
         <run_address>0xd31</run_address>
         <size>0x2ec</size>
         <input_file_ref idref="fl-4"/>
      </object_component>
      <object_component id="oc-17d">
         <name>.debug_info</name>
         <load_address>0x101d</load_address>
         <run_address>0x101d</run_address>
         <size>0x1042</size>
         <input_file_ref idref="fl-4"/>
      </object_component>
      <object_component id="oc-ea">
         <name>.debug_info</name>
         <load_address>0x205f</load_address>
         <run_address>0x205f</run_address>
         <size>0x746</size>
         <input_file_ref idref="fl-5"/>
      </object_component>
      <object_component id="oc-10c">
         <name>.debug_info</name>
         <load_address>0x27a5</load_address>
         <run_address>0x27a5</run_address>
         <size>0x10c</size>
         <input_file_ref idref="fl-5"/>
      </object_component>
      <object_component id="oc-b0">
         <name>.debug_info</name>
         <load_address>0x28b1</load_address>
         <run_address>0x28b1</run_address>
         <size>0x9ab</size>
         <input_file_ref idref="fl-5"/>
      </object_component>
      <object_component id="oc-177">
         <name>.debug_info</name>
         <load_address>0x325c</load_address>
         <run_address>0x325c</run_address>
         <size>0x2f0</size>
         <input_file_ref idref="fl-6"/>
      </object_component>
      <object_component id="oc-f7">
         <name>.debug_info</name>
         <load_address>0x354c</load_address>
         <run_address>0x354c</run_address>
         <size>0x830</size>
         <input_file_ref idref="fl-6"/>
      </object_component>
      <object_component id="oc-ef">
         <name>.debug_info</name>
         <load_address>0x3d7c</load_address>
         <run_address>0x3d7c</run_address>
         <size>0x257</size>
         <input_file_ref idref="fl-7"/>
      </object_component>
      <object_component id="oc-180">
         <name>.debug_info</name>
         <load_address>0x3fd3</load_address>
         <run_address>0x3fd3</run_address>
         <size>0x565</size>
         <input_file_ref idref="fl-8"/>
      </object_component>
      <object_component id="oc-197">
         <name>.debug_info</name>
         <load_address>0x4538</load_address>
         <run_address>0x4538</run_address>
         <size>0x157</size>
         <input_file_ref idref="fl-8"/>
      </object_component>
      <object_component id="oc-183">
         <name>.debug_info</name>
         <load_address>0x468f</load_address>
         <run_address>0x468f</run_address>
         <size>0x158</size>
         <input_file_ref idref="fl-8"/>
      </object_component>
      <object_component id="oc-186">
         <name>.debug_info</name>
         <load_address>0x47e7</load_address>
         <run_address>0x47e7</run_address>
         <size>0x158</size>
         <input_file_ref idref="fl-8"/>
      </object_component>
      <object_component id="oc-189">
         <name>.debug_info</name>
         <load_address>0x493f</load_address>
         <run_address>0x493f</run_address>
         <size>0x158</size>
         <input_file_ref idref="fl-8"/>
      </object_component>
      <object_component id="oc-18c">
         <name>.debug_info</name>
         <load_address>0x4a97</load_address>
         <run_address>0x4a97</run_address>
         <size>0x15a</size>
         <input_file_ref idref="fl-8"/>
      </object_component>
      <object_component id="oc-18f">
         <name>.debug_info</name>
         <load_address>0x4bf1</load_address>
         <run_address>0x4bf1</run_address>
         <size>0x158</size>
         <input_file_ref idref="fl-8"/>
      </object_component>
      <object_component id="oc-194">
         <name>.debug_info</name>
         <load_address>0x4d49</load_address>
         <run_address>0x4d49</run_address>
         <size>0x1fe</size>
         <input_file_ref idref="fl-8"/>
      </object_component>
      <object_component id="oc-19a">
         <name>.debug_info</name>
         <load_address>0x4f47</load_address>
         <run_address>0x4f47</run_address>
         <size>0x15c</size>
         <input_file_ref idref="fl-8"/>
      </object_component>
      <object_component id="oc-19d">
         <name>.debug_info</name>
         <load_address>0x50a3</load_address>
         <run_address>0x50a3</run_address>
         <size>0x15e</size>
         <input_file_ref idref="fl-8"/>
      </object_component>
      <object_component id="oc-1a0">
         <name>.debug_info</name>
         <load_address>0x5201</load_address>
         <run_address>0x5201</run_address>
         <size>0x15a</size>
         <input_file_ref idref="fl-8"/>
      </object_component>
      <object_component id="oc-1a3">
         <name>.debug_info</name>
         <load_address>0x535b</load_address>
         <run_address>0x535b</run_address>
         <size>0x166</size>
         <input_file_ref idref="fl-8"/>
      </object_component>
      <object_component id="oc-1a6">
         <name>.debug_info</name>
         <load_address>0x54c1</load_address>
         <run_address>0x54c1</run_address>
         <size>0x166</size>
         <input_file_ref idref="fl-8"/>
      </object_component>
      <object_component id="oc-1a9">
         <name>.debug_info</name>
         <load_address>0x5627</load_address>
         <run_address>0x5627</run_address>
         <size>0x166</size>
         <input_file_ref idref="fl-8"/>
      </object_component>
      <object_component id="oc-1ac">
         <name>.debug_info</name>
         <load_address>0x578d</load_address>
         <run_address>0x578d</run_address>
         <size>0x166</size>
         <input_file_ref idref="fl-8"/>
      </object_component>
      <object_component id="oc-1af">
         <name>.debug_info</name>
         <load_address>0x58f3</load_address>
         <run_address>0x58f3</run_address>
         <size>0x166</size>
         <input_file_ref idref="fl-8"/>
      </object_component>
      <object_component id="oc-1b2">
         <name>.debug_info</name>
         <load_address>0x5a59</load_address>
         <run_address>0x5a59</run_address>
         <size>0x166</size>
         <input_file_ref idref="fl-8"/>
      </object_component>
      <object_component id="oc-1b5">
         <name>.debug_info</name>
         <load_address>0x5bbf</load_address>
         <run_address>0x5bbf</run_address>
         <size>0x166</size>
         <input_file_ref idref="fl-8"/>
      </object_component>
      <object_component id="oc-1b8">
         <name>.debug_info</name>
         <load_address>0x5d25</load_address>
         <run_address>0x5d25</run_address>
         <size>0x166</size>
         <input_file_ref idref="fl-8"/>
      </object_component>
      <object_component id="oc-1bb">
         <name>.debug_info</name>
         <load_address>0x5e8b</load_address>
         <run_address>0x5e8b</run_address>
         <size>0x166</size>
         <input_file_ref idref="fl-8"/>
      </object_component>
      <object_component id="oc-1be">
         <name>.debug_info</name>
         <load_address>0x5ff1</load_address>
         <run_address>0x5ff1</run_address>
         <size>0x166</size>
         <input_file_ref idref="fl-8"/>
      </object_component>
      <object_component id="oc-1c1">
         <name>.debug_info</name>
         <load_address>0x6157</load_address>
         <run_address>0x6157</run_address>
         <size>0x181</size>
         <input_file_ref idref="fl-8"/>
      </object_component>
      <object_component id="oc-105">
         <name>.debug_info</name>
         <load_address>0x62d8</load_address>
         <run_address>0x62d8</run_address>
         <size>0x45dd</size>
         <input_file_ref idref="fl-8"/>
      </object_component>
      <object_component id="oc-22c">
         <name>.debug_info</name>
         <load_address>0xa8b5</load_address>
         <run_address>0xa8b5</run_address>
         <size>0xcc</size>
         <input_file_ref idref="fl-8"/>
      </object_component>
      <object_component id="oc-7c">
         <name>.debug_info</name>
         <load_address>0xa981</load_address>
         <run_address>0xa981</run_address>
         <size>0x31c</size>
         <input_file_ref idref="fl-9"/>
      </object_component>
      <object_component id="oc-31">
         <name>.debug_info</name>
         <load_address>0xac9d</load_address>
         <run_address>0xac9d</run_address>
         <size>0x4dc</size>
         <input_file_ref idref="fl-9"/>
      </object_component>
      <object_component id="oc-16d">
         <name>.debug_info</name>
         <load_address>0xb179</load_address>
         <run_address>0xb179</run_address>
         <size>0x4d9</size>
         <input_file_ref idref="fl-a"/>
      </object_component>
      <object_component id="oc-e4">
         <name>.debug_info</name>
         <load_address>0xb652</load_address>
         <run_address>0xb652</run_address>
         <size>0x22ea</size>
         <input_file_ref idref="fl-a"/>
      </object_component>
      <object_component id="oc-16e">
         <name>.debug_info</name>
         <load_address>0xd93c</load_address>
         <run_address>0xd93c</run_address>
         <size>0x2c</size>
         <input_file_ref idref="fl-a"/>
      </object_component>
      <object_component id="oc-38">
         <name>.debug_info</name>
         <load_address>0xd968</load_address>
         <run_address>0xd968</run_address>
         <size>0x2df</size>
         <input_file_ref idref="fl-b"/>
      </object_component>
      <object_component id="oc-13">
         <name>.debug_info</name>
         <load_address>0xdc47</load_address>
         <run_address>0xdc47</run_address>
         <size>0x11e</size>
         <input_file_ref idref="fl-b"/>
      </object_component>
      <object_component id="oc-2c">
         <name>.debug_info</name>
         <load_address>0xdd65</load_address>
         <run_address>0xdd65</run_address>
         <size>0x39f9</size>
         <input_file_ref idref="fl-b"/>
      </object_component>
      <object_component id="oc-205">
         <name>.debug_info</name>
         <load_address>0x1175e</load_address>
         <run_address>0x1175e</run_address>
         <size>0x3f5</size>
         <input_file_ref idref="fl-c5"/>
      </object_component>
      <object_component id="oc-1fc">
         <name>.debug_info</name>
         <load_address>0x11b53</load_address>
         <run_address>0x11b53</run_address>
         <size>0x20e</size>
         <input_file_ref idref="fl-c5"/>
      </object_component>
      <object_component id="oc-21d">
         <name>.debug_info</name>
         <load_address>0x11d61</load_address>
         <run_address>0x11d61</run_address>
         <size>0x176</size>
         <input_file_ref idref="fl-c5"/>
      </object_component>
      <object_component id="oc-15f">
         <name>.debug_info</name>
         <load_address>0x11ed7</load_address>
         <run_address>0x11ed7</run_address>
         <size>0x1e4</size>
         <input_file_ref idref="fl-c5"/>
      </object_component>
      <object_component id="oc-159">
         <name>.debug_info</name>
         <load_address>0x120bb</load_address>
         <run_address>0x120bb</run_address>
         <size>0x1cd</size>
         <input_file_ref idref="fl-c5"/>
      </object_component>
      <object_component id="oc-c0">
         <name>.debug_info</name>
         <load_address>0x12288</load_address>
         <run_address>0x12288</run_address>
         <size>0x2c</size>
         <input_file_ref idref="fl-c5"/>
      </object_component>
      <object_component id="oc-2d0">
         <name>.debug_info</name>
         <load_address>0x122b4</load_address>
         <run_address>0x122b4</run_address>
         <size>0xb2</size>
         <input_file_ref idref="fl-c5"/>
      </object_component>
      <object_component id="oc-220">
         <name>.debug_info</name>
         <load_address>0x12366</load_address>
         <run_address>0x12366</run_address>
         <size>0x374</size>
         <input_file_ref idref="fl-c6"/>
      </object_component>
      <object_component id="oc-164">
         <name>.debug_info</name>
         <load_address>0x126da</load_address>
         <run_address>0x126da</run_address>
         <size>0x20b</size>
         <input_file_ref idref="fl-c6"/>
      </object_component>
      <object_component id="oc-221">
         <name>.debug_info</name>
         <load_address>0x128e5</load_address>
         <run_address>0x128e5</run_address>
         <size>0xbf</size>
         <input_file_ref idref="fl-c6"/>
      </object_component>
      <object_component id="oc-a2">
         <name>.debug_info</name>
         <load_address>0x129a4</load_address>
         <run_address>0x129a4</run_address>
         <size>0x147</size>
         <input_file_ref idref="fl-c7"/>
      </object_component>
      <object_component id="oc-9f">
         <name>.debug_info</name>
         <load_address>0x12aeb</load_address>
         <run_address>0x12aeb</run_address>
         <size>0x2d4</size>
         <input_file_ref idref="fl-c8"/>
      </object_component>
      <object_component id="oc-59">
         <name>.debug_info</name>
         <load_address>0x12dbf</load_address>
         <run_address>0x12dbf</run_address>
         <size>0x1b5</size>
         <input_file_ref idref="fl-c8"/>
      </object_component>
      <object_component id="oc-9a">
         <name>.debug_info</name>
         <load_address>0x12f74</load_address>
         <run_address>0x12f74</run_address>
         <size>0x46</size>
         <input_file_ref idref="fl-c8"/>
      </object_component>
      <object_component id="oc-da">
         <name>.debug_info</name>
         <load_address>0x12fba</load_address>
         <run_address>0x12fba</run_address>
         <size>0x2c</size>
         <input_file_ref idref="fl-c8"/>
      </object_component>
      <object_component id="oc-4f">
         <name>.debug_info</name>
         <load_address>0x12fe6</load_address>
         <run_address>0x12fe6</run_address>
         <size>0x2a8</size>
         <input_file_ref idref="fl-c9"/>
      </object_component>
      <object_component id="oc-1e">
         <name>.debug_info</name>
         <load_address>0x1328e</load_address>
         <run_address>0x1328e</run_address>
         <size>0x1ea</size>
         <input_file_ref idref="fl-c9"/>
      </object_component>
      <object_component id="oc-4a">
         <name>.debug_info</name>
         <load_address>0x13478</load_address>
         <run_address>0x13478</run_address>
         <size>0x46</size>
         <input_file_ref idref="fl-c9"/>
      </object_component>
      <object_component id="oc-92">
         <name>.debug_info</name>
         <load_address>0x134be</load_address>
         <run_address>0x134be</run_address>
         <size>0x2c</size>
         <input_file_ref idref="fl-c9"/>
      </object_component>
      <object_component id="oc-90">
         <name>.debug_info</name>
         <load_address>0x134ea</load_address>
         <run_address>0x134ea</run_address>
         <size>0x29e</size>
         <input_file_ref idref="fl-ca"/>
      </object_component>
      <object_component id="oc-18">
         <name>.debug_info</name>
         <load_address>0x13788</load_address>
         <run_address>0x13788</run_address>
         <size>0x250</size>
         <input_file_ref idref="fl-ca"/>
      </object_component>
      <object_component id="oc-3a">
         <name>.debug_info</name>
         <load_address>0x139d8</load_address>
         <run_address>0x139d8</run_address>
         <size>0x60</size>
         <input_file_ref idref="fl-ca"/>
      </object_component>
      <object_component id="oc-d3">
         <name>.debug_info</name>
         <load_address>0x13a38</load_address>
         <run_address>0x13a38</run_address>
         <size>0x46</size>
         <input_file_ref idref="fl-ca"/>
      </object_component>
      <object_component id="oc-8b">
         <name>.debug_info</name>
         <load_address>0x13a7e</load_address>
         <run_address>0x13a7e</run_address>
         <size>0x39</size>
         <input_file_ref idref="fl-ca"/>
      </object_component>
      <object_component id="oc-1d0">
         <name>.debug_info</name>
         <load_address>0x13ab7</load_address>
         <run_address>0x13ab7</run_address>
         <size>0x3ad</size>
         <input_file_ref idref="fl-cb"/>
      </object_component>
      <object_component id="oc-1ca">
         <name>.debug_info</name>
         <load_address>0x13e64</load_address>
         <run_address>0x13e64</run_address>
         <size>0x190</size>
         <input_file_ref idref="fl-cb"/>
      </object_component>
      <object_component id="oc-114">
         <name>.debug_info</name>
         <load_address>0x13ff4</load_address>
         <run_address>0x13ff4</run_address>
         <size>0x122</size>
         <input_file_ref idref="fl-cb"/>
      </object_component>
      <object_component id="oc-11a">
         <name>.debug_info</name>
         <load_address>0x14116</load_address>
         <run_address>0x14116</run_address>
         <size>0x184</size>
         <input_file_ref idref="fl-cb"/>
      </object_component>
      <object_component id="oc-26b">
         <name>.debug_info</name>
         <load_address>0x1429a</load_address>
         <run_address>0x1429a</run_address>
         <size>0x2c9</size>
         <input_file_ref idref="fl-cc"/>
      </object_component>
      <object_component id="oc-1cd">
         <name>.debug_info</name>
         <load_address>0x14563</load_address>
         <run_address>0x14563</run_address>
         <size>0x11e</size>
         <input_file_ref idref="fl-cc"/>
      </object_component>
      <object_component id="oc-267">
         <name>.debug_info</name>
         <load_address>0x14681</load_address>
         <run_address>0x14681</run_address>
         <size>0x12e</size>
         <input_file_ref idref="fl-cc"/>
      </object_component>
      <object_component id="oc-228">
         <name>.debug_info</name>
         <load_address>0x147af</load_address>
         <run_address>0x147af</run_address>
         <size>0x144</size>
         <input_file_ref idref="fl-cd"/>
      </object_component>
      <object_component id="oc-16a">
         <name>.debug_info</name>
         <load_address>0x148f3</load_address>
         <run_address>0x148f3</run_address>
         <size>0x102</size>
         <input_file_ref idref="fl-cd"/>
      </object_component>
      <object_component id="oc-202">
         <name>.debug_info</name>
         <load_address>0x149f5</load_address>
         <run_address>0x149f5</run_address>
         <size>0x18f</size>
         <input_file_ref idref="fl-cd"/>
      </object_component>
      <object_component id="oc-76">
         <name>.debug_info</name>
         <load_address>0x14b84</load_address>
         <run_address>0x14b84</run_address>
         <size>0x3b2</size>
         <input_file_ref idref="fl-ce"/>
      </object_component>
      <object_component id="oc-25">
         <name>.debug_info</name>
         <load_address>0x14f36</load_address>
         <run_address>0x14f36</run_address>
         <size>0x10c</size>
         <input_file_ref idref="fl-ce"/>
      </object_component>
      <object_component id="oc-364">
         <name>.debug_info</name>
         <load_address>0x15042</load_address>
         <run_address>0x15042</run_address>
         <size>0x13f</size>
         <input_file_ref idref="fl-ce"/>
      </object_component>
      <object_component id="oc-216">
         <name>.debug_info</name>
         <load_address>0x15181</load_address>
         <run_address>0x15181</run_address>
         <size>0x168</size>
         <input_file_ref idref="fl-ce"/>
      </object_component>
      <object_component id="oc-2ee">
         <name>.debug_info</name>
         <load_address>0x152e9</load_address>
         <run_address>0x152e9</run_address>
         <size>0x18e</size>
         <input_file_ref idref="fl-ce"/>
      </object_component>
      <object_component id="oc-2f4">
         <name>.debug_info</name>
         <load_address>0x15477</load_address>
         <run_address>0x15477</run_address>
         <size>0x19f</size>
         <input_file_ref idref="fl-ce"/>
      </object_component>
      <object_component id="oc-210">
         <name>.debug_info</name>
         <load_address>0x15616</load_address>
         <run_address>0x15616</run_address>
         <size>0x203</size>
         <input_file_ref idref="fl-ce"/>
      </object_component>
      <object_component id="oc-36c">
         <name>.debug_info</name>
         <load_address>0x15819</load_address>
         <run_address>0x15819</run_address>
         <size>0x1db</size>
         <input_file_ref idref="fl-ce"/>
      </object_component>
      <object_component id="oc-2fb">
         <name>.debug_info</name>
         <load_address>0x159f4</load_address>
         <run_address>0x159f4</run_address>
         <size>0x299</size>
         <input_file_ref idref="fl-ce"/>
      </object_component>
      <object_component id="oc-c5">
         <name>.debug_info</name>
         <load_address>0x15c8d</load_address>
         <run_address>0x15c8d</run_address>
         <size>0xb2</size>
         <input_file_ref idref="fl-ce"/>
      </object_component>
      <object_component id="oc-28">
         <name>.debug_info</name>
         <load_address>0x15d3f</load_address>
         <run_address>0x15d3f</run_address>
         <size>0x10b</size>
         <input_file_ref idref="fl-cf"/>
      </object_component>
      <object_component id="oc-64">
         <name>.debug_info</name>
         <load_address>0x15e4a</load_address>
         <run_address>0x15e4a</run_address>
         <size>0x1a9</size>
         <input_file_ref idref="fl-cf"/>
      </object_component>
      <object_component id="oc-354">
         <name>.debug_info</name>
         <load_address>0x15ff3</load_address>
         <run_address>0x15ff3</run_address>
         <size>0x402</size>
         <input_file_ref idref="fl-d0"/>
      </object_component>
      <object_component id="oc-2c9">
         <name>.debug_info</name>
         <load_address>0x163f5</load_address>
         <run_address>0x163f5</run_address>
         <size>0x245</size>
         <input_file_ref idref="fl-d0"/>
      </object_component>
      <object_component id="oc-344">
         <name>.debug_info</name>
         <load_address>0x1663a</load_address>
         <run_address>0x1663a</run_address>
         <size>0x120</size>
         <input_file_ref idref="fl-d0"/>
      </object_component>
      <object_component id="oc-1f9">
         <name>.debug_info</name>
         <load_address>0x1675a</load_address>
         <run_address>0x1675a</run_address>
         <size>0x445</size>
         <input_file_ref idref="fl-d1"/>
      </object_component>
      <object_component id="oc-152">
         <name>.debug_info</name>
         <load_address>0x16b9f</load_address>
         <run_address>0x16b9f</run_address>
         <size>0x2db</size>
         <input_file_ref idref="fl-d1"/>
      </object_component>
      <object_component id="oc-2c0">
         <name>.debug_info</name>
         <load_address>0x16e7a</load_address>
         <run_address>0x16e7a</run_address>
         <size>0xea</size>
         <input_file_ref idref="fl-d1"/>
      </object_component>
      <object_component id="oc-2bb">
         <name>.debug_info</name>
         <load_address>0x16f64</load_address>
         <run_address>0x16f64</run_address>
         <size>0x2c</size>
         <input_file_ref idref="fl-d1"/>
      </object_component>
      <object_component id="oc-2e9">
         <name>.debug_info</name>
         <load_address>0x16f90</load_address>
         <run_address>0x16f90</run_address>
         <size>0x3a5</size>
         <input_file_ref idref="fl-d2"/>
      </object_component>
      <object_component id="oc-208">
         <name>.debug_info</name>
         <load_address>0x17335</load_address>
         <run_address>0x17335</run_address>
         <size>0x1f3</size>
         <input_file_ref idref="fl-d2"/>
      </object_component>
      <object_component id="oc-35c">
         <name>.debug_info</name>
         <load_address>0x17528</load_address>
         <run_address>0x17528</run_address>
         <size>0x347</size>
         <input_file_ref idref="fl-d3"/>
      </object_component>
      <object_component id="oc-2d8">
         <name>.debug_info</name>
         <load_address>0x1786f</load_address>
         <run_address>0x1786f</run_address>
         <size>0x18a</size>
         <input_file_ref idref="fl-d3"/>
      </object_component>
      <object_component id="oc-289">
         <name>.debug_info</name>
         <load_address>0x179f9</load_address>
         <run_address>0x179f9</run_address>
         <size>0x42c</size>
         <input_file_ref idref="fl-d4"/>
      </object_component>
      <object_component id="oc-1e9">
         <name>.debug_info</name>
         <load_address>0x17e25</load_address>
         <run_address>0x17e25</run_address>
         <size>0x192</size>
         <input_file_ref idref="fl-d4"/>
      </object_component>
      <object_component id="oc-34a">
         <name>.debug_info</name>
         <load_address>0x17fb7</load_address>
         <run_address>0x17fb7</run_address>
         <size>0x1eb</size>
         <input_file_ref idref="fl-d4"/>
      </object_component>
      <object_component id="oc-45">
         <name>.debug_info</name>
         <load_address>0x181a2</load_address>
         <run_address>0x181a2</run_address>
         <size>0x119</size>
         <input_file_ref idref="fl-d5"/>
      </object_component>
      <object_component id="oc-1d3">
         <name>.debug_info</name>
         <load_address>0x182bb</load_address>
         <run_address>0x182bb</run_address>
         <size>0x4b3</size>
         <input_file_ref idref="fl-d6"/>
      </object_component>
      <object_component id="oc-121">
         <name>.debug_info</name>
         <load_address>0x1876e</load_address>
         <run_address>0x1876e</run_address>
         <size>0x1a6</size>
         <input_file_ref idref="fl-d6"/>
      </object_component>
      <object_component id="oc-271">
         <name>.debug_info</name>
         <load_address>0x18914</load_address>
         <run_address>0x18914</run_address>
         <size>0x39</size>
         <input_file_ref idref="fl-d6"/>
      </object_component>
      <object_component id="oc-308">
         <name>.debug_info</name>
         <load_address>0x1894d</load_address>
         <run_address>0x1894d</run_address>
         <size>0x39</size>
         <input_file_ref idref="fl-d6"/>
      </object_component>
      <object_component id="oc-276">
         <name>.debug_info</name>
         <load_address>0x18986</load_address>
         <run_address>0x18986</run_address>
         <size>0x39</size>
         <input_file_ref idref="fl-d6"/>
      </object_component>
      <object_component id="oc-27b">
         <name>.debug_info</name>
         <load_address>0x189bf</load_address>
         <run_address>0x189bf</run_address>
         <size>0xcd</size>
         <input_file_ref idref="fl-d6"/>
      </object_component>
      <object_component id="oc-a8">
         <name>.debug_info</name>
         <load_address>0x18a8c</load_address>
         <run_address>0x18a8c</run_address>
         <size>0x153</size>
         <input_file_ref idref="fl-d7"/>
      </object_component>
      <object_component id="oc-3a8">
         <name>.debug_info</name>
         <load_address>0x18bdf</load_address>
         <run_address>0x18bdf</run_address>
         <size>0x29a</size>
         <input_file_ref idref="fl-da"/>
      </object_component>
      <object_component id="oc-38c">
         <name>.debug_info</name>
         <load_address>0x18e79</load_address>
         <run_address>0x18e79</run_address>
         <size>0x262</size>
         <input_file_ref idref="fl-da"/>
      </object_component>
      <object_component id="oc-315">
         <name>.debug_info</name>
         <load_address>0x190db</load_address>
         <run_address>0x190db</run_address>
         <size>0x28a</size>
         <input_file_ref idref="fl-db"/>
      </object_component>
      <object_component id="oc-284">
         <name>.debug_info</name>
         <load_address>0x19365</load_address>
         <run_address>0x19365</run_address>
         <size>0x273</size>
         <input_file_ref idref="fl-db"/>
      </object_component>
      <object_component id="oc-28b">
         <name>.debug_info</name>
         <load_address>0x195d8</load_address>
         <run_address>0x195d8</run_address>
         <size>0x2af</size>
         <input_file_ref idref="fl-dc"/>
      </object_component>
      <object_component id="oc-1f2">
         <name>.debug_info</name>
         <load_address>0x19887</load_address>
         <run_address>0x19887</run_address>
         <size>0x277</size>
         <input_file_ref idref="fl-dc"/>
      </object_component>
      <object_component id="oc-395">
         <name>.debug_info</name>
         <load_address>0x19afe</load_address>
         <run_address>0x19afe</run_address>
         <size>0x397</size>
         <input_file_ref idref="fl-dd"/>
      </object_component>
      <object_component id="oc-359">
         <name>.debug_info</name>
         <load_address>0x19e95</load_address>
         <run_address>0x19e95</run_address>
         <size>0x18f</size>
         <input_file_ref idref="fl-dd"/>
      </object_component>
      <object_component id="oc-2b8">
         <name>.debug_info</name>
         <load_address>0x1a024</load_address>
         <run_address>0x1a024</run_address>
         <size>0x337</size>
         <input_file_ref idref="fl-de"/>
      </object_component>
      <object_component id="oc-1f6">
         <name>.debug_info</name>
         <load_address>0x1a35b</load_address>
         <run_address>0x1a35b</run_address>
         <size>0x109</size>
         <input_file_ref idref="fl-de"/>
      </object_component>
      <object_component id="oc-351">
         <name>.debug_info</name>
         <load_address>0x1a464</load_address>
         <run_address>0x1a464</run_address>
         <size>0x109</size>
         <input_file_ref idref="fl-de"/>
      </object_component>
      <object_component id="oc-35e">
         <name>.debug_info</name>
         <load_address>0x1a56d</load_address>
         <run_address>0x1a56d</run_address>
         <size>0x3cf</size>
         <input_file_ref idref="fl-e0"/>
      </object_component>
      <object_component id="oc-2df">
         <name>.debug_info</name>
         <load_address>0x1a93c</load_address>
         <run_address>0x1a93c</run_address>
         <size>0x195</size>
         <input_file_ref idref="fl-e0"/>
      </object_component>
      <object_component id="oc-360">
         <name>.debug_info</name>
         <load_address>0x1aad1</load_address>
         <run_address>0x1aad1</run_address>
         <size>0x3d1</size>
         <input_file_ref idref="fl-e1"/>
      </object_component>
      <object_component id="oc-2e4">
         <name>.debug_info</name>
         <load_address>0x1aea2</load_address>
         <run_address>0x1aea2</run_address>
         <size>0x1a5</size>
         <input_file_ref idref="fl-e1"/>
      </object_component>
      <object_component id="oc-331">
         <name>.debug_info</name>
         <load_address>0x1b047</load_address>
         <run_address>0x1b047</run_address>
         <size>0x373</size>
         <input_file_ref idref="fl-e2"/>
      </object_component>
      <object_component id="oc-293">
         <name>.debug_info</name>
         <load_address>0x1b3ba</load_address>
         <run_address>0x1b3ba</run_address>
         <size>0x1bc</size>
         <input_file_ref idref="fl-e2"/>
      </object_component>
      <object_component id="oc-337">
         <name>.debug_info</name>
         <load_address>0x1b576</load_address>
         <run_address>0x1b576</run_address>
         <size>0x378</size>
         <input_file_ref idref="fl-e3"/>
      </object_component>
      <object_component id="oc-2a7">
         <name>.debug_info</name>
         <load_address>0x1b8ee</load_address>
         <run_address>0x1b8ee</run_address>
         <size>0x210</size>
         <input_file_ref idref="fl-e3"/>
      </object_component>
      <object_component id="oc-32d">
         <name>.debug_info</name>
         <load_address>0x1bafe</load_address>
         <run_address>0x1bafe</run_address>
         <size>0x3a3</size>
         <input_file_ref idref="fl-e4"/>
      </object_component>
      <object_component id="oc-28e">
         <name>.debug_info</name>
         <load_address>0x1bea1</load_address>
         <run_address>0x1bea1</run_address>
         <size>0x20c</size>
         <input_file_ref idref="fl-e4"/>
      </object_component>
      <object_component id="oc-333">
         <name>.debug_info</name>
         <load_address>0x1c0ad</load_address>
         <run_address>0x1c0ad</run_address>
         <size>0x377</size>
         <input_file_ref idref="fl-e5"/>
      </object_component>
      <object_component id="oc-299">
         <name>.debug_info</name>
         <load_address>0x1c424</load_address>
         <run_address>0x1c424</run_address>
         <size>0x1fb</size>
         <input_file_ref idref="fl-e5"/>
      </object_component>
      <object_component id="oc-341">
         <name>.debug_info</name>
         <load_address>0x1c61f</load_address>
         <run_address>0x1c61f</run_address>
         <size>0x3d5</size>
         <input_file_ref idref="fl-e6"/>
      </object_component>
      <object_component id="oc-2b3">
         <name>.debug_info</name>
         <load_address>0x1c9f4</load_address>
         <run_address>0x1c9f4</run_address>
         <size>0x236</size>
         <input_file_ref idref="fl-e6"/>
      </object_component>
      <object_component id="oc-339">
         <name>.debug_info</name>
         <load_address>0x1cc2a</load_address>
         <run_address>0x1cc2a</run_address>
         <size>0x396</size>
         <input_file_ref idref="fl-e7"/>
      </object_component>
      <object_component id="oc-2ab">
         <name>.debug_info</name>
         <load_address>0x1cfc0</load_address>
         <run_address>0x1cfc0</run_address>
         <size>0x1c6</size>
         <input_file_ref idref="fl-e7"/>
      </object_component>
      <object_component id="oc-335">
         <name>.debug_info</name>
         <load_address>0x1d186</load_address>
         <run_address>0x1d186</run_address>
         <size>0x378</size>
         <input_file_ref idref="fl-e8"/>
      </object_component>
      <object_component id="oc-29f">
         <name>.debug_info</name>
         <load_address>0x1d4fe</load_address>
         <run_address>0x1d4fe</run_address>
         <size>0x200</size>
         <input_file_ref idref="fl-e8"/>
      </object_component>
      <object_component id="oc-377">
         <name>.debug_info</name>
         <load_address>0x1d6fe</load_address>
         <run_address>0x1d6fe</run_address>
         <size>0x2bb</size>
         <input_file_ref idref="fl-e9"/>
      </object_component>
      <object_component id="oc-374">
         <name>.debug_info</name>
         <load_address>0x1d9b9</load_address>
         <run_address>0x1d9b9</run_address>
         <size>0x108</size>
         <input_file_ref idref="fl-e9"/>
      </object_component>
      <object_component id="oc-321">
         <name>.debug_info</name>
         <load_address>0x1dac1</load_address>
         <run_address>0x1dac1</run_address>
         <size>0x1df</size>
         <input_file_ref idref="fl-e9"/>
      </object_component>
      <object_component id="oc-328">
         <name>.debug_info</name>
[...]
      </symbol>
      <symbol id="sm-54b">
         <name>SysCtl_Handler</name>
         <value>0x2cf1</value>
         <object_component_ref idref="oc-2a"/>
      </symbol>
      <symbol id="sm-54c">
         <name>GPIOPortB_Handler</name>
         <value>0x2cbb</value>
         <object_component_ref idref="oc-2a"/>
      </symbol>
      <symbol id="sm-54d">
         <name>uDMA_Handler</name>
         <value>0x2d15</value>
         <object_component_ref idref="oc-2a"/>
      </symbol>
      <symbol id="sm-54e">
         <name>ADC0Seq1_Handler</name>
         <value>0x2cd7</value>
         <object_component_ref idref="oc-2a"/>
      </symbol>
      <symbol id="sm-54f">
         <name>UART0_Handler</name>
         <value>0x2cc3</value>
         <object_component_ref idref="oc-2a"/>
      </symbol>
      <symbol id="sm-550">
         <name>GPIOPortP7_Handler</name>
         <value>0x2d7d</value>
         <object_component_ref idref="oc-2a"/>
      </symbol>
      <symbol id="sm-551">
         <name>PWM1Fault_Handler</name>
         <value>0x2d9b</value>
         <object_component_ref idref="oc-2a"/>
      </symbol>
      <symbol id="sm-552">
         <name>I2C1_Handler</name>
         <value>0x2d03</value>
         <object_component_ref idref="oc-2a"/>
      </symbol>
      <symbol id="sm-553">
         <name>SSI3_Handler</name>
         <value>0x2d2d</value>
         <object_component_ref idref="oc-2a"/>
      </symbol>
      <symbol id="sm-554">
         <name>GPIOPortM_Handler</name>
         <value>0x2d67</value>
         <object_component_ref idref="oc-2a"/>
      </symbol>
      <symbol id="sm-555">
         <name>g_pfnVectors</name>
         <value>0x0</value>
         <object_component_ref idref="oc-12"/>
      </symbol>
      <symbol id="sm-556">
         <name>GPIOPortD_Handler</name>
         <value>0x2cbf</value>
         <object_component_ref idref="oc-2a"/>
      </symbol>
      <symbol id="sm-557">
         <name>GPIOPortQ2_Handler</name>
         <value>0x2d83</value>
         <object_component_ref idref="oc-2a"/>
      </symbol>
      <symbol id="sm-558">
         <name>UART2_Handler</name>
         <value>0x2cfb</value>
         <object_component_ref idref="oc-2a"/>
      </symbol>
      <symbol id="sm-559">
         <name>CAN1_Handler</name>
         <value>0x2d09</value>
         <object_component_ref idref="oc-2a"/>
      </symbol>
      <symbol id="sm-55a">
         <name>Quadrature0_Handler</name>
         <value>0x2cd3</value>
         <object_component_ref idref="oc-2a"/>
      </symbol>
      <symbol id="sm-55b">
         <name>WideTimer2B_Handler</name>
         <value>0x2d4f</value>
         <object_component_ref idref="oc-2a"/>
      </symbol>
      <symbol id="sm-55c">
         <name>WideTimer0B_Handler</name>
         <value>0x2d47</value>
         <object_component_ref idref="oc-2a"/>
      </symbol>
      <symbol id="sm-55d">
         <name>WideTimer4B_Handler</name>
         <value>0x2d57</value>
         <object_component_ref idref="oc-2a"/>
      </symbol>
      <symbol id="sm-55e">
         <name>GPIOPortQ_Handler</name>
         <value>0x2d7f</value>
         <object_component_ref idref="oc-2a"/>
      </symbol>
      <symbol id="sm-55f">
         <name>DisableInterrupts</name>
         <value>0x2d9d</value>
         <object_component_ref idref="oc-2a"/>
      </symbol>
      <symbol id="sm-560">
         <name>Comp0_Handler</name>
         <value>0x2ceb</value>
         <object_component_ref idref="oc-2a"/>
      </symbol>
      <symbol id="sm-561">
         <name>PWM0Generator2_Handler</name>
         <value>0x2cd1</value>
         <object_component_ref idref="oc-2a"/>
      </symbol>
      <symbol id="sm-562">
         <name>I2C3_Handler</name>
         <value>0x2d3b</value>
         <object_component_ref idref="oc-2a"/>
      </symbol>
      <symbol id="sm-563">
         <name>Ethernet_Handler</name>
         <value>0x2d0d</value>
         <object_component_ref idref="oc-2a"/>
      </symbol>
      <symbol id="sm-564">
         <name>PWM1Generator3_Handler</name>
         <value>0x2d99</value>
         <object_component_ref idref="oc-2a"/>
      </symbol>
      <symbol id="sm-565">
         <name>I2C4_Handler</name>
         <value>0x2d63</value>
         <object_component_ref idref="oc-2a"/>
      </symbol>
      <symbol id="sm-566">
         <name>Fan0_Handler</name>
         <value>0x2d6d</value>
         <object_component_ref idref="oc-2a"/>
      </symbol>
      <symbol id="sm-567">
         <name>WaitForInterrupt</name>
         <value>0x2db3</value>
         <object_component_ref idref="oc-2a"/>
      </symbol>
      <symbol id="sm-568">
         <name>ADC1Seq3_Handler</name>
         <value>0x2d1f</value>
         <object_component_ref idref="oc-2a"/>
      </symbol>
      <symbol id="sm-569">
         <name>GPIOPortF_Handler</name>
         <value>0x2cf5</value>
         <object_component_ref idref="oc-2a"/>
      </symbol>
      <symbol id="sm-56a">
         <name>GPIOPortQ4_Handler</name>
         <value>0x2d87</value>
         <object_component_ref idref="oc-2a"/>
      </symbol>
      <symbol id="sm-56b">
         <name>EnableInterrupts</name>
         <value>0x2da1</value>
         <object_component_ref idref="oc-2a"/>
      </symbol>
      <symbol id="sm-56c">
         <name>GPIOPortA_Handler</name>
         <value>0x2cb9</value>
         <object_component_ref idref="oc-2a"/>
      </symbol>
      <symbol id="sm-56d">
         <name>UART4_Handler</name>
         <value>0x2d31</value>
         <object_component_ref idref="oc-2a"/>
      </symbol>
      <symbol id="sm-56e">
         <name>Quadrature2_Handler</name>
         <value>0x2d6b</value>
         <object_component_ref idref="oc-2a"/>
      </symbol>
      <symbol id="sm-56f">
         <name>GPIOPortP2_Handler</name>
         <value>0x2d73</value>
         <object_component_ref idref="oc-2a"/>
      </symbol>
      <symbol id="sm-570">
         <name>GPIOPortS_Handler</name>
         <value>0x2d91</value>
         <object_component_ref idref="oc-2a"/>
      </symbol>
      <symbol id="sm-571">
         <name>Comp2_Handler</name>
         <value>0x2cef</value>
         <object_component_ref idref="oc-2a"/>
      </symbol>
      <symbol id="sm-572">
         <name>DebugMon_Handler</name>
         <value>0x2cb3</value>
         <object_component_ref idref="oc-2a"/>
      </symbol>
      <symbol id="sm-573">
         <name>PWM0Generator0_Handler</name>
         <value>0x2ccd</value>
         <object_component_ref idref="oc-2a"/>
      </symbol>
      <symbol id="sm-574">
         <name>PWM1Generator1_Handler</name>
         <value>0x2d95</value>
         <object_component_ref idref="oc-2a"/>
      </symbol>
      <symbol id="sm-575">
         <name>SSI0_Handler</name>
         <value>0x2cc7</value>
         <object_component_ref idref="oc-2a"/>
      </symbol>
      <symbol id="sm-576">
         <name>ADC1Seq1_Handler</name>
         <value>0x2d1b</value>
         <object_component_ref idref="oc-2a"/>
      </symbol>
      <symbol id="sm-577">
         <name>GPIOPortH_Handler</name>
         <value>0x2cf9</value>
         <object_component_ref idref="oc-2a"/>
      </symbol>
      <symbol id="sm-578">
         <name>GPIOPortQ6_Handler</name>
         <value>0x2d8b</value>
         <object_component_ref idref="oc-2a"/>
      </symbol>
      <symbol id="sm-579">
         <name>GPIOPortC_Handler</name>
         <value>0x2cbd</value>
         <object_component_ref idref="oc-2a"/>
      </symbol>
      <symbol id="sm-57a">
         <name>GPIOPortQ1_Handler</name>
         <value>0x2d81</value>
         <object_component_ref idref="oc-2a"/>
      </symbol>
      <symbol id="sm-57b">
         <name>UART6_Handler</name>
         <value>0x2d35</value>
         <object_component_ref idref="oc-2a"/>
      </symbol>
      <symbol id="sm-57c">
         <name>ADC0Seq2_Handler</name>
         <value>0x2cd9</value>
         <object_component_ref idref="oc-2a"/>
      </symbol>
      <symbol id="sm-5d8">
         <name>__TI_cleanup</name>
         <value>0x3bcd</value>
         <object_component_ref idref="oc-219"/>
      </symbol>
      <symbol id="sm-5d9">
         <name>freopen</name>
         <value>0x3c69</value>
         <object_component_ref idref="oc-15d"/>
      </symbol>
      <symbol id="sm-5da">
         <name>fopen</name>
         <value>0x33b9</value>
         <object_component_ref idref="oc-157"/>
      </symbol>
      <symbol id="sm-5fb">
         <name>setvbuf</name>
         <value>0x30ad</value>
         <object_component_ref idref="oc-163"/>
      </symbol>
      <symbol id="sm-60a">
         <name>__aeabi_memset</name>
         <value>0x357b</value>
         <object_component_ref idref="oc-a0"/>
      </symbol>
      <symbol id="sm-60b">
         <name>memset</name>
         <value>0x3581</value>
         <object_component_ref idref="oc-a0"/>
      </symbol>
      <symbol id="sm-60c">
         <name>__aeabi_memset8</name>
         <value>0x357b</value>
         <object_component_ref idref="oc-a0"/>
      </symbol>
      <symbol id="sm-60d">
         <name>__aeabi_memset4</name>
         <value>0x357b</value>
         <object_component_ref idref="oc-a0"/>
      </symbol>
      <symbol id="sm-60e">
         <name>__aeabi_memclr8</name>
         <value>0x3579</value>
         <object_component_ref idref="oc-a0"/>
      </symbol>
      <symbol id="sm-60f">
         <name>__aeabi_memclr4</name>
         <value>0x3579</value>
         <object_component_ref idref="oc-a0"/>
      </symbol>
      <symbol id="sm-610">
         <name>__aeabi_memclr</name>
         <value>0x3579</value>
         <object_component_ref idref="oc-a0"/>
      </symbol>
      <symbol id="sm-627">
         <name>__TI_zero_init</name>
         <value>0x3dc9</value>
         <object_component_ref idref="oc-56"/>
      </symbol>
      <symbol id="sm-63e">
         <name>__TI_decompress_none</name>
         <value>0x3dbb</value>
         <object_component_ref idref="oc-1b"/>
      </symbol>
      <symbol id="sm-661">
         <name>__TI_decompress_lzss</name>
         <value>0x37ad</value>
         <object_component_ref idref="oc-15"/>
      </symbol>
      <symbol id="sm-687">
         <name>C$$EXIT</name>
         <value>0x3de1</value>
         <object_component_ref idref="oc-111"/>
      </symbol>
      <symbol id="sm-688">
         <name>abort</name>
         <value>0x3de1</value>
         <object_component_ref idref="oc-111"/>
      </symbol>
      <symbol id="sm-689">
         <name>__TI_dtors_ptr</name>
         <value>0x200029e4</value>
         <object_component_ref idref="oc-1c9"/>
      </symbol>
      <symbol id="sm-68a">
         <name>__TI_cleanup_ptr</name>
         <value>0x200029e0</value>
         <object_component_ref idref="oc-1c9"/>
      </symbol>
      <symbol id="sm-68b">
         <name>__TI_enable_exit_profile_output</name>
         <value>0x200029e8</value>
         <object_component_ref idref="oc-1c9"/>
      </symbol>
      <symbol id="sm-68c">
         <name>exit</name>
         <value>0x39cd</value>
         <object_component_ref idref="oc-117"/>
      </symbol>
      <symbol id="sm-6a1">
         <name>_nop</name>
         <value>0x2db7</value>
         <object_component_ref idref="oc-263"/>
      </symbol>
      <symbol id="sm-6a2">
         <name>_lock</name>
         <value>0x200029ec</value>
         <object_component_ref idref="oc-1cc"/>
      </symbol>
      <symbol id="sm-6a3">
         <name>_unlock</name>
         <value>0x200029f0</value>
         <object_component_ref idref="oc-1cc"/>
      </symbol>
      <symbol id="sm-6b8">
         <name>__TI_tmpnams</name>
         <value>0x20002528</value>
      </symbol>
      <symbol id="sm-6b9">
         <name>__aeabi_stdout</name>
         <value>0x200029d8</value>
         <object_component_ref idref="oc-201"/>
      </symbol>
      <symbol id="sm-6ba">
         <name>__aeabi_stderr</name>
         <value>0x200029dc</value>
         <object_component_ref idref="oc-201"/>
      </symbol>
      <symbol id="sm-6bb">
         <name>__aeabi_stdin</name>
         <value>0x200029d4</value>
         <object_component_ref idref="oc-201"/>
      </symbol>
      <symbol id="sm-6bc">
         <name>_ftable</name>
         <value>0x20002818</value>
         <object_component_ref idref="oc-169"/>
      </symbol>
      <symbol id="sm-6bd">
         <name>__TI_ft_end</name>
         <value>0x200029d0</value>
         <object_component_ref idref="oc-201"/>
      </symbol>
      <symbol id="sm-741">
         <name>_sys_memory</name>
         <value>0x20002a10</value>
         <object_component_ref idref="oc-24"/>
      </symbol>
      <symbol id="sm-742">
         <name>free</name>
         <value>0x2fc9</value>
         <object_component_ref idref="oc-20d"/>
      </symbol>
      <symbol id="sm-743">
         <name>memalign</name>
         <value>0x2ec9</value>
         <object_component_ref idref="oc-2f7"/>
      </symbol>
      <symbol id="sm-744">
         <name>malloc</name>
         <value>0x3dd5</value>
         <object_component_ref idref="oc-213"/>
      </symbol>
      <symbol id="sm-745">
         <name>aligned_alloc</name>
         <value>0x2ec9</value>
         <object_component_ref idref="oc-2f7"/>
      </symbol>
      <symbol id="sm-758">
         <name>__stack</name>
         <value>0x20002618</value>
         <object_component_ref idref="oc-27"/>
      </symbol>
      <symbol id="sm-759">
         <name>_c_int00_noargs</name>
         <value>0x3c35</value>
         <object_component_ref idref="oc-62"/>
      </symbol>
      <symbol id="sm-77b">
         <name>open</name>
         <value>0x3245</value>
         <object_component_ref idref="oc-2c5"/>
      </symbol>
      <symbol id="sm-7a0">
         <name>add_device</name>
         <value>0x3301</value>
         <object_component_ref idref="oc-151"/>
      </symbol>
      <symbol id="sm-7b5">
         <name>__TI_closefile</name>
         <value>0x35f5</value>
         <object_component_ref idref="oc-206"/>
      </symbol>
      <symbol id="sm-7c5">
         <name>__TI_doflush</name>
         <value>0x3981</value>
         <object_component_ref idref="oc-2d5"/>
      </symbol>
      <symbol id="sm-7e3">
         <name>finddevice</name>
         <value>0x3c9d</value>
         <object_component_ref idref="oc-1e8"/>
      </symbol>
      <symbol id="sm-7e4">
         <name>getdevice</name>
         <value>0x3ae1</value>
         <object_component_ref idref="oc-349"/>
      </symbol>
      <symbol id="sm-7ff">
         <name>memcpy</name>
         <value>0x3455</value>
         <object_component_ref idref="oc-44"/>
      </symbol>
      <symbol id="sm-800">
         <name>__aeabi_memcpy</name>
         <value>0x3455</value>
         <object_component_ref idref="oc-44"/>
      </symbol>
      <symbol id="sm-801">
         <name>__aeabi_memcpy8</name>
         <value>0x3455</value>
         <object_component_ref idref="oc-44"/>
      </symbol>
      <symbol id="sm-802">
         <name>__aeabi_memcpy4</name>
         <value>0x3455</value>
         <object_component_ref idref="oc-44"/>
      </symbol>
      <symbol id="sm-82a">
         <name>__TI_auto_init_nobinit_nopinit</name>
         <value>0x3a9d</value>
         <object_component_ref idref="oc-11d"/>
      </symbol>
      <symbol id="sm-834">
         <name>_system_pre_init</name>
         <value>0x3ddd</value>
         <object_component_ref idref="oc-a6"/>
      </symbol>
      <symbol id="sm-846">
         <name>strchr</name>
         <value>0x3d7d</value>
         <object_component_ref idref="oc-389"/>
      </symbol>
      <symbol id="sm-855">
         <name>strcmp</name>
         <value>0x3d65</value>
         <object_component_ref idref="oc-282"/>
      </symbol>
      <symbol id="sm-865">
         <name>strncpy</name>
         <value>0x3b95</value>
         <object_component_ref idref="oc-1ee"/>
      </symbol>
      <symbol id="sm-875">
         <name>write</name>
         <value>0x3d21</value>
         <object_component_ref idref="oc-355"/>
      </symbol>
      <symbol id="sm-886">
         <name>_stream</name>
         <value>0x20002980</value>
         <object_component_ref idref="oc-350"/>
      </symbol>
      <symbol id="sm-887">
         <name>_device</name>
         <value>0x20002908</value>
         <object_component_ref idref="oc-1f5"/>
      </symbol>
      <symbol id="sm-89c">
         <name>close</name>
         <value>0x3875</value>
         <object_component_ref idref="oc-2db"/>
      </symbol>
      <symbol id="sm-8ac">
         <name>unlink</name>
         <value>0x3ccd</value>
         <object_component_ref idref="oc-2e1"/>
      </symbol>
      <symbol id="sm-8bd">
         <name>HOSTclose</name>
         <value>0x3a15</value>
         <object_component_ref idref="oc-292"/>
      </symbol>
      <symbol id="sm-8ce">
         <name>HOSTlseek</name>
         <value>0x3745</value>
         <object_component_ref idref="oc-2a4"/>
      </symbol>
      <symbol id="sm-8e0">
         <name>parmbuf</name>
         <value>0x200025e2</value>
      </symbol>
      <symbol id="sm-8e1">
         <name>HOSTopen</name>
         <value>0x3815</value>
         <object_component_ref idref="oc-28c"/>
      </symbol>
      <symbol id="sm-8f2">
         <name>HOSTread</name>
         <value>0x38d1</value>
         <object_component_ref idref="oc-298"/>
      </symbol>
      <symbol id="sm-903">
         <name>HOSTrename</name>
         <value>0x36d9</value>
         <object_component_ref idref="oc-2b0"/>
      </symbol>
      <symbol id="sm-914">
         <name>HOSTunlink</name>
         <value>0x3a59</value>
         <object_component_ref idref="oc-2aa"/>
      </symbol>
      <symbol id="sm-925">
         <name>HOSTwrite</name>
         <value>0x3929</value>
         <object_component_ref idref="oc-29e"/>
      </symbol>
      <symbol id="sm-949">
         <name>__TI_readmsg</name>
         <value>0x3c01</value>
         <object_component_ref idref="oc-326"/>
      </symbol>
      <symbol id="sm-94a">
         <name>C$$IO$$</name>
         <value>0x3b8b</value>
         <object_component_ref idref="oc-320"/>
      </symbol>
      <symbol id="sm-94b">
         <name>__CIOBUF_</name>
         <value>0x20002340</value>
         <object_component_ref idref="oc-373"/>
      </symbol>
      <symbol id="sm-94c">
         <name>__TI_writemsg</name>
         <value>0x3b5d</value>
         <object_component_ref idref="oc-320"/>
      </symbol>
      <symbol id="sm-95a">
         <name>strcpy</name>
         <value>0x3d93</value>
         <object_component_ref idref="oc-33a"/>
      </symbol>
      <symbol id="sm-968">
         <name>strlen</name>
         <value>0x3da7</value>
         <object_component_ref idref="oc-31a"/>
      </symbol>
      <symbol id="sm-969">
         <name>__TI_static_base__</name>
         <value>0x0</value>
      </symbol>
      <symbol id="sm-96c">
         <name>__mpu_init</name>
         <value>0x0</value>
      </symbol>
      <symbol id="sm-96d">
         <name>_system_post_cinit</name>
         <value>0x0</value>
      </symbol>
      <symbol id="sm-96e">
         <name>remove</name>
         <value>0x3ccd</value>
      </symbol>
   </symbol_table>
   <title>Link successful</title>
</link_info>
