<?xml version="1.0" encoding="ISO-8859-1" ?>
<link_info>
   <banner>TI ARM Linker PC v20.2.7.LTS</banner>
   <copyright>Copyright (c) 1996-2018 Texas Instruments Incorporated</copyright>
   <link_time>0x66d4a13e</link_time>
   <link_errors>0x0</link_errors>
   <output_file>Lab2.out</output_file>
   <entry_point>
      <name>_c_int00_noargs</name>
      <address>0x3c31</address>
   </entry_point>
   <input_file_list>
      <input_file id="fl-2">
         <path>.\</path>
         <kind>object</kind>
         <file>ADCSWTrigger.obj</file>
         <name>ADCSWTrigger.obj</name>
      </input_file>
      <input_file id="fl-3">
         <path>.\</path>
         <kind>object</kind>
         <file>CortexM.obj</file>
         <name>CortexM.obj</name>
      </input_file>
      <input_file id="fl-4">
         <path>.\</path>
         <kind>object</kind>
         <file>I2C1.obj</file>
         <name>I2C1.obj</name>
      </input_file>
      <input_file id="fl-5">
         <path>.\</path>
         <kind>object</kind>
         <file>Lab2.obj</file>
         <name>Lab2.obj</name>
      </input_file>
      <input_file id="fl-6">
         <path>.\</path>
         <kind>object</kind>
         <file>LaunchPad.obj</file>
         <name>LaunchPad.obj</name>
      </input_file>
      <input_file id="fl-7">
         <path>.\</path>
         <kind>object</kind>
         <file>PLL.obj</file>
         <name>PLL.obj</name>
      </input_file>
      <input_file id="fl-8">
         <path>.\</path>
         <kind>object</kind>
         <file>SSD1306.obj</file>
         <name>SSD1306.obj</name>
      </input_file>
      <input_file id="fl-9">
         <path>.\</path>
         <kind>object</kind>
         <file>Timer2A.obj</file>
         <name>Timer2A.obj</name>
      </input_file>
      <input_file id="fl-a">
         <path>.\</path>
         <kind>object</kind>
         <file>UART.obj</file>
         <name>UART.obj</name>
      </input_file>
      <input_file id="fl-b">
         <path>.\</path>
         <kind>object</kind>
         <file>tm4c123gh6pm_startup_ccs.obj</file>
         <name>tm4c123gh6pm_startup_ccs.obj</name>
      </input_file>
      <input_file id="fl-f">
         <kind>object</kind>
         <file>&lt;internal&gt;</file>
         <name>&lt;internal&gt;</name>
      </input_file>
      <input_file id="fl-c5">
         <path>C:\ti\ccs1280\ccs\tools\compiler\ti-cgt-arm_20.2.7.LTS\lib\</path>
         <kind>archive</kind>
         <file>rtsv7M4_T_le_v4SPD16_eabi.lib</file>
         <name>fopen.c.obj</name>
      </input_file>
      <input_file id="fl-c6">
         <path>C:\ti\ccs1280\ccs\tools\compiler\ti-cgt-arm_20.2.7.LTS\lib\</path>
         <kind>archive</kind>
         <file>rtsv7M4_T_le_v4SPD16_eabi.lib</file>
         <name>setvbuf.c.obj</name>
      </input_file>
      <input_file id="fl-c7">
         <path>C:\ti\ccs1280\ccs\tools\compiler\ti-cgt-arm_20.2.7.LTS\lib\</path>
         <kind>archive</kind>
         <file>rtsv7M4_T_le_v4SPD16_eabi.lib</file>
         <name>memset_t2.asm.obj</name>
      </input_file>
      <input_file id="fl-c8">
         <path>C:\ti\ccs1280\ccs\tools\compiler\ti-cgt-arm_20.2.7.LTS\lib\</path>
         <kind>archive</kind>
         <file>rtsv7M4_T_le_v4SPD16_eabi.lib</file>
         <name>copy_zero_init.c.obj</name>
      </input_file>
      <input_file id="fl-c9">
         <path>C:\ti\ccs1280\ccs\tools\compiler\ti-cgt-arm_20.2.7.LTS\lib\</path>
         <kind>archive</kind>
         <file>rtsv7M4_T_le_v4SPD16_eabi.lib</file>
         <name>copy_decompress_none.c.obj</name>
      </input_file>
      <input_file id="fl-ca">
         <path>C:\ti\ccs1280\ccs\tools\compiler\ti-cgt-arm_20.2.7.LTS\lib\</path>
         <kind>archive</kind>
         <file>rtsv7M4_T_le_v4SPD16_eabi.lib</file>
         <name>copy_decompress_lzss.c.obj</name>
      </input_file>
      <input_file id="fl-cb">
         <path>C:\ti\ccs1280\ccs\tools\compiler\ti-cgt-arm_20.2.7.LTS\lib\</path>
         <kind>archive</kind>
         <file>rtsv7M4_T_le_v4SPD16_eabi.lib</file>
         <name>exit.c.obj</name>
      </input_file>
      <input_file id="fl-cc">
         <path>C:\ti\ccs1280\ccs\tools\compiler\ti-cgt-arm_20.2.7.LTS\lib\</path>
         <kind>archive</kind>
         <file>rtsv7M4_T_le_v4SPD16_eabi.lib</file>
         <name>_lock.c.obj</name>
      </input_file>
      <input_file id="fl-cd">
         <path>C:\ti\ccs1280\ccs\tools\compiler\ti-cgt-arm_20.2.7.LTS\lib\</path>
         <kind>archive</kind>
         <file>rtsv7M4_T_le_v4SPD16_eabi.lib</file>
         <name>defs.c.obj</name>
      </input_file>
      <input_file id="fl-ce">
         <path>C:\ti\ccs1280\ccs\tools\compiler\ti-cgt-arm_20.2.7.LTS\lib\</path>
         <kind>archive</kind>
         <file>rtsv7M4_T_le_v4SPD16_eabi.lib</file>
         <name>memory.c.obj</name>
      </input_file>
      <input_file id="fl-cf">
         <path>C:\ti\ccs1280\ccs\tools\compiler\ti-cgt-arm_20.2.7.LTS\lib\</path>
         <kind>archive</kind>
         <file>rtsv7M4_T_le_v4SPD16_eabi.lib</file>
         <name>boot_cortex_m.c.obj</name>
      </input_file>
      <input_file id="fl-d0">
         <path>C:\ti\ccs1280\ccs\tools\compiler\ti-cgt-arm_20.2.7.LTS\lib\</path>
         <kind>archive</kind>
         <file>rtsv7M4_T_le_v4SPD16_eabi.lib</file>
         <name>open.c.obj</name>
      </input_file>
      <input_file id="fl-d1">
         <path>C:\ti\ccs1280\ccs\tools\compiler\ti-cgt-arm_20.2.7.LTS\lib\</path>
         <kind>archive</kind>
         <file>rtsv7M4_T_le_v4SPD16_eabi.lib</file>
         <name>add_device.c.obj</name>
      </input_file>
      <input_file id="fl-d2">
         <path>C:\ti\ccs1280\ccs\tools\compiler\ti-cgt-arm_20.2.7.LTS\lib\</path>
         <kind>archive</kind>
         <file>rtsv7M4_T_le_v4SPD16_eabi.lib</file>
         <name>fclose.c.obj</name>
      </input_file>
      <input_file id="fl-d3">
         <path>C:\ti\ccs1280\ccs\tools\compiler\ti-cgt-arm_20.2.7.LTS\lib\</path>
         <kind>archive</kind>
         <file>rtsv7M4_T_le_v4SPD16_eabi.lib</file>
         <name>fflush.c.obj</name>
      </input_file>
      <input_file id="fl-d4">
         <path>C:\ti\ccs1280\ccs\tools\compiler\ti-cgt-arm_20.2.7.LTS\lib\</path>
         <kind>archive</kind>
         <file>rtsv7M4_T_le_v4SPD16_eabi.lib</file>
         <name>getdevice.c.obj</name>
      </input_file>
      <input_file id="fl-d5">
         <path>C:\ti\ccs1280\ccs\tools\compiler\ti-cgt-arm_20.2.7.LTS\lib\</path>
         <kind>archive</kind>
         <file>rtsv7M4_T_le_v4SPD16_eabi.lib</file>
         <name>memcpy_t2.asm.obj</name>
      </input_file>
      <input_file id="fl-d6">
         <path>C:\ti\ccs1280\ccs\tools\compiler\ti-cgt-arm_20.2.7.LTS\lib\</path>
         <kind>archive</kind>
         <file>rtsv7M4_T_le_v4SPD16_eabi.lib</file>
         <name>autoinit.c.obj</name>
      </input_file>
      <input_file id="fl-d7">
         <path>C:\ti\ccs1280\ccs\tools\compiler\ti-cgt-arm_20.2.7.LTS\lib\</path>
         <kind>archive</kind>
         <file>rtsv7M4_T_le_v4SPD16_eabi.lib</file>
         <name>pre_init.c.obj</name>
      </input_file>
      <input_file id="fl-d8">
         <path>C:\ti\ccs1280\ccs\tools\compiler\ti-cgt-arm_20.2.7.LTS\lib\</path>
         <kind>archive</kind>
         <file>rtsv7M4_T_le_v4SPD16_eabi.lib</file>
         <name>cpy_tbl.c.obj</name>
      </input_file>
      <input_file id="fl-d9">
         <path>C:\ti\ccs1280\ccs\tools\compiler\ti-cgt-arm_20.2.7.LTS\lib\</path>
         <kind>archive</kind>
         <file>rtsv7M4_T_le_v4SPD16_eabi.lib</file>
         <name>args_main.c.obj</name>
      </input_file>
      <input_file id="fl-da">
         <path>C:\ti\ccs1280\ccs\tools\compiler\ti-cgt-arm_20.2.7.LTS\lib\</path>
         <kind>archive</kind>
         <file>rtsv7M4_T_le_v4SPD16_eabi.lib</file>
         <name>strchr.c.obj</name>
      </input_file>
      <input_file id="fl-db">
         <path>C:\ti\ccs1280\ccs\tools\compiler\ti-cgt-arm_20.2.7.LTS\lib\</path>
         <kind>archive</kind>
         <file>rtsv7M4_T_le_v4SPD16_eabi.lib</file>
         <name>strcmp.c.obj</name>
      </input_file>
      <input_file id="fl-dc">
         <path>C:\ti\ccs1280\ccs\tools\compiler\ti-cgt-arm_20.2.7.LTS\lib\</path>
         <kind>archive</kind>
         <file>rtsv7M4_T_le_v4SPD16_eabi.lib</file>
         <name>strncpy.c.obj</name>
      </input_file>
      <input_file id="fl-dd">
         <path>C:\ti\ccs1280\ccs\tools\compiler\ti-cgt-arm_20.2.7.LTS\lib\</path>
         <kind>archive</kind>
         <file>rtsv7M4_T_le_v4SPD16_eabi.lib</file>
         <name>write.c.obj</name>
      </input_file>
      <input_file id="fl-de">
         <path>C:\ti\ccs1280\ccs\tools\compiler\ti-cgt-arm_20.2.7.LTS\lib\</path>
         <kind>archive</kind>
         <file>rtsv7M4_T_le_v4SPD16_eabi.lib</file>
         <name>host_device.c.obj</name>
      </input_file>
      <input_file id="fl-df">
         <path>C:\ti\ccs1280\ccs\tools\compiler\ti-cgt-arm_20.2.7.LTS\lib\</path>
         <kind>archive</kind>
         <file>rtsv7M4_T_le_v4SPD16_eabi.lib</file>
         <name>remove.c.obj</name>
      </input_file>
      <input_file id="fl-e0">
         <path>C:\ti\ccs1280\ccs\tools\compiler\ti-cgt-arm_20.2.7.LTS\lib\</path>
         <kind>archive</kind>
         <file>rtsv7M4_T_le_v4SPD16_eabi.lib</file>
         <name>close.c.obj</name>
      </input_file>
      <input_file id="fl-e1">
         <path>C:\ti\ccs1280\ccs\tools\compiler\ti-cgt-arm_20.2.7.LTS\lib\</path>
         <kind>archive</kind>
         <file>rtsv7M4_T_le_v4SPD16_eabi.lib</file>
         <name>unlink.c.obj</name>
      </input_file>
      <input_file id="fl-e2">
         <path>C:\ti\ccs1280\ccs\tools\compiler\ti-cgt-arm_20.2.7.LTS\lib\</path>
         <kind>archive</kind>
         <file>rtsv7M4_T_le_v4SPD16_eabi.lib</file>
         <name>hostclose.c.obj</name>
      </input_file>
      <input_file id="fl-e3">
         <path>C:\ti\ccs1280\ccs\tools\compiler\ti-cgt-arm_20.2.7.LTS\lib\</path>
         <kind>archive</kind>
         <file>rtsv7M4_T_le_v4SPD16_eabi.lib</file>
         <name>hostlseek.c.obj</name>
      </input_file>
      <input_file id="fl-e4">
         <path>C:\ti\ccs1280\ccs\tools\compiler\ti-cgt-arm_20.2.7.LTS\lib\</path>
         <kind>archive</kind>
         <file>rtsv7M4_T_le_v4SPD16_eabi.lib</file>
         <name>hostopen.c.obj</name>
      </input_file>
      <input_file id="fl-e5">
         <path>C:\ti\ccs1280\ccs\tools\compiler\ti-cgt-arm_20.2.7.LTS\lib\</path>
         <kind>archive</kind>
         <file>rtsv7M4_T_le_v4SPD16_eabi.lib</file>
         <name>hostread.c.obj</name>
      </input_file>
      <input_file id="fl-e6">
         <path>C:\ti\ccs1280\ccs\tools\compiler\ti-cgt-arm_20.2.7.LTS\lib\</path>
         <kind>archive</kind>
         <file>rtsv7M4_T_le_v4SPD16_eabi.lib</file>
         <name>hostrename.c.obj</name>
      </input_file>
      <input_file id="fl-e7">
         <path>C:\ti\ccs1280\ccs\tools\compiler\ti-cgt-arm_20.2.7.LTS\lib\</path>
         <kind>archive</kind>
         <file>rtsv7M4_T_le_v4SPD16_eabi.lib</file>
         <name>hostunlink.c.obj</name>
      </input_file>
      <input_file id="fl-e8">
         <path>C:\ti\ccs1280\ccs\tools\compiler\ti-cgt-arm_20.2.7.LTS\lib\</path>
         <kind>archive</kind>
         <file>rtsv7M4_T_le_v4SPD16_eabi.lib</file>
         <name>hostwrite.c.obj</name>
      </input_file>
      <input_file id="fl-e9">
         <path>C:\ti\ccs1280\ccs\tools\compiler\ti-cgt-arm_20.2.7.LTS\lib\</path>
         <kind>archive</kind>
         <file>rtsv7M4_T_le_v4SPD16_eabi.lib</file>
         <name>trgmsg.c.obj</name>
      </input_file>
      <input_file id="fl-ea">
         <path>C:\ti\ccs1280\ccs\tools\compiler\ti-cgt-arm_20.2.7.LTS\lib\</path>
         <kind>archive</kind>
         <file>rtsv7M4_T_le_v4SPD16_eabi.lib</file>
         <name>strcpy.c.obj</name>
      </input_file>
      <input_file id="fl-eb">
         <path>C:\ti\ccs1280\ccs\tools\compiler\ti-cgt-arm_20.2.7.LTS\lib\</path>
         <kind>archive</kind>
         <file>rtsv7M4_T_le_v4SPD16_eabi.lib</file>
         <name>strlen.c.obj</name>
      </input_file>
   </input_file_list>
   <object_component_list>
      <object_component id="oc-12">
         <name>.intvecs</name>
         <load_address>0x0</load_address>
         <run_address>0x0</run_address>
         <size>0x26c</size>
         <input_file_ref idref="fl-b"/>
      </object_component>
      <object_component id="oc-fc">
         <name>.text</name>
         <load_address>0x26c</load_address>
         <run_address>0x26c</run_address>
         <size>0x186c</size>
         <input_file_ref idref="fl-8"/>
      </object_component>
      <object_component id="oc-178">
         <name>.text</name>
         <load_address>0x1ad8</load_address>
         <run_address>0x1ad8</run_address>
         <size>0x670</size>
         <input_file_ref idref="fl-4"/>
      </object_component>
      <object_component id="oc-ac">
         <name>.text</name>
         <load_address>0x2148</load_address>
         <run_address>0x2148</run_address>
         <size>0x554</size>
         <input_file_ref idref="fl-5"/>
      </object_component>
      <object_component id="oc-e3">
         <name>.text</name>
         <load_address>0x269c</load_address>
         <run_address>0x269c</run_address>
         <size>0x4ec</size>
         <input_file_ref idref="fl-a"/>
      </object_component>
      <object_component id="oc-f6">
         <name>.text</name>
         <load_address>0x2b88</load_address>
         <run_address>0x2b88</run_address>
         <size>0x118</size>
         <input_file_ref idref="fl-6"/>
      </object_component>
      <object_component id="oc-2a">
         <name>.text</name>
         <load_address>0x2ca0</load_address>
         <run_address>0x2ca0</run_address>
         <size>0x112</size>
         <input_file_ref idref="fl-b"/>
      </object_component>
      <object_component id="oc-263">
         <name>.text:_nop</name>
         <load_address>0x2db2</load_address>
         <run_address>0x2db2</run_address>
         <size>0x2</size>
         <input_file_ref idref="fl-cc"/>
      </object_component>
      <object_component id="oc-1fa">
         <name>.text:_openfile</name>
         <load_address>0x2db4</load_address>
         <run_address>0x2db4</run_address>
         <size>0x110</size>
         <input_file_ref idref="fl-c5"/>
      </object_component>
      <object_component id="oc-2f7">
         <name>.text:aligned_alloc</name>
         <load_address>0x2ec4</load_address>
         <run_address>0x2ec4</run_address>
         <size>0x100</size>
         <input_file_ref idref="fl-ce"/>
      </object_component>
      <object_component id="oc-20d">
         <name>.text:free</name>
         <load_address>0x2fc4</load_address>
         <run_address>0x2fc4</run_address>
         <size>0xe4</size>
         <input_file_ref idref="fl-ce"/>
      </object_component>
      <object_component id="oc-163">
         <name>.text:setvbuf</name>
         <load_address>0x30a8</load_address>
         <run_address>0x30a8</run_address>
         <size>0xdc</size>
         <input_file_ref idref="fl-c6"/>
      </object_component>
      <object_component id="oc-30">
         <name>.text</name>
         <load_address>0x3184</load_address>
         <run_address>0x3184</run_address>
         <size>0xbc</size>
         <input_file_ref idref="fl-9"/>
      </object_component>
      <object_component id="oc-2c5">
         <name>.text:open</name>
         <load_address>0x3240</load_address>
         <run_address>0x3240</run_address>
         <size>0xbc</size>
         <input_file_ref idref="fl-d0"/>
      </object_component>
      <object_component id="oc-151">
         <name>.text:add_device</name>
         <load_address>0x32fc</load_address>
         <run_address>0x32fc</run_address>
         <size>0xb8</size>
         <input_file_ref idref="fl-d1"/>
      </object_component>
      <object_component id="oc-157">
         <name>.text:fopen</name>
         <load_address>0x33b4</load_address>
         <run_address>0x33b4</run_address>
         <size>0x9c</size>
         <input_file_ref idref="fl-c5"/>
      </object_component>
      <object_component id="oc-44">
         <name>.text</name>
         <load_address>0x3450</load_address>
         <run_address>0x3450</run_address>
         <size>0x9c</size>
         <input_file_ref idref="fl-d5"/>
      </object_component>
      <object_component id="oc-f0">
         <name>.text</name>
         <load_address>0x34ec</load_address>
         <run_address>0x34ec</run_address>
         <size>0x88</size>
         <input_file_ref idref="fl-7"/>
      </object_component>
      <object_component id="oc-a0">
         <name>.text</name>
         <load_address>0x3574</load_address>
         <run_address>0x3574</run_address>
         <size>0x7a</size>
         <input_file_ref idref="fl-c7"/>
      </object_component>
      <object_component id="oc-206">
         <name>.text:__TI_closefile</name>
         <load_address>0x35f0</load_address>
         <run_address>0x35f0</run_address>
         <size>0x74</size>
         <input_file_ref idref="fl-d2"/>
      </object_component>
      <object_component id="oc-368">
         <name>.text:split</name>
         <load_address>0x3664</load_address>
         <run_address>0x3664</run_address>
         <size>0x70</size>
         <input_file_ref idref="fl-ce"/>
      </object_component>
      <object_component id="oc-2b0">
         <name>.text:HOSTrename</name>
         <load_address>0x36d4</load_address>
         <run_address>0x36d4</run_address>
         <size>0x6c</size>
         <input_file_ref idref="fl-e6"/>
      </object_component>
      <object_component id="oc-2a4">
         <name>.text:HOSTlseek</name>
         <load_address>0x3740</load_address>
         <run_address>0x3740</run_address>
         <size>0x68</size>
         <input_file_ref idref="fl-e3"/>
      </object_component>
      <object_component id="oc-15">
         <name>.text:decompress:lzss:__TI_decompress_lzss</name>
         <load_address>0x37a8</load_address>
         <run_address>0x37a8</run_address>
         <size>0x68</size>
         <input_file_ref idref="fl-ca"/>
      </object_component>
      <object_component id="oc-28c">
         <name>.text:HOSTopen</name>
         <load_address>0x3810</load_address>
         <run_address>0x3810</run_address>
         <size>0x60</size>
         <input_file_ref idref="fl-e4"/>
      </object_component>
      <object_component id="oc-2db">
         <name>.text:close</name>
         <load_address>0x3870</load_address>
         <run_address>0x3870</run_address>
         <size>0x5c</size>
         <input_file_ref idref="fl-e0"/>
      </object_component>
      <object_component id="oc-298">
         <name>.text:HOSTread</name>
         <load_address>0x38cc</load_address>
         <run_address>0x38cc</run_address>
         <size>0x58</size>
         <input_file_ref idref="fl-e5"/>
      </object_component>
      <object_component id="oc-29e">
         <name>.text:HOSTwrite</name>
         <load_address>0x3924</load_address>
         <run_address>0x3924</run_address>
         <size>0x58</size>
         <input_file_ref idref="fl-e8"/>
      </object_component>
      <object_component id="oc-2d5">
         <name>.text:__TI_doflush</name>
         <load_address>0x397c</load_address>
         <run_address>0x397c</run_address>
         <size>0x4c</size>
         <input_file_ref idref="fl-d3"/>
      </object_component>
      <object_component id="oc-117">
         <name>.text:exit</name>
         <load_address>0x39c8</load_address>
         <run_address>0x39c8</run_address>
         <size>0x48</size>
         <input_file_ref idref="fl-cb"/>
      </object_component>
      <object_component id="oc-292">
         <name>.text:HOSTclose</name>
         <load_address>0x3a10</load_address>
         <run_address>0x3a10</run_address>
         <size>0x44</size>
         <input_file_ref idref="fl-e2"/>
      </object_component>
      <object_component id="oc-2aa">
         <name>.text:HOSTunlink</name>
         <load_address>0x3a54</load_address>
         <run_address>0x3a54</run_address>
         <size>0x44</size>
         <input_file_ref idref="fl-e7"/>
      </object_component>
      <object_component id="oc-11d">
         <name>.text:__TI_auto_init_nobinit_nopinit:__TI_auto_init_nobinit_nopinit</name>
         <load_address>0x3a98</load_address>
         <run_address>0x3a98</run_address>
         <size>0x44</size>
         <input_file_ref idref="fl-d6"/>
      </object_component>
      <object_component id="oc-349">
         <name>.text:getdevice</name>
         <load_address>0x3adc</load_address>
         <run_address>0x3adc</run_address>
         <size>0x44</size>
         <input_file_ref idref="fl-d4"/>
      </object_component>
      <object_component id="oc-102">
         <name>.text</name>
         <load_address>0x3b20</load_address>
         <run_address>0x3b20</run_address>
         <size>0x38</size>
         <input_file_ref idref="fl-3"/>
      </object_component>
      <object_component id="oc-320">
         <name>.text:__TI_writemsg</name>
         <load_address>0x3b58</load_address>
         <run_address>0x3b58</run_address>
         <size>0x38</size>
         <input_file_ref idref="fl-e9"/>
      </object_component>
      <object_component id="oc-1ee">
         <name>.text:strncpy</name>
         <load_address>0x3b90</load_address>
         <run_address>0x3b90</run_address>
         <size>0x36</size>
         <input_file_ref idref="fl-dc"/>
      </object_component>
      <object_component id="oc-219">
         <name>.text:__TI_cleanup</name>
         <load_address>0x3bc8</load_address>
         <run_address>0x3bc8</run_address>
         <size>0x34</size>
         <input_file_ref idref="fl-c5"/>
      </object_component>
      <object_component id="oc-326">
         <name>.text:__TI_readmsg</name>
         <load_address>0x3bfc</load_address>
         <run_address>0x3bfc</run_address>
         <size>0x34</size>
         <input_file_ref idref="fl-e9"/>
      </object_component>
      <object_component id="oc-62">
         <name>.text:_c_int00_noargs:_c_int00_noargs</name>
         <load_address>0x3c30</load_address>
         <run_address>0x3c30</run_address>
         <size>0x34</size>
         <input_file_ref idref="fl-cf"/>
      </object_component>
      <object_component id="oc-15d">
         <name>.text:freopen</name>
         <load_address>0x3c64</load_address>
         <run_address>0x3c64</run_address>
         <size>0x34</size>
         <input_file_ref idref="fl-c5"/>
      </object_component>
      <object_component id="oc-1e8">
         <name>.text:finddevice</name>
         <load_address>0x3c98</load_address>
         <run_address>0x3c98</run_address>
         <size>0x30</size>
         <input_file_ref idref="fl-d4"/>
      </object_component>
      <object_component id="oc-2e1">
         <name>.text:unlink</name>
         <load_address>0x3cc8</load_address>
         <run_address>0x3cc8</run_address>
         <size>0x2c</size>
         <input_file_ref idref="fl-e1"/>
      </object_component>
      <object_component id="oc-2f0">
         <name>.text:free_list_insert</name>
         <load_address>0x3cf4</load_address>
         <run_address>0x3cf4</run_address>
         <size>0x28</size>
         <input_file_ref idref="fl-ce"/>
      </object_component>
      <object_component id="oc-355">
         <name>.text:write</name>
         <load_address>0x3d1c</load_address>
         <run_address>0x3d1c</run_address>
         <size>0x28</size>
         <input_file_ref idref="fl-dd"/>
      </object_component>
      <object_component id="oc-2ea">
         <name>.text:free_list_remove</name>
         <load_address>0x3d44</load_address>
         <run_address>0x3d44</run_address>
         <size>0x1c</size>
         <input_file_ref idref="fl-ce"/>
      </object_component>
      <object_component id="oc-282">
         <name>.text:strcmp</name>
         <load_address>0x3d60</load_address>
         <run_address>0x3d60</run_address>
         <size>0x18</size>
         <input_file_ref idref="fl-db"/>
      </object_component>
      <object_component id="oc-389">
         <name>.text:strchr</name>
         <load_address>0x3d78</load_address>
         <run_address>0x3d78</run_address>
         <size>0x16</size>
         <input_file_ref idref="fl-da"/>
      </object_component>
      <object_component id="oc-33a">
         <name>.text:strcpy</name>
         <load_address>0x3d8e</load_address>
         <run_address>0x3d8e</run_address>
         <size>0x14</size>
         <input_file_ref idref="fl-ea"/>
      </object_component>
      <object_component id="oc-31a">
         <name>.text:strlen</name>
         <load_address>0x3da2</load_address>
         <run_address>0x3da2</run_address>
         <size>0x14</size>
         <input_file_ref idref="fl-eb"/>
      </object_component>
      <object_component id="oc-1b">
         <name>.text:decompress:none:__TI_decompress_none</name>
         <load_address>0x3db6</load_address>
         <run_address>0x3db6</run_address>
         <size>0xe</size>
         <input_file_ref idref="fl-c9"/>
      </object_component>
      <object_component id="oc-56">
         <name>.text:decompress:ZI:__TI_zero_init</name>
         <load_address>0x3dc4</load_address>
         <run_address>0x3dc4</run_address>
         <size>0xc</size>
         <input_file_ref idref="fl-c8"/>
      </object_component>
      <object_component id="oc-213">
         <name>.text:malloc</name>
         <load_address>0x3dd0</load_address>
         <run_address>0x3dd0</run_address>
         <size>0x8</size>
         <input_file_ref idref="fl-ce"/>
      </object_component>
      <object_component id="oc-a6">
         <name>.text:_system_pre_init</name>
         <load_address>0x3dd8</load_address>
         <run_address>0x3dd8</run_address>
         <size>0x4</size>
         <input_file_ref idref="fl-d7"/>
      </object_component>
      <object_component id="oc-111">
         <name>.text:abort:abort</name>
         <load_address>0x3ddc</load_address>
         <run_address>0x3ddc</run_address>
         <size>0x4</size>
         <input_file_ref idref="fl-cb"/>
      </object_component>
      <object_component id="oc-195">
         <name>.const:ASCII</name>
         <load_address>0x3de0</load_address>
         <run_address>0x3de0</run_address>
         <size>0x540</size>
         <input_file_ref idref="fl-8"/>
      </object_component>
      <object_component id="oc-19b">
         <name>.const:.string:postmask</name>
         <load_address>0x4320</load_address>
         <run_address>0x4320</run_address>
         <size>0x8</size>
         <input_file_ref idref="fl-8"/>
      </object_component>
      <object_component id="oc-198">
         <name>.const:.string:premask</name>
         <load_address>0x4328</load_address>
         <run_address>0x4328</run_address>
         <size>0x8</size>
         <input_file_ref idref="fl-8"/>
      </object_component>
      <object_component id="oc-18d">
         <name>.const:.string:init5</name>
         <load_address>0x4330</load_address>
         <run_address>0x4330</run_address>
         <size>0x7</size>
         <input_file_ref idref="fl-8"/>
      </object_component>
      <object_component id="oc-19e">
         <name>.const:.string:dlist1</name>
         <load_address>0x4337</load_address>
         <run_address>0x4337</run_address>
         <size>0x5</size>
         <input_file_ref idref="fl-8"/>
      </object_component>
      <object_component id="oc-181">
         <name>.const:.string:init1</name>
         <load_address>0x433c</load_address>
         <run_address>0x433c</run_address>
         <size>0x5</size>
         <input_file_ref idref="fl-8"/>
      </object_component>
      <object_component id="oc-184">
         <name>.const:.string:init2</name>
         <load_address>0x4341</load_address>
         <run_address>0x4341</run_address>
         <size>0x5</size>
         <input_file_ref idref="fl-8"/>
      </object_component>
      <object_component id="oc-187">
         <name>.const:.string:init3</name>
         <load_address>0x4346</load_address>
         <run_address>0x4346</run_address>
         <size>0x5</size>
         <input_file_ref idref="fl-8"/>
      </object_component>
      <object_component id="oc-18a">
         <name>.const:.string:init4b</name>
         <load_address>0x434b</load_address>
         <run_address>0x434b</run_address>
         <size>0x4</size>
         <input_file_ref idref="fl-8"/>
      </object_component>
      <object_component id="oc-1a4">
         <name>.const:.string:scrollList1b</name>
         <load_address>0x434f</load_address>
         <run_address>0x434f</run_address>
         <size>0x3</size>
         <input_file_ref idref="fl-8"/>
      </object_component>
      <object_component id="oc-1aa">
         <name>.const:.string:scrollList2b</name>
         <load_address>0x4352</load_address>
         <run_address>0x4352</run_address>
         <size>0x3</size>
         <input_file_ref idref="fl-8"/>
      </object_component>
      <object_component id="oc-1a1">
         <name>.const:.string:scrollList1a</name>
         <load_address>0x4355</load_address>
         <run_address>0x4355</run_address>
         <size>0x2</size>
         <input_file_ref idref="fl-8"/>
      </object_component>
      <object_component id="oc-1a7">
         <name>.const:.string:scrollList2a</name>
         <load_address>0x4357</load_address>
         <run_address>0x4357</run_address>
         <size>0x2</size>
         <input_file_ref idref="fl-8"/>
      </object_component>
      <object_component id="oc-1ad">
         <name>.const:.string:scrollList3a</name>
         <load_address>0x4359</load_address>
         <run_address>0x4359</run_address>
         <size>0x2</size>
         <input_file_ref idref="fl-8"/>
      </object_component>
      <object_component id="oc-1b0">
         <name>.const:.string:scrollList3b</name>
         <load_address>0x435b</load_address>
         <run_address>0x435b</run_address>
         <size>0x2</size>
         <input_file_ref idref="fl-8"/>
      </object_component>
      <object_component id="oc-1b3">
         <name>.const:.string:scrollList3c</name>
         <load_address>0x435d</load_address>
         <run_address>0x435d</run_address>
         <size>0x2</size>
         <input_file_ref idref="fl-8"/>
      </object_component>
      <object_component id="oc-1b6">
         <name>.const:.string:scrollList4a</name>
         <load_address>0x435f</load_address>
         <run_address>0x435f</run_address>
         <size>0x2</size>
         <input_file_ref idref="fl-8"/>
      </object_component>
      <object_component id="oc-1b9">
         <name>.const:.string:scrollList4b</name>
         <load_address>0x4361</load_address>
         <run_address>0x4361</run_address>
         <size>0x2</size>
         <input_file_ref idref="fl-8"/>
      </object_component>
      <object_component id="oc-1bc">
         <name>.const:.string:scrollList4c</name>
         <load_address>0x4363</load_address>
         <run_address>0x4363</run_address>
         <size>0x2</size>
         <input_file_ref idref="fl-8"/>
      </object_component>
      <object_component id="oc-3d8">
         <name>.cinit..data.load</name>
         <load_address>0x4368</load_address>
         <run_address>0x4368</run_address>
         <size>0x6f</size>
      </object_component>
      <object_component id="oc-3d6">
         <name>__TI_handler_table</name>
         <load_address>0x43d8</load_address>
         <run_address>0x43d8</run_address>
         <size>0xc</size>
      </object_component>
      <object_component id="oc-3d9">
         <name>.cinit..bss.load</name>
         <load_address>0x43e8</load_address>
         <run_address>0x43e8</run_address>
         <size>0x8</size>
      </object_component>
      <object_component id="oc-3d7">
         <name>__TI_cinit_table</name>
         <load_address>0x43f0</load_address>
         <run_address>0x43f0</run_address>
         <size>0x10</size>
      </object_component>
      <object_component id="oc-10b">
         <name>.data</name>
         <load_address>0x200029fc</load_address>
         <run_address>0x200029fc</run_address>
         <size>0x4</size>
         <input_file_ref idref="fl-5"/>
      </object_component>
      <object_component id="oc-1bf">
         <name>.data</name>
         <load_address>0x20002a00</load_address>
         <run_address>0x20002a00</run_address>
         <size>0x4</size>
         <input_file_ref idref="fl-8"/>
      </object_component>
      <object_component id="oc-200">
         <name>.data</name>
         <load_address>0x20002a08</load_address>
         <run_address>0x20002a08</run_address>
         <size>0x4</size>
         <input_file_ref idref="fl-c5"/>
      </object_component>
      <object_component id="oc-1c9">
         <name>.data:$O1$$</name>
         <load_address>0x200029e0</load_address>
         <run_address>0x200029e0</run_address>
         <size>0xc</size>
         <input_file_ref idref="fl-cb"/>
      </object_component>
      <object_component id="oc-1cc">
         <name>.data:$O1$$</name>
         <load_address>0x200029ec</load_address>
         <run_address>0x200029ec</run_address>
         <size>0x8</size>
         <input_file_ref idref="fl-cc"/>
      </object_component>
      <object_component id="oc-169">
         <name>.data:_ftable</name>
         <load_address>0x20002818</load_address>
         <run_address>0x20002818</run_address>
         <size>0xf0</size>
         <input_file_ref idref="fl-cd"/>
      </object_component>
      <object_component id="oc-201">
         <name>.data</name>
         <load_address>0x200029d0</load_address>
         <run_address>0x200029d0</run_address>
         <size>0x10</size>
         <input_file_ref idref="fl-cd"/>
      </object_component>
      <object_component id="oc-363">
         <name>.data:$O1$$</name>
         <load_address>0x200029f4</load_address>
         <run_address>0x200029f4</run_address>
         <size>0x8</size>
         <input_file_ref idref="fl-ce"/>
      </object_component>
      <object_component id="oc-34f">
         <name>.data</name>
         <load_address>0x20002a0c</load_address>
         <run_address>0x20002a0c</run_address>
         <size>0x4</size>
         <input_file_ref idref="fl-d0"/>
      </object_component>
      <object_component id="oc-1f4">
         <name>.data</name>
         <load_address>0x20002a04</load_address>
         <run_address>0x20002a04</run_address>
         <size>0x4</size>
         <input_file_ref idref="fl-d1"/>
      </object_component>
      <object_component id="oc-1f5">
         <name>.data:_device</name>
         <load_address>0x20002908</load_address>
         <run_address>0x20002908</run_address>
         <size>0x78</size>
         <input_file_ref idref="fl-de"/>
      </object_component>
      <object_component id="oc-350">
         <name>.data:_stream</name>
         <load_address>0x20002980</load_address>
         <run_address>0x20002980</run_address>
         <size>0x50</size>
         <input_file_ref idref="fl-de"/>
      </object_component>
      <object_component id="oc-192">
         <name>.bss</name>
         <uninitialized>true</uninitialized>
         <run_address>0x200025c8</run_address>
         <size>0x1a</size>
         <input_file_ref idref="fl-8"/>
      </object_component>
      <object_component id="oc-373">
         <name>.bss:_CIOBUF_</name>
         <uninitialized>true</uninitialized>
         <run_address>0x20002340</run_address>
         <size>0x120</size>
         <input_file_ref idref="fl-e9"/>
      </object_component>
      <object_component id="oc-ec">
         <name>.common:TimeBuf</name>
         <uninitialized>true</uninitialized>
         <run_address>0x20000fa0</run_address>
         <size>0xfa0</size>
      </object_component>
      <object_component id="oc-ed">
         <name>.common:DataBuf</name>
         <uninitialized>true</uninitialized>
         <run_address>0x20000000</run_address>
         <size>0xfa0</size>
      </object_component>
      <object_component id="oc-e9">
         <name>.common:Num</name>
         <uninitialized>true</uninitialized>
         <run_address>0x200025f4</run_address>
         <size>0x4</size>
      </object_component>
      <object_component id="oc-10a">
         <name>.common:Averaging</name>
         <uninitialized>true</uninitialized>
         <run_address>0x200025ec</run_address>
         <size>0x4</size>
      </object_component>
      <object_component id="oc-ee">
         <name>.common:Vmin</name>
         <uninitialized>true</uninitialized>
         <run_address>0x20002608</run_address>
         <size>0x4</size>
      </object_component>
      <object_component id="oc-ef">
         <name>.common:Vmax</name>
         <uninitialized>true</uninitialized>
         <run_address>0x20002604</run_address>
         <size>0x4</size>
      </object_component>
      <object_component id="oc-109">
         <name>.common:PMFmax</name>
         <uninitialized>true</uninitialized>
         <run_address>0x200025f8</run_address>
         <size>0x4</size>
      </object_component>
      <object_component id="oc-10f">
         <name>.common:Signal</name>
         <uninitialized>true</uninitialized>
         <run_address>0x20002600</run_address>
         <size>0x4</size>
      </object_component>
      <object_component id="oc-10e">
         <name>.common:Distance</name>
         <uninitialized>true</uninitialized>
         <run_address>0x200025f0</run_address>
         <size>0x4</size>
      </object_component>
      <object_component id="oc-108">
         <name>.common:PMF</name>
         <uninitialized>true</uninitialized>
         <run_address>0x20002460</run_address>
         <size>0xc8</size>
      </object_component>
      <object_component id="oc-191">
         <name>.common:buffer</name>
         <uninitialized>true</uninitialized>
         <run_address>0x20001f40</run_address>
         <size>0x400</size>
      </object_component>
      <object_component id="oc-17e">
         <name>.common:vccstate</name>
         <uninitialized>true</uninitialized>
         <run_address>0x20002610</run_address>
         <size>0x4</size>
      </object_component>
      <object_component id="oc-190">
         <name>.common:rotation</name>
         <uninitialized>true</uninitialized>
         <run_address>0x2000260c</run_address>
         <size>0x4</size>
      </object_component>
      <object_component id="oc-1c2">
         <name>.common:StartX</name>
         <uninitialized>true</uninitialized>
         <run_address>0x200025ea</run_address>
         <size>0x2</size>
      </object_component>
      <object_component id="oc-1c3">
         <name>.common:StartY</name>
         <uninitialized>true</uninitialized>
         <run_address>0x20002614</run_address>
         <size>0x2</size>
      </object_component>
      <object_component id="oc-7b">
         <name>.common:PeriodicTask2</name>
         <uninitialized>true</uninitialized>
         <run_address>0x200025fc</run_address>
         <size>0x4</size>
      </object_component>
      <object_component id="oc-2e7">
         <name>.common:__TI_tmpnams</name>
         <uninitialized>true</uninitialized>
         <run_address>0x20002528</run_address>
         <size>0xa0</size>
      </object_component>
      <object_component id="oc-32c">
         <name>.common:parmbuf</name>
         <uninitialized>true</uninitialized>
         <run_address>0x200025e2</run_address>
         <size>0x8</size>
      </object_component>
      <object_component id="oc-24">
         <name>.sysmem</name>
         <uninitialized>true</uninitialized>
         <run_address>0x20002a10</run_address>
         <size>0x10</size>
         <input_file_ref idref="fl-ce"/>
      </object_component>
      <object_component id="oc-3dc">
         <name>.sysmem</name>
         <uninitialized>true</uninitialized>
         <run_address>0x20002a10</run_address>
         <size>0x0</size>
      </object_component>
      <object_component id="oc-27">
         <name>.stack</name>
         <uninitialized>true</uninitialized>
         <run_address>0x20002618</run_address>
         <size>0x4</size>
         <input_file_ref idref="fl-cf"/>
      </object_component>
      <object_component id="oc-3db">
         <name>.stack</name>
         <uninitialized>true</uninitialized>
         <run_address>0x20002618</run_address>
         <size>0x0</size>
      </object_component>
      <object_component id="oc-d1">
         <name>.debug_info</name>
         <load_address>0x0</load_address>
         <run_address>0x0</run_address>
         <size>0x332</size>
         <input_file_ref idref="fl-2"/>
      </object_component>
      <object_component id="oc-86">
         <name>.debug_info</name>
         <load_address>0x332</load_address>
         <run_address>0x332</run_address>
         <size>0x26b</size>
         <input_file_ref idref="fl-2"/>
      </object_component>
      <object_component id="oc-3f">
         <name>.debug_info</name>
         <load_address>0x59d</load_address>
         <run_address>0x59d</run_address>
         <size>0x84</size>
         <input_file_ref idref="fl-2"/>
      </object_component>
      <object_component id="oc-cc">
         <name>.debug_info</name>
         <load_address>0x621</load_address>
         <run_address>0x621</run_address>
         <size>0x2a4</size>
         <input_file_ref idref="fl-2"/>
      </object_component>
      <object_component id="oc-7f">
         <name>.debug_info</name>
         <load_address>0x8c5</load_address>
         <run_address>0x8c5</run_address>
         <size>0xbb</size>
         <input_file_ref idref="fl-2"/>
      </object_component>
      <object_component id="oc-104">
         <name>.debug_info</name>
         <load_address>0x980</load_address>
         <run_address>0x980</run_address>
         <size>0x381</size>
         <input_file_ref idref="fl-3"/>
      </object_component>
      <object_component id="oc-234">
         <name>.debug_info</name>
         <load_address>0xd01</load_address>
         <run_address>0xd01</run_address>
         <size>0x2e0</size>
         <input_file_ref idref="fl-4"/>
      </object_component>
      <object_component id="oc-17b">
         <name>.debug_info</name>
         <load_address>0xfe1</load_address>
         <run_address>0xfe1</run_address>
         <size>0xfbe</size>
         <input_file_ref idref="fl-4"/>
      </object_component>
      <object_component id="oc-ea">
         <name>.debug_info</name>
         <load_address>0x1f9f</load_address>
         <run_address>0x1f9f</run_address>
         <size>0x740</size>
         <input_file_ref idref="fl-5"/>
      </object_component>
      <object_component id="oc-10c">
         <name>.debug_info</name>
         <load_address>0x26df</load_address>
         <run_address>0x26df</run_address>
         <size>0x106</size>
         <input_file_ref idref="fl-5"/>
      </object_component>
      <object_component id="oc-ad">
         <name>.debug_info</name>
         <load_address>0x27e5</load_address>
         <run_address>0x27e5</run_address>
         <size>0x9a5</size>
         <input_file_ref idref="fl-5"/>
      </object_component>
      <object_component id="oc-177">
         <name>.debug_info</name>
         <load_address>0x318a</load_address>
         <run_address>0x318a</run_address>
         <size>0x2e4</size>
         <input_file_ref idref="fl-6"/>
      </object_component>
      <object_component id="oc-f8">
         <name>.debug_info</name>
         <load_address>0x346e</load_address>
         <run_address>0x346e</run_address>
         <size>0x7dc</size>
         <input_file_ref idref="fl-6"/>
      </object_component>
      <object_component id="oc-f1">
         <name>.debug_info</name>
         <load_address>0x3c4a</load_address>
         <run_address>0x3c4a</run_address>
         <size>0x23f</size>
         <input_file_ref idref="fl-7"/>
      </object_component>
      <object_component id="oc-17f">
         <name>.debug_info</name>
         <load_address>0x3e89</load_address>
         <run_address>0x3e89</run_address>
         <size>0x559</size>
         <input_file_ref idref="fl-8"/>
      </object_component>
      <object_component id="oc-196">
         <name>.debug_info</name>
         <load_address>0x43e2</load_address>
         <run_address>0x43e2</run_address>
         <size>0x14b</size>
         <input_file_ref idref="fl-8"/>
      </object_component>
      <object_component id="oc-182">
         <name>.debug_info</name>
         <load_address>0x452d</load_address>
         <run_address>0x452d</run_address>
         <size>0x14c</size>
         <input_file_ref idref="fl-8"/>
      </object_component>
      <object_component id="oc-185">
         <name>.debug_info</name>
         <load_address>0x4679</load_address>
         <run_address>0x4679</run_address>
         <size>0x14c</size>
         <input_file_ref idref="fl-8"/>
      </object_component>
      <object_component id="oc-188">
         <name>.debug_info</name>
         <load_address>0x47c5</load_address>
         <run_address>0x47c5</run_address>
         <size>0x14c</size>
         <input_file_ref idref="fl-8"/>
      </object_component>
      <object_component id="oc-18b">
         <name>.debug_info</name>
         <load_address>0x4911</load_address>
         <run_address>0x4911</run_address>
         <size>0x14e</size>
         <input_file_ref idref="fl-8"/>
      </object_component>
      <object_component id="oc-18e">
         <name>.debug_info</name>
         <load_address>0x4a5f</load_address>
         <run_address>0x4a5f</run_address>
         <size>0x14c</size>
         <input_file_ref idref="fl-8"/>
      </object_component>
      <object_component id="oc-193">
         <name>.debug_info</name>
         <load_address>0x4bab</load_address>
         <run_address>0x4bab</run_address>
         <size>0x1f2</size>
         <input_file_ref idref="fl-8"/>
      </object_component>
      <object_component id="oc-199">
         <name>.debug_info</name>
         <load_address>0x4d9d</load_address>
         <run_address>0x4d9d</run_address>
         <size>0x150</size>
         <input_file_ref idref="fl-8"/>
      </object_component>
      <object_component id="oc-19c">
         <name>.debug_info</name>
         <load_address>0x4eed</load_address>
         <run_address>0x4eed</run_address>
         <size>0x152</size>
         <input_file_ref idref="fl-8"/>
      </object_component>
      <object_component id="oc-19f">
         <name>.debug_info</name>
         <load_address>0x503f</load_address>
         <run_address>0x503f</run_address>
         <size>0x14e</size>
         <input_file_ref idref="fl-8"/>
      </object_component>
      <object_component id="oc-1a2">
         <name>.debug_info</name>
         <load_address>0x518d</load_address>
         <run_address>0x518d</run_address>
         <size>0x15a</size>
         <input_file_ref idref="fl-8"/>
      </object_component>
      <object_component id="oc-1a5">
         <name>.debug_info</name>
         <load_address>0x52e7</load_address>
         <run_address>0x52e7</run_address>
         <size>0x15a</size>
         <input_file_ref idref="fl-8"/>
      </object_component>
      <object_component id="oc-1a8">
         <name>.debug_info</name>
         <load_address>0x5441</load_address>
         <run_address>0x5441</run_address>
         <size>0x15a</size>
         <input_file_ref idref="fl-8"/>
      </object_component>
      <object_component id="oc-1ab">
         <name>.debug_info</name>
         <load_address>0x559b</load_address>
         <run_address>0x559b</run_address>
         <size>0x15a</size>
         <input_file_ref idref="fl-8"/>
      </object_component>
      <object_component id="oc-1ae">
         <name>.debug_info</name>
         <load_address>0x56f5</load_address>
         <run_address>0x56f5</run_address>
         <size>0x15a</size>
         <input_file_ref idref="fl-8"/>
      </object_component>
      <object_component id="oc-1b1">
         <name>.debug_info</name>
         <load_address>0x584f</load_address>
         <run_address>0x584f</run_address>
         <size>0x15a</size>
         <input_file_ref idref="fl-8"/>
      </object_component>
      <object_component id="oc-1b4">
         <name>.debug_info</name>
         <load_address>0x59a9</load_address>
         <run_address>0x59a9</run_address>
         <size>0x15a</size>
         <input_file_ref idref="fl-8"/>
      </object_component>
      <object_component id="oc-1b7">
         <name>.debug_info</name>
         <load_address>0x5b03</load_address>
         <run_address>0x5b03</run_address>
         <size>0x15a</size>
         <input_file_ref idref="fl-8"/>
      </object_component>
      <object_component id="oc-1ba">
         <name>.debug_info</name>
         <load_address>0x5c5d</load_address>
         <run_address>0x5c5d</run_address>
         <size>0x15a</size>
         <input_file_ref idref="fl-8"/>
      </object_component>
      <object_component id="oc-1bd">
         <name>.debug_info</name>
         <load_address>0x5db7</load_address>
         <run_address>0x5db7</run_address>
         <size>0x15a</size>
         <input_file_ref idref="fl-8"/>
      </object_component>
      <object_component id="oc-1c0">
         <name>.debug_info</name>
         <load_address>0x5f11</load_address>
         <run_address>0x5f11</run_address>
         <size>0x175</size>
         <input_file_ref idref="fl-8"/>
      </object_component>
      <object_component id="oc-fd">
         <name>.debug_info</name>
         <load_address>0x6086</load_address>
         <run_address>0x6086</run_address>
         <size>0x43f1</size>
         <input_file_ref idref="fl-8"/>
      </object_component>
      <object_component id="oc-22c">
         <name>.debug_info</name>
         <load_address>0xa477</load_address>
         <run_address>0xa477</run_address>
         <size>0xcc</size>
         <input_file_ref idref="fl-8"/>
      </object_component>
      <object_component id="oc-7c">
         <name>.debug_info</name>
         <load_address>0xa543</load_address>
         <run_address>0xa543</run_address>
         <size>0x310</size>
         <input_file_ref idref="fl-9"/>
      </object_component>
      <object_component id="oc-33">
         <name>.debug_info</name>
         <load_address>0xa853</load_address>
         <run_address>0xa853</run_address>
         <size>0x4ac</size>
         <input_file_ref idref="fl-9"/>
      </object_component>
      <object_component id="oc-16d">
         <name>.debug_info</name>
         <load_address>0xacff</load_address>
         <run_address>0xacff</run_address>
         <size>0x4cd</size>
         <input_file_ref idref="fl-a"/>
      </object_component>
      <object_component id="oc-e6">
         <name>.debug_info</name>
         <load_address>0xb1cc</load_address>
         <run_address>0xb1cc</run_address>
         <size>0x21a6</size>
         <input_file_ref idref="fl-a"/>
      </object_component>
      <object_component id="oc-16e">
         <name>.debug_info</name>
         <load_address>0xd372</load_address>
         <run_address>0xd372</run_address>
         <size>0x2c</size>
         <input_file_ref idref="fl-a"/>
      </object_component>
      <object_component id="oc-38">
         <name>.debug_info</name>
         <load_address>0xd39e</load_address>
         <run_address>0xd39e</run_address>
         <size>0x2d9</size>
         <input_file_ref idref="fl-b"/>
      </object_component>
      <object_component id="oc-13">
         <name>.debug_info</name>
         <load_address>0xd677</load_address>
         <run_address>0xd677</run_address>
         <size>0x118</size>
         <input_file_ref idref="fl-b"/>
      </object_component>
      <object_component id="oc-2c">
         <name>.debug_info</name>
         <load_address>0xd78f</load_address>
         <run_address>0xd78f</run_address>
         <size>0x39f3</size>
         <input_file_ref idref="fl-b"/>
      </object_component>
      <object_component id="oc-205">
         <name>.debug_info</name>
         <load_address>0x11182</load_address>
         <run_address>0x11182</run_address>
         <size>0x3f5</size>
         <input_file_ref idref="fl-c5"/>
      </object_component>
      <object_component id="oc-1fd">
         <name>.debug_info</name>
         <load_address>0x11577</load_address>
         <run_address>0x11577</run_address>
         <size>0x20e</size>
         <input_file_ref idref="fl-c5"/>
      </object_component>
      <object_component id="oc-21b">
         <name>.debug_info</name>
         <load_address>0x11785</load_address>
         <run_address>0x11785</run_address>
         <size>0x176</size>
         <input_file_ref idref="fl-c5"/>
      </object_component>
      <object_component id="oc-15e">
         <name>.debug_info</name>
         <load_address>0x118fb</load_address>
         <run_address>0x118fb</run_address>
         <size>0x1e4</size>
         <input_file_ref idref="fl-c5"/>
      </object_component>
      <object_component id="oc-159">
         <name>.debug_info</name>
         <load_address>0x11adf</load_address>
         <run_address>0x11adf</run_address>
         <size>0x1cd</size>
         <input_file_ref idref="fl-c5"/>
      </object_component>
      <object_component id="oc-c0">
         <name>.debug_info</name>
         <load_address>0x11cac</load_address>
         <run_address>0x11cac</run_address>
         <size>0x2c</size>
         <input_file_ref idref="fl-c5"/>
      </object_component>
      <object_component id="oc-2d0">
         <name>.debug_info</name>
         <load_address>0x11cd8</load_address>
         <run_address>0x11cd8</run_address>
         <size>0xb2</size>
         <input_file_ref idref="fl-c5"/>
      </object_component>
      <object_component id="oc-220">
         <name>.debug_info</name>
         <load_address>0x11d8a</load_address>
         <run_address>0x11d8a</run_address>
         <size>0x374</size>
         <input_file_ref idref="fl-c6"/>
      </object_component>
      <object_component id="oc-167">
         <name>.debug_info</name>
         <load_address>0x120fe</load_address>
         <run_address>0x120fe</run_address>
         <size>0x20b</size>
         <input_file_ref idref="fl-c6"/>
      </object_component>
      <object_component id="oc-221">
         <name>.debug_info</name>
         <load_address>0x12309</load_address>
         <run_address>0x12309</run_address>
         <size>0xbf</size>
         <input_file_ref idref="fl-c6"/>
      </object_component>
      <object_component id="oc-a1">
         <name>.debug_info</name>
         <load_address>0x123c8</load_address>
         <run_address>0x123c8</run_address>
         <size>0x147</size>
         <input_file_ref idref="fl-c7"/>
      </object_component>
      <object_component id="oc-9f">
         <name>.debug_info</name>
         <load_address>0x1250f</load_address>
         <run_address>0x1250f</run_address>
         <size>0x2d4</size>
         <input_file_ref idref="fl-c8"/>
      </object_component>
      <object_component id="oc-57">
         <name>.debug_info</name>
         <load_address>0x127e3</load_address>
         <run_address>0x127e3</run_address>
         <size>0x1b5</size>
         <input_file_ref idref="fl-c8"/>
      </object_component>
      <object_component id="oc-9a">
         <name>.debug_info</name>
         <load_address>0x12998</load_address>
         <run_address>0x12998</run_address>
         <size>0x46</size>
         <input_file_ref idref="fl-c8"/>
      </object_component>
      <object_component id="oc-da">
         <name>.debug_info</name>
         <load_address>0x129de</load_address>
         <run_address>0x129de</run_address>
         <size>0x2c</size>
         <input_file_ref idref="fl-c8"/>
      </object_component>
      <object_component id="oc-4f">
         <name>.debug_info</name>
         <load_address>0x12a0a</load_address>
         <run_address>0x12a0a</run_address>
         <size>0x2a8</size>
         <input_file_ref idref="fl-c9"/>
      </object_component>
      <object_component id="oc-1d">
         <name>.debug_info</name>
         <load_address>0x12cb2</load_address>
         <run_address>0x12cb2</run_address>
         <size>0x1ea</size>
         <input_file_ref idref="fl-c9"/>
      </object_component>
      <object_component id="oc-4a">
         <name>.debug_info</name>
         <load_address>0x12e9c</load_address>
         <run_address>0x12e9c</run_address>
         <size>0x46</size>
         <input_file_ref idref="fl-c9"/>
      </object_component>
      <object_component id="oc-92">
         <name>.debug_info</name>
         <load_address>0x12ee2</load_address>
         <run_address>0x12ee2</run_address>
         <size>0x2c</size>
         <input_file_ref idref="fl-c9"/>
      </object_component>
      <object_component id="oc-90">
         <name>.debug_info</name>
         <load_address>0x12f0e</load_address>
         <run_address>0x12f0e</run_address>
         <size>0x29e</size>
         <input_file_ref idref="fl-ca"/>
      </object_component>
      <object_component id="oc-18">
         <name>.debug_info</name>
         <load_address>0x131ac</load_address>
         <run_address>0x131ac</run_address>
         <size>0x250</size>
         <input_file_ref idref="fl-ca"/>
      </object_component>
      <object_component id="oc-3a">
         <name>.debug_info</name>
         <load_address>0x133fc</load_address>
         <run_address>0x133fc</run_address>
         <size>0x60</size>
         <input_file_ref idref="fl-ca"/>
      </object_component>
      <object_component id="oc-d3">
         <name>.debug_info</name>
         <load_address>0x1345c</load_address>
         <run_address>0x1345c</run_address>
         <size>0x46</size>
         <input_file_ref idref="fl-ca"/>
      </object_component>
      <object_component id="oc-8b">
         <name>.debug_info</name>
         <load_address>0x134a2</load_address>
         <run_address>0x134a2</run_address>
         <size>0x39</size>
         <input_file_ref idref="fl-ca"/>
      </object_component>
      <object_component id="oc-1d0">
         <name>.debug_info</name>
         <load_address>0x134db</load_address>
         <run_address>0x134db</run_address>
         <size>0x3ad</size>
         <input_file_ref idref="fl-cb"/>
      </object_component>
      <object_component id="oc-1ca">
         <name>.debug_info</name>
         <load_address>0x13888</load_address>
         <run_address>0x13888</run_address>
         <size>0x190</size>
         <input_file_ref idref="fl-cb"/>
      </object_component>
      <object_component id="oc-114">
         <name>.debug_info</name>
         <load_address>0x13a18</load_address>
         <run_address>0x13a18</run_address>
         <size>0x122</size>
         <input_file_ref idref="fl-cb"/>
      </object_component>
      <object_component id="oc-11a">
         <name>.debug_info</name>
         <load_address>0x13b3a</load_address>
         <run_address>0x13b3a</run_address>
         <size>0x184</size>
         <input_file_ref idref="fl-cb"/>
      </object_component>
      <object_component id="oc-26b">
         <name>.debug_info</name>
         <load_address>0x13cbe</load_address>
         <run_address>0x13cbe</run_address>
         <size>0x2c9</size>
         <input_file_ref idref="fl-cc"/>
      </object_component>
      <object_component id="oc-1cd">
         <name>.debug_info</name>
         <load_address>0x13f87</load_address>
         <run_address>0x13f87</run_address>
         <size>0x11e</size>
         <input_file_ref idref="fl-cc"/>
      </object_component>
      <object_component id="oc-265">
         <name>.debug_info</name>
         <load_address>0x140a5</load_address>
         <run_address>0x140a5</run_address>
         <size>0x12e</size>
         <input_file_ref idref="fl-cc"/>
      </object_component>
      <object_component id="oc-228">
         <name>.debug_info</name>
         <load_address>0x141d3</load_address>
         <run_address>0x141d3</run_address>
         <size>0x144</size>
         <input_file_ref idref="fl-cd"/>
      </object_component>
      <object_component id="oc-16a">
         <name>.debug_info</name>
         <load_address>0x14317</load_address>
         <run_address>0x14317</run_address>
         <size>0x102</size>
         <input_file_ref idref="fl-cd"/>
      </object_component>
      <object_component id="oc-202">
         <name>.debug_info</name>
         <load_address>0x14419</load_address>
         <run_address>0x14419</run_address>
         <size>0x18f</size>
         <input_file_ref idref="fl-cd"/>
      </object_component>
      <object_component id="oc-76">
         <name>.debug_info</name>
         <load_address>0x145a8</load_address>
         <run_address>0x145a8</run_address>
         <size>0x3b2</size>
         <input_file_ref idref="fl-ce"/>
      </object_component>
      <object_component id="oc-25">
         <name>.debug_info</name>
         <load_address>0x1495a</load_address>
         <run_address>0x1495a</run_address>
         <size>0x10c</size>
         <input_file_ref idref="fl-ce"/>
      </object_component>
      <object_component id="oc-364">
         <name>.debug_info</name>
         <load_address>0x14a66</load_address>
         <run_address>0x14a66</run_address>
         <size>0x13f</size>
         <input_file_ref idref="fl-ce"/>
      </object_component>
      <object_component id="oc-214">
         <name>.debug_info</name>
         <load_address>0x14ba5</load_address>
         <run_address>0x14ba5</run_address>
         <size>0x168</size>
         <input_file_ref idref="fl-ce"/>
      </object_component>
      <object_component id="oc-2eb">
         <name>.debug_info</name>
         <load_address>0x14d0d</load_address>
         <run_address>0x14d0d</run_address>
         <size>0x18e</size>
         <input_file_ref idref="fl-ce"/>
      </object_component>
      <object_component id="oc-2f1">
         <name>.debug_info</name>
         <load_address>0x14e9b</load_address>
         <run_address>0x14e9b</run_address>
         <size>0x19f</size>
         <input_file_ref idref="fl-ce"/>
      </object_component>
      <object_component id="oc-20e">
         <name>.debug_info</name>
         <load_address>0x1503a</load_address>
         <run_address>0x1503a</run_address>
         <size>0x203</size>
         <input_file_ref idref="fl-ce"/>
      </object_component>
      <object_component id="oc-369">
         <name>.debug_info</name>
         <load_address>0x1523d</load_address>
         <run_address>0x1523d</run_address>
         <size>0x1db</size>
         <input_file_ref idref="fl-ce"/>
      </object_component>
      <object_component id="oc-2f9">
         <name>.debug_info</name>
         <load_address>0x15418</load_address>
         <run_address>0x15418</run_address>
         <size>0x299</size>
         <input_file_ref idref="fl-ce"/>
      </object_component>
      <object_component id="oc-c5">
         <name>.debug_info</name>
         <load_address>0x156b1</load_address>
         <run_address>0x156b1</run_address>
         <size>0xb2</size>
         <input_file_ref idref="fl-ce"/>
      </object_component>
      <object_component id="oc-28">
         <name>.debug_info</name>
         <load_address>0x15763</load_address>
         <run_address>0x15763</run_address>
         <size>0x10b</size>
         <input_file_ref idref="fl-cf"/>
      </object_component>
      <object_component id="oc-63">
         <name>.debug_info</name>
         <load_address>0x1586e</load_address>
         <run_address>0x1586e</run_address>
         <size>0x1a9</size>
         <input_file_ref idref="fl-cf"/>
      </object_component>
      <object_component id="oc-354">
         <name>.debug_info</name>
         <load_address>0x15a17</load_address>
         <run_address>0x15a17</run_address>
         <size>0x402</size>
         <input_file_ref idref="fl-d0"/>
      </object_component>
      <object_component id="oc-2c6">
         <name>.debug_info</name>
         <load_address>0x15e19</load_address>
         <run_address>0x15e19</run_address>
         <size>0x245</size>
         <input_file_ref idref="fl-d0"/>
      </object_component>
      <object_component id="oc-344">
         <name>.debug_info</name>
         <load_address>0x1605e</load_address>
         <run_address>0x1605e</run_address>
         <size>0x120</size>
         <input_file_ref idref="fl-d0"/>
      </object_component>
      <object_component id="oc-1f9">
         <name>.debug_info</name>
         <load_address>0x1617e</load_address>
         <run_address>0x1617e</run_address>
         <size>0x445</size>
         <input_file_ref idref="fl-d1"/>
      </object_component>
      <object_component id="oc-155">
         <name>.debug_info</name>
         <load_address>0x165c3</load_address>
         <run_address>0x165c3</run_address>
         <size>0x2db</size>
         <input_file_ref idref="fl-d1"/>
      </object_component>
      <object_component id="oc-2c0">
         <name>.debug_info</name>
         <load_address>0x1689e</load_address>
         <run_address>0x1689e</run_address>
         <size>0xea</size>
         <input_file_ref idref="fl-d1"/>
      </object_component>
      <object_component id="oc-2bb">
         <name>.debug_info</name>
         <load_address>0x16988</load_address>
         <run_address>0x16988</run_address>
         <size>0x2c</size>
         <input_file_ref idref="fl-d1"/>
      </object_component>
      <object_component id="oc-2e9">
         <name>.debug_info</name>
         <load_address>0x169b4</load_address>
         <run_address>0x169b4</run_address>
         <size>0x3a5</size>
         <input_file_ref idref="fl-d2"/>
      </object_component>
      <object_component id="oc-207">
         <name>.debug_info</name>
         <load_address>0x16d59</load_address>
         <run_address>0x16d59</run_address>
         <size>0x1f3</size>
         <input_file_ref idref="fl-d2"/>
      </object_component>
      <object_component id="oc-35c">
         <name>.debug_info</name>
         <load_address>0x16f4c</load_address>
         <run_address>0x16f4c</run_address>
         <size>0x347</size>
         <input_file_ref idref="fl-d3"/>
      </object_component>
      <object_component id="oc-2d7">
         <name>.debug_info</name>
         <load_address>0x17293</load_address>
         <run_address>0x17293</run_address>
         <size>0x18a</size>
         <input_file_ref idref="fl-d3"/>
      </object_component>
      <object_component id="oc-289">
         <name>.debug_info</name>
         <load_address>0x1741d</load_address>
         <run_address>0x1741d</run_address>
         <size>0x42c</size>
         <input_file_ref idref="fl-d4"/>
      </object_component>
      <object_component id="oc-1e9">
         <name>.debug_info</name>
         <load_address>0x17849</load_address>
         <run_address>0x17849</run_address>
         <size>0x192</size>
         <input_file_ref idref="fl-d4"/>
      </object_component>
      <object_component id="oc-34c">
         <name>.debug_info</name>
         <load_address>0x179db</load_address>
         <run_address>0x179db</run_address>
         <size>0x1eb</size>
         <input_file_ref idref="fl-d4"/>
      </object_component>
      <object_component id="oc-47">
         <name>.debug_info</name>
         <load_address>0x17bc6</load_address>
         <run_address>0x17bc6</run_address>
         <size>0x119</size>
         <input_file_ref idref="fl-d5"/>
      </object_component>
      <object_component id="oc-1d3">
         <name>.debug_info</name>
         <load_address>0x17cdf</load_address>
         <run_address>0x17cdf</run_address>
         <size>0x4b3</size>
         <input_file_ref idref="fl-d6"/>
      </object_component>
      <object_component id="oc-11f">
         <name>.debug_info</name>
         <load_address>0x18192</load_address>
         <run_address>0x18192</run_address>
         <size>0x1a6</size>
         <input_file_ref idref="fl-d6"/>
      </object_component>
      <object_component id="oc-271">
         <name>.debug_info</name>
         <load_address>0x18338</load_address>
         <run_address>0x18338</run_address>
         <size>0x39</size>
         <input_file_ref idref="fl-d6"/>
      </object_component>
      <object_component id="oc-308">
         <name>.debug_info</name>
         <load_address>0x18371</load_address>
         <run_address>0x18371</run_address>
         <size>0x39</size>
         <input_file_ref idref="fl-d6"/>
      </object_component>
      <object_component id="oc-276">
         <name>.debug_info</name>
         <load_address>0x183aa</load_address>
         <run_address>0x183aa</run_address>
         <size>0x39</size>
         <input_file_ref idref="fl-d6"/>
      </object_component>
      <object_component id="oc-27b">
         <name>.debug_info</name>
         <load_address>0x183e3</load_address>
         <run_address>0x183e3</run_address>
         <size>0xcd</size>
         <input_file_ref idref="fl-d6"/>
      </object_component>
      <object_component id="oc-a7">
         <name>.debug_info</name>
         <load_address>0x184b0</load_address>
         <run_address>0x184b0</run_address>
         <size>0x153</size>
         <input_file_ref idref="fl-d7"/>
      </object_component>
      <object_component id="oc-3a8">
         <name>.debug_info</name>
         <load_address>0x18603</load_address>
         <run_address>0x18603</run_address>
         <size>0x29a</size>
         <input_file_ref idref="fl-da"/>
      </object_component>
      <object_component id="oc-38b">
         <name>.debug_info</name>
         <load_address>0x1889d</load_address>
         <run_address>0x1889d</run_address>
         <size>0x262</size>
         <input_file_ref idref="fl-da"/>
      </object_component>
      <object_component id="oc-315">
         <name>.debug_info</name>
         <load_address>0x18aff</load_address>
         <run_address>0x18aff</run_address>
         <size>0x28a</size>
         <input_file_ref idref="fl-db"/>
      </object_component>
      <object_component id="oc-286">
         <name>.debug_info</name>
         <load_address>0x18d89</load_address>
         <run_address>0x18d89</run_address>
         <size>0x273</size>
         <input_file_ref idref="fl-db"/>
      </object_component>
      <object_component id="oc-28b">
         <name>.debug_info</name>
         <load_address>0x18ffc</load_address>
         <run_address>0x18ffc</run_address>
         <size>0x2af</size>
         <input_file_ref idref="fl-dc"/>
      </object_component>
      <object_component id="oc-1f0">
         <name>.debug_info</name>
         <load_address>0x192ab</load_address>
         <run_address>0x192ab</run_address>
         <size>0x277</size>
         <input_file_ref idref="fl-dc"/>
      </object_component>
      <object_component id="oc-395">
         <name>.debug_info</name>
         <load_address>0x19522</load_address>
         <run_address>0x19522</run_address>
         <size>0x397</size>
         <input_file_ref idref="fl-dd"/>
      </object_component>
      <object_component id="oc-357">
         <name>.debug_info</name>
         <load_address>0x198b9</load_address>
         <run_address>0x198b9</run_address>
         <size>0x18f</size>
         <input_file_ref idref="fl-dd"/>
      </object_component>
      <object_component id="oc-2b8">
         <name>.debug_info</name>
         <load_address>0x19a48</load_address>
         <run_address>0x19a48</run_address>
         <size>0x337</size>
         <input_file_ref idref="fl-de"/>
      </object_component>
      <object_component id="oc-1f6">
         <name>.debug_info</name>
         <load_address>0x19d7f</load_address>
         <run_address>0x19d7f</run_address>
         <size>0x109</size>
         <input_file_ref idref="fl-de"/>
      </object_component>
      <object_component id="oc-351">
         <name>.debug_info</name>
         <load_address>0x19e88</load_address>
         <run_address>0x19e88</run_address>
         <size>0x109</size>
         <input_file_ref idref="fl-de"/>
      </object_component>
      <object_component id="oc-35e">
         <name>.debug_info</name>
         <load_address>0x19f91</load_address>
         <run_address>0x19f91</run_address>
         <size>0x3cf</size>
         <input_file_ref idref="fl-e0"/>
      </object_component>
      <object_component id="oc-2dd">
         <name>.debug_info</name>
         <load_address>0x1a360</load_address>
         <run_address>0x1a360</run_address>
         <size>0x195</size>
         <input_file_ref idref="fl-e0"/>
      </object_component>
      <object_component id="oc-360">
         <name>.debug_info</name>
         <load_address>0x1a4f5</load_address>
         <run_address>0x1a4f5</run_address>
         <size>0x3d1</size>
         <input_file_ref idref="fl-e1"/>
      </object_component>
      <object_component id="oc-2e3">
         <name>.debug_info</name>
         <load_address>0x1a8c6</load_address>
         <run_address>0x1a8c6</run_address>
         <size>0x1a5</size>
         <input_file_ref idref="fl-e1"/>
      </object_component>
      <object_component id="oc-331">
         <name>.debug_info</name>
         <load_address>0x1aa6b</load_address>
         <run_address>0x1aa6b</run_address>
         <size>0x373</size>
         <input_file_ref idref="fl-e2"/>
      </object_component>
      <object_component id="oc-293">
         <name>.debug_info</name>
         <load_address>0x1adde</load_address>
         <run_address>0x1adde</run_address>
         <size>0x1bc</size>
         <input_file_ref idref="fl-e2"/>
      </object_component>
      <object_component id="oc-337">
         <name>.debug_info</name>
         <load_address>0x1af9a</load_address>
         <run_address>0x1af9a</run_address>
         <size>0x378</size>
         <input_file_ref idref="fl-e3"/>
      </object_component>
      <object_component id="oc-2a6">
         <name>.debug_info</name>
         <load_address>0x1b312</load_address>
         <run_address>0x1b312</run_address>
         <size>0x210</size>
         <input_file_ref idref="fl-e3"/>
      </object_component>
      <object_component id="oc-32d">
         <name>.debug_info</name>
         <load_address>0x1b522</load_address>
         <run_address>0x1b522</run_address>
         <size>0x3a3</size>
         <input_file_ref idref="fl-e4"/>
      </object_component>
      <object_component id="oc-28d">
         <name>.debug_info</name>
         <load_address>0x1b8c5</load_address>
         <run_address>0x1b8c5</run_address>
         <size>0x20c</size>
         <input_file_ref idref="fl-e4"/>
      </object_component>
      <object_component id="oc-333">
         <name>.debug_info</name>
         <load_address>0x1bad1</load_address>
         <run_address>0x1bad1</run_address>
         <size>0x377</size>
         <input_file_ref idref="fl-e5"/>
      </object_component>
      <object_component id="oc-299">
         <name>.debug_info</name>
         <load_address>0x1be48</load_address>
         <run_address>0x1be48</run_address>
         <size>0x1fb</size>
         <input_file_ref idref="fl-e5"/>
      </object_component>
      <object_component id="oc-341">
         <name>.debug_info</name>
         <load_address>0x1c043</load_address>
         <run_address>0x1c043</run_address>
         <size>0x3d5</size>
         <input_file_ref idref="fl-e6"/>
      </object_component>
      <object_component id="oc-2b4">
         <name>.debug_info</name>
         <load_address>0x1c418</load_address>
         <run_address>0x1c418</run_address>
         <size>0x236</size>
         <input_file_ref idref="fl-e6"/>
      </object_component>
      <object_component id="oc-339">
         <name>.debug_info</name>
         <load_address>0x1c64e</load_address>
         <run_address>0x1c64e</run_address>
         <size>0x396</size>
         <input_file_ref idref="fl-e7"/>
      </object_component>
      <object_component id="oc-2ad">
         <name>.debug_info</name>
         <load_address>0x1c9e4</load_address>
         <run_address>0x1c9e4</run_address>
         <size>0x1c6</size>
         <input_file_ref idref="fl-e7"/>
      </object_component>
      <object_component id="oc-335">
         <name>.debug_info</name>
         <load_address>0x1cbaa</load_address>
         <run_address>0x1cbaa</run_address>
         <size>0x378</size>
         <input_file_ref idref="fl-e8"/>
      </object_component>
      <object_component id="oc-2a1">
         <name>.debug_info</name>
         <load_address>0x1cf22</load_address>
         <run_address>0x1cf22</run_address>
         <size>0x200</size>
         <input_file_ref idref="fl-e8"/>
      </object_component>
      <object_component id="oc-377">
         <name>.debug_info</name>
         <load_address>0x1d122</load_address>
         <run_address>0x1d122</run_address>
         <size>0x2bb</size>
         <input_file_ref idref="fl-e9"/>
      </object_component>
      <object_component id="oc-374">
         <name>.debug_info</name>
         <load_address>0x1d3dd</load_address>
         <run_address>0x1d3dd</run_address>
         <size>0x108</size>
         <input_file_ref idref="fl-e9"/>
      </object_component>
      <object_component id="oc-322">
         <name>.debug_info</name>
         <load_address>0x1d4e5</load_address>
         <run_address>0x1d4e5</run_address>
         <size>0x1df</size>
         <input_file_ref idref="fl-e9"/>
      </object_component>
      <object_component id="oc-327">
         <name>.debug_info</name>
         <load_address>0x1d6c4</load_address>
         <run_address>0x1d6c4</run_address>
         <size>0x19a</size>
         <input_file_ref idref="fl-e9"/>
      </object_component>
      <object_component id="oc-386">
         <name>.debug_info</name>
         <load_address>0x1d85e</load_address>
         <run_address>0x1d85e</run_address>
         <size>0x2a4</size>
         <input_file_ref idref="fl-ea"/>
      </object_component>
      <object_component id="oc-33e">
         <name>.debug_info</name>
         <load_address>0x1db02</load_address>
         <run_address>0x1db02</run_address>
         <size>0x24d</size>
         <input_file_ref idref="fl-ea"/>
      </object_component>
      <object_component id="oc-372">
         <name>.debug_info</name>
         <load_address>0x1dd4f</load_address>
         <run_address>0x1dd4f</run_address>
         <size>0x28f</size>
         <input_file_ref idref="fl-eb"/>
      </object_component>
      <object_component id="oc-31c">
         <name>.debug_info</name>
         <load_address>0x1dfde</load_address>
         <run_address>0x1dfde</run_address>
         <size>0x245</size>
         <input_file_ref idref="fl-eb"/>
      </object_component>
      <object_component id="oc-3dd">
         <name>.debug_info</name>
         <load_address>0x1e223</load_address>
         <run_address>0x1e223</run_address>
         <size>0xcb</size>
      </object_component>
      <object_component id="oc-150">
         <name>.debug_line</name>
         <load_address>0x0</load_address>
         <run_address>0x0</run_address>
         <size>0x88</size>
         <input_file_ref idref="fl-2"/>
      </object_component>
      <object_component id="oc-89">
         <name>.debug_line</name>
         <load_address>0x88</load_address>
         <run_address>0x88</run_address>
         <size>0x6f</size>
         <input_file_ref idref="fl-2"/>
      </object_component>
      <object_component id="oc-42">
         <name>.debug_line</name>
         <load_address>0xf7</load_address>
         <run_address>0xf7</run_address>
         <size>0x20</size>
         <input_file_ref idref="fl-2"/>
[...]
      <symbol id="sm-545">
         <name>GPIOPortK_Handler</name>
         <value>0x2d23</value>
         <object_component_ref idref="oc-2a"/>
      </symbol>
      <symbol id="sm-546">
         <name>WideTimer3B_Handler</name>
         <value>0x2d4f</value>
         <object_component_ref idref="oc-2a"/>
      </symbol>
      <symbol id="sm-547">
         <name>WideTimer1B_Handler</name>
         <value>0x2d47</value>
         <object_component_ref idref="oc-2a"/>
      </symbol>
      <symbol id="sm-548">
         <name>WideTimer5B_Handler</name>
         <value>0x2d57</value>
         <object_component_ref idref="oc-2a"/>
      </symbol>
      <symbol id="sm-549">
         <name>SysCtl_Handler</name>
         <value>0x2ced</value>
         <object_component_ref idref="oc-2a"/>
      </symbol>
      <symbol id="sm-54a">
         <name>GPIOPortB_Handler</name>
         <value>0x2cb7</value>
         <object_component_ref idref="oc-2a"/>
      </symbol>
      <symbol id="sm-54b">
         <name>uDMA_Handler</name>
         <value>0x2d11</value>
         <object_component_ref idref="oc-2a"/>
      </symbol>
      <symbol id="sm-54c">
         <name>ADC0Seq1_Handler</name>
         <value>0x2cd3</value>
         <object_component_ref idref="oc-2a"/>
      </symbol>
      <symbol id="sm-54d">
         <name>UART0_Handler</name>
         <value>0x2cbf</value>
         <object_component_ref idref="oc-2a"/>
      </symbol>
      <symbol id="sm-54e">
         <name>GPIOPortP7_Handler</name>
         <value>0x2d79</value>
         <object_component_ref idref="oc-2a"/>
      </symbol>
      <symbol id="sm-54f">
         <name>PWM1Fault_Handler</name>
         <value>0x2d97</value>
         <object_component_ref idref="oc-2a"/>
      </symbol>
      <symbol id="sm-550">
         <name>I2C1_Handler</name>
         <value>0x2cff</value>
         <object_component_ref idref="oc-2a"/>
      </symbol>
      <symbol id="sm-551">
         <name>SSI3_Handler</name>
         <value>0x2d29</value>
         <object_component_ref idref="oc-2a"/>
      </symbol>
      <symbol id="sm-552">
         <name>GPIOPortM_Handler</name>
         <value>0x2d63</value>
         <object_component_ref idref="oc-2a"/>
      </symbol>
      <symbol id="sm-553">
         <name>g_pfnVectors</name>
         <value>0x0</value>
         <object_component_ref idref="oc-12"/>
      </symbol>
      <symbol id="sm-554">
         <name>GPIOPortD_Handler</name>
         <value>0x2cbb</value>
         <object_component_ref idref="oc-2a"/>
      </symbol>
      <symbol id="sm-555">
         <name>GPIOPortQ2_Handler</name>
         <value>0x2d7f</value>
         <object_component_ref idref="oc-2a"/>
      </symbol>
      <symbol id="sm-556">
         <name>UART2_Handler</name>
         <value>0x2cf7</value>
         <object_component_ref idref="oc-2a"/>
      </symbol>
      <symbol id="sm-557">
         <name>CAN1_Handler</name>
         <value>0x2d05</value>
         <object_component_ref idref="oc-2a"/>
      </symbol>
      <symbol id="sm-558">
         <name>Quadrature0_Handler</name>
         <value>0x2ccf</value>
         <object_component_ref idref="oc-2a"/>
      </symbol>
      <symbol id="sm-559">
         <name>WideTimer2B_Handler</name>
         <value>0x2d4b</value>
         <object_component_ref idref="oc-2a"/>
      </symbol>
      <symbol id="sm-55a">
         <name>WideTimer0B_Handler</name>
         <value>0x2d43</value>
         <object_component_ref idref="oc-2a"/>
      </symbol>
      <symbol id="sm-55b">
         <name>WideTimer4B_Handler</name>
         <value>0x2d53</value>
         <object_component_ref idref="oc-2a"/>
      </symbol>
      <symbol id="sm-55c">
         <name>GPIOPortQ_Handler</name>
         <value>0x2d7b</value>
         <object_component_ref idref="oc-2a"/>
      </symbol>
      <symbol id="sm-55d">
         <name>DisableInterrupts</name>
         <value>0x2d99</value>
         <object_component_ref idref="oc-2a"/>
      </symbol>
      <symbol id="sm-55e">
         <name>Comp0_Handler</name>
         <value>0x2ce7</value>
         <object_component_ref idref="oc-2a"/>
      </symbol>
      <symbol id="sm-55f">
         <name>PWM0Generator2_Handler</name>
         <value>0x2ccd</value>
         <object_component_ref idref="oc-2a"/>
      </symbol>
      <symbol id="sm-560">
         <name>I2C3_Handler</name>
         <value>0x2d37</value>
         <object_component_ref idref="oc-2a"/>
      </symbol>
      <symbol id="sm-561">
         <name>Ethernet_Handler</name>
         <value>0x2d09</value>
         <object_component_ref idref="oc-2a"/>
      </symbol>
      <symbol id="sm-562">
         <name>PWM1Generator3_Handler</name>
         <value>0x2d95</value>
         <object_component_ref idref="oc-2a"/>
      </symbol>
      <symbol id="sm-563">
         <name>I2C4_Handler</name>
         <value>0x2d5f</value>
         <object_component_ref idref="oc-2a"/>
      </symbol>
      <symbol id="sm-564">
         <name>Fan0_Handler</name>
         <value>0x2d69</value>
         <object_component_ref idref="oc-2a"/>
      </symbol>
      <symbol id="sm-565">
         <name>WaitForInterrupt</name>
         <value>0x2daf</value>
         <object_component_ref idref="oc-2a"/>
      </symbol>
      <symbol id="sm-566">
         <name>ADC1Seq3_Handler</name>
         <value>0x2d1b</value>
         <object_component_ref idref="oc-2a"/>
      </symbol>
      <symbol id="sm-567">
         <name>GPIOPortF_Handler</name>
         <value>0x2cf1</value>
         <object_component_ref idref="oc-2a"/>
      </symbol>
      <symbol id="sm-568">
         <name>GPIOPortQ4_Handler</name>
         <value>0x2d83</value>
         <object_component_ref idref="oc-2a"/>
      </symbol>
      <symbol id="sm-569">
         <name>EnableInterrupts</name>
         <value>0x2d9d</value>
         <object_component_ref idref="oc-2a"/>
      </symbol>
      <symbol id="sm-56a">
         <name>GPIOPortA_Handler</name>
         <value>0x2cb5</value>
         <object_component_ref idref="oc-2a"/>
      </symbol>
      <symbol id="sm-56b">
         <name>UART4_Handler</name>
         <value>0x2d2d</value>
         <object_component_ref idref="oc-2a"/>
      </symbol>
      <symbol id="sm-56c">
         <name>Quadrature2_Handler</name>
         <value>0x2d67</value>
         <object_component_ref idref="oc-2a"/>
      </symbol>
      <symbol id="sm-56d">
         <name>GPIOPortP2_Handler</name>
         <value>0x2d6f</value>
         <object_component_ref idref="oc-2a"/>
      </symbol>
      <symbol id="sm-56e">
         <name>GPIOPortS_Handler</name>
         <value>0x2d8d</value>
         <object_component_ref idref="oc-2a"/>
      </symbol>
      <symbol id="sm-56f">
         <name>Comp2_Handler</name>
         <value>0x2ceb</value>
         <object_component_ref idref="oc-2a"/>
      </symbol>
      <symbol id="sm-570">
         <name>DebugMon_Handler</name>
         <value>0x2caf</value>
         <object_component_ref idref="oc-2a"/>
      </symbol>
      <symbol id="sm-571">
         <name>PWM0Generator0_Handler</name>
         <value>0x2cc9</value>
         <object_component_ref idref="oc-2a"/>
      </symbol>
      <symbol id="sm-572">
         <name>PWM1Generator1_Handler</name>
         <value>0x2d91</value>
         <object_component_ref idref="oc-2a"/>
      </symbol>
      <symbol id="sm-573">
         <name>SSI0_Handler</name>
         <value>0x2cc3</value>
         <object_component_ref idref="oc-2a"/>
      </symbol>
      <symbol id="sm-574">
         <name>ADC1Seq1_Handler</name>
         <value>0x2d17</value>
         <object_component_ref idref="oc-2a"/>
      </symbol>
      <symbol id="sm-575">
         <name>GPIOPortH_Handler</name>
         <value>0x2cf5</value>
         <object_component_ref idref="oc-2a"/>
      </symbol>
      <symbol id="sm-576">
         <name>GPIOPortQ6_Handler</name>
         <value>0x2d87</value>
         <object_component_ref idref="oc-2a"/>
      </symbol>
      <symbol id="sm-577">
         <name>GPIOPortC_Handler</name>
         <value>0x2cb9</value>
         <object_component_ref idref="oc-2a"/>
      </symbol>
      <symbol id="sm-578">
         <name>GPIOPortQ1_Handler</name>
         <value>0x2d7d</value>
         <object_component_ref idref="oc-2a"/>
      </symbol>
      <symbol id="sm-579">
         <name>UART6_Handler</name>
         <value>0x2d31</value>
         <object_component_ref idref="oc-2a"/>
      </symbol>
      <symbol id="sm-57a">
         <name>ADC0Seq2_Handler</name>
         <value>0x2cd5</value>
         <object_component_ref idref="oc-2a"/>
      </symbol>
      <symbol id="sm-5d6">
         <name>__TI_cleanup</name>
         <value>0x3bc9</value>
         <object_component_ref idref="oc-219"/>
      </symbol>
      <symbol id="sm-5d7">
         <name>freopen</name>
         <value>0x3c65</value>
         <object_component_ref idref="oc-15d"/>
      </symbol>
      <symbol id="sm-5d8">
         <name>fopen</name>
         <value>0x33b5</value>
         <object_component_ref idref="oc-157"/>
      </symbol>
      <symbol id="sm-5f9">
         <name>setvbuf</name>
         <value>0x30a9</value>
         <object_component_ref idref="oc-163"/>
      </symbol>
      <symbol id="sm-608">
         <name>__aeabi_memset</name>
         <value>0x3577</value>
         <object_component_ref idref="oc-a0"/>
      </symbol>
      <symbol id="sm-609">
         <name>memset</name>
         <value>0x357d</value>
         <object_component_ref idref="oc-a0"/>
      </symbol>
      <symbol id="sm-60a">
         <name>__aeabi_memset8</name>
         <value>0x3577</value>
         <object_component_ref idref="oc-a0"/>
      </symbol>
      <symbol id="sm-60b">
         <name>__aeabi_memset4</name>
         <value>0x3577</value>
         <object_component_ref idref="oc-a0"/>
      </symbol>
      <symbol id="sm-60c">
         <name>__aeabi_memclr8</name>
         <value>0x3575</value>
         <object_component_ref idref="oc-a0"/>
      </symbol>
      <symbol id="sm-60d">
         <name>__aeabi_memclr4</name>
         <value>0x3575</value>
         <object_component_ref idref="oc-a0"/>
      </symbol>
      <symbol id="sm-60e">
         <name>__aeabi_memclr</name>
         <value>0x3575</value>
         <object_component_ref idref="oc-a0"/>
      </symbol>
      <symbol id="sm-625">
         <name>__TI_zero_init</name>
         <value>0x3dc5</value>
         <object_component_ref idref="oc-56"/>
      </symbol>
      <symbol id="sm-63c">
         <name>__TI_decompress_none</name>
         <value>0x3db7</value>
         <object_component_ref idref="oc-1b"/>
      </symbol>
      <symbol id="sm-65f">
         <name>__TI_decompress_lzss</name>
         <value>0x37a9</value>
         <object_component_ref idref="oc-15"/>
      </symbol>
      <symbol id="sm-685">
         <name>C$$EXIT</name>
         <value>0x3ddd</value>
         <object_component_ref idref="oc-111"/>
      </symbol>
      <symbol id="sm-686">
         <name>abort</name>
         <value>0x3ddd</value>
         <object_component_ref idref="oc-111"/>
      </symbol>
      <symbol id="sm-687">
         <name>__TI_dtors_ptr</name>
         <value>0x200029e4</value>
         <object_component_ref idref="oc-1c9"/>
      </symbol>
      <symbol id="sm-688">
         <name>__TI_cleanup_ptr</name>
         <value>0x200029e0</value>
         <object_component_ref idref="oc-1c9"/>
      </symbol>
      <symbol id="sm-689">
         <name>__TI_enable_exit_profile_output</name>
         <value>0x200029e8</value>
         <object_component_ref idref="oc-1c9"/>
      </symbol>
      <symbol id="sm-68a">
         <name>exit</name>
         <value>0x39c9</value>
         <object_component_ref idref="oc-117"/>
      </symbol>
      <symbol id="sm-69f">
         <name>_nop</name>
         <value>0x2db3</value>
         <object_component_ref idref="oc-263"/>
      </symbol>
      <symbol id="sm-6a0">
         <name>_lock</name>
         <value>0x200029ec</value>
         <object_component_ref idref="oc-1cc"/>
      </symbol>
      <symbol id="sm-6a1">
         <name>_unlock</name>
         <value>0x200029f0</value>
         <object_component_ref idref="oc-1cc"/>
      </symbol>
      <symbol id="sm-6b6">
         <name>__TI_tmpnams</name>
         <value>0x20002528</value>
      </symbol>
      <symbol id="sm-6b7">
         <name>__aeabi_stdout</name>
         <value>0x200029d8</value>
         <object_component_ref idref="oc-201"/>
      </symbol>
      <symbol id="sm-6b8">
         <name>__aeabi_stderr</name>
         <value>0x200029dc</value>
         <object_component_ref idref="oc-201"/>
      </symbol>
      <symbol id="sm-6b9">
         <name>__aeabi_stdin</name>
         <value>0x200029d4</value>
         <object_component_ref idref="oc-201"/>
      </symbol>
      <symbol id="sm-6ba">
         <name>_ftable</name>
         <value>0x20002818</value>
         <object_component_ref idref="oc-169"/>
      </symbol>
      <symbol id="sm-6bb">
         <name>__TI_ft_end</name>
         <value>0x200029d0</value>
         <object_component_ref idref="oc-201"/>
      </symbol>
      <symbol id="sm-73f">
         <name>_sys_memory</name>
         <value>0x20002a10</value>
         <object_component_ref idref="oc-24"/>
      </symbol>
      <symbol id="sm-740">
         <name>free</name>
         <value>0x2fc5</value>
         <object_component_ref idref="oc-20d"/>
      </symbol>
      <symbol id="sm-741">
         <name>memalign</name>
         <value>0x2ec5</value>
         <object_component_ref idref="oc-2f7"/>
      </symbol>
      <symbol id="sm-742">
         <name>malloc</name>
         <value>0x3dd1</value>
         <object_component_ref idref="oc-213"/>
      </symbol>
      <symbol id="sm-743">
         <name>aligned_alloc</name>
         <value>0x2ec5</value>
         <object_component_ref idref="oc-2f7"/>
      </symbol>
      <symbol id="sm-756">
         <name>__stack</name>
         <value>0x20002618</value>
         <object_component_ref idref="oc-27"/>
      </symbol>
      <symbol id="sm-757">
         <name>_c_int00_noargs</name>
         <value>0x3c31</value>
         <object_component_ref idref="oc-62"/>
      </symbol>
      <symbol id="sm-779">
         <name>open</name>
         <value>0x3241</value>
         <object_component_ref idref="oc-2c5"/>
      </symbol>
      <symbol id="sm-79e">
         <name>add_device</name>
         <value>0x32fd</value>
         <object_component_ref idref="oc-151"/>
      </symbol>
      <symbol id="sm-7b3">
         <name>__TI_closefile</name>
         <value>0x35f1</value>
         <object_component_ref idref="oc-206"/>
      </symbol>
      <symbol id="sm-7c3">
         <name>__TI_doflush</name>
         <value>0x397d</value>
         <object_component_ref idref="oc-2d5"/>
      </symbol>
      <symbol id="sm-7e1">
         <name>finddevice</name>
         <value>0x3c99</value>
         <object_component_ref idref="oc-1e8"/>
      </symbol>
      <symbol id="sm-7e2">
         <name>getdevice</name>
         <value>0x3add</value>
         <object_component_ref idref="oc-349"/>
      </symbol>
      <symbol id="sm-7fd">
         <name>memcpy</name>
         <value>0x3451</value>
         <object_component_ref idref="oc-44"/>
      </symbol>
      <symbol id="sm-7fe">
         <name>__aeabi_memcpy</name>
         <value>0x3451</value>
         <object_component_ref idref="oc-44"/>
      </symbol>
      <symbol id="sm-7ff">
         <name>__aeabi_memcpy8</name>
         <value>0x3451</value>
         <object_component_ref idref="oc-44"/>
      </symbol>
      <symbol id="sm-800">
         <name>__aeabi_memcpy4</name>
         <value>0x3451</value>
         <object_component_ref idref="oc-44"/>
      </symbol>
      <symbol id="sm-828">
         <name>__TI_auto_init_nobinit_nopinit</name>
         <value>0x3a99</value>
         <object_component_ref idref="oc-11d"/>
      </symbol>
      <symbol id="sm-832">
         <name>_system_pre_init</name>
         <value>0x3dd9</value>
         <object_component_ref idref="oc-a6"/>
      </symbol>
      <symbol id="sm-844">
         <name>strchr</name>
         <value>0x3d79</value>
         <object_component_ref idref="oc-389"/>
      </symbol>
      <symbol id="sm-853">
         <name>strcmp</name>
         <value>0x3d61</value>
         <object_component_ref idref="oc-282"/>
      </symbol>
      <symbol id="sm-863">
         <name>strncpy</name>
         <value>0x3b91</value>
         <object_component_ref idref="oc-1ee"/>
      </symbol>
      <symbol id="sm-873">
         <name>write</name>
         <value>0x3d1d</value>
         <object_component_ref idref="oc-355"/>
      </symbol>
      <symbol id="sm-884">
         <name>_stream</name>
         <value>0x20002980</value>
         <object_component_ref idref="oc-350"/>
      </symbol>
      <symbol id="sm-885">
         <name>_device</name>
         <value>0x20002908</value>
         <object_component_ref idref="oc-1f5"/>
      </symbol>
      <symbol id="sm-89a">
         <name>close</name>
         <value>0x3871</value>
         <object_component_ref idref="oc-2db"/>
      </symbol>
      <symbol id="sm-8aa">
         <name>unlink</name>
         <value>0x3cc9</value>
         <object_component_ref idref="oc-2e1"/>
      </symbol>
      <symbol id="sm-8bb">
         <name>HOSTclose</name>
         <value>0x3a11</value>
         <object_component_ref idref="oc-292"/>
      </symbol>
      <symbol id="sm-8cc">
         <name>HOSTlseek</name>
         <value>0x3741</value>
         <object_component_ref idref="oc-2a4"/>
      </symbol>
      <symbol id="sm-8de">
         <name>parmbuf</name>
         <value>0x200025e2</value>
      </symbol>
      <symbol id="sm-8df">
         <name>HOSTopen</name>
         <value>0x3811</value>
         <object_component_ref idref="oc-28c"/>
      </symbol>
      <symbol id="sm-8f0">
         <name>HOSTread</name>
         <value>0x38cd</value>
         <object_component_ref idref="oc-298"/>
      </symbol>
      <symbol id="sm-901">
         <name>HOSTrename</name>
         <value>0x36d5</value>
         <object_component_ref idref="oc-2b0"/>
      </symbol>
      <symbol id="sm-912">
         <name>HOSTunlink</name>
         <value>0x3a55</value>
         <object_component_ref idref="oc-2aa"/>
      </symbol>
      <symbol id="sm-923">
         <name>HOSTwrite</name>
         <value>0x3925</value>
         <object_component_ref idref="oc-29e"/>
      </symbol>
      <symbol id="sm-947">
         <name>__TI_readmsg</name>
         <value>0x3bfd</value>
         <object_component_ref idref="oc-326"/>
      </symbol>
      <symbol id="sm-948">
         <name>C$$IO$$</name>
         <value>0x3b87</value>
         <object_component_ref idref="oc-320"/>
      </symbol>
      <symbol id="sm-949">
         <name>__CIOBUF_</name>
         <value>0x20002340</value>
         <object_component_ref idref="oc-373"/>
      </symbol>
      <symbol id="sm-94a">
         <name>__TI_writemsg</name>
         <value>0x3b59</value>
         <object_component_ref idref="oc-320"/>
      </symbol>
      <symbol id="sm-958">
         <name>strcpy</name>
         <value>0x3d8f</value>
         <object_component_ref idref="oc-33a"/>
      </symbol>
      <symbol id="sm-966">
         <name>strlen</name>
         <value>0x3da3</value>
         <object_component_ref idref="oc-31a"/>
      </symbol>
      <symbol id="sm-967">
         <name>__TI_static_base__</name>
         <value>0x0</value>
      </symbol>
      <symbol id="sm-96a">
         <name>__mpu_init</name>
         <value>0x0</value>
      </symbol>
      <symbol id="sm-96b">
         <name>_system_post_cinit</name>
         <value>0x0</value>
      </symbol>
      <symbol id="sm-96c">
         <name>remove</name>
         <value>0x3cc9</value>
      </symbol>
   </symbol_table>
   <title>Link successful</title>
</link_info>
