******************************************************************************
                  TI ARM Linker PC v20.2.7                     
******************************************************************************
>> Linked Sun Sep  1 12:15:42 2024

OUTPUT FILE NAME:   <Lab2.out>
ENTRY POINT SYMBOL: "_c_int00_noargs"  address: 00003c31


MEMORY CONFIGURATION

         name            origin    length      used     unused   attr    fill
----------------------  --------  ---------  --------  --------  ----  --------
  FLASH                 00000000   00040000  000043fd  0003bc03  R  X
  SRAM                  20000000   00008000  00002a1e  000055e2  RW X


SEGMENT ALLOCATION MAP

run origin  load origin   length   init length attrs members
----------  ----------- ---------- ----------- ----- -------
00000000    00000000    00004400   00004400    r-x
  00000000    00000000    0000026c   0000026c    r-- .intvecs
  0000026c    0000026c    00003b74   00003b74    r-x .text
  00003de0    00003de0    00000585   00000585    r-- .const
  00004368    00004368    00000098   00000098    r-- .cinit
20000000    20000000    00002a20   00000000    rw-
  20000000    20000000    00002616   00000000    rw- .bss
  20002618    20002618    00000200   00000000    rw- .stack
  20002818    20002818    000001f8   00000000    rw- .data
  20002a10    20002a10    00000010   00000000    rw- .sysmem


SECTION ALLOCATION MAP

 output                                  attributes/
section   page    origin      length       input sections
--------  ----  ----------  ----------   ----------------
.intvecs   0    00000000    0000026c     
                  00000000    0000026c     tm4c123gh6pm_startup_ccs.obj (.intvecs)

.text      0    0000026c    00003b74     
                  0000026c    0000186c     SSD1306.obj (.text)
                  00001ad8    00000670     I2C1.obj (.text)
                  00002148    00000554     Lab2.obj (.text)
                  0000269c    000004ec     UART.obj (.text)
                  00002b88    00000118     LaunchPad.obj (.text)
                  00002ca0    00000112     tm4c123gh6pm_startup_ccs.obj (.text)
                  00002db2    00000002     rtsv7M4_T_le_v4SPD16_eabi.lib : _lock.c.obj (.text:_nop)
                  00002db4    00000110                                   : fopen.c.obj (.text:_openfile)
                  00002ec4    00000100                                   : memory.c.obj (.text:aligned_alloc)
                  00002fc4    000000e4                                   : memory.c.obj (.text:free)
                  000030a8    000000dc                                   : setvbuf.c.obj (.text:setvbuf)
                  00003184    000000bc     Timer2A.obj (.text)
                  00003240    000000bc     rtsv7M4_T_le_v4SPD16_eabi.lib : open.c.obj (.text:open)
                  000032fc    000000b8                                   : add_device.c.obj (.text:add_device)
                  000033b4    0000009c                                   : fopen.c.obj (.text:fopen)
                  00003450    0000009c                                   : memcpy_t2.asm.obj (.text)
                  000034ec    00000088     PLL.obj (.text)
                  00003574    0000007a     rtsv7M4_T_le_v4SPD16_eabi.lib : memset_t2.asm.obj (.text)
                  000035ee    00000002     --HOLE-- [fill = 0]
                  000035f0    00000074                                   : fclose.c.obj (.text:__TI_closefile)
                  00003664    00000070                                   : memory.c.obj (.text:split)
                  000036d4    0000006c                                   : hostrename.c.obj (.text:HOSTrename)
                  00003740    00000068                                   : hostlseek.c.obj (.text:HOSTlseek)
                  000037a8    00000068                                   : copy_decompress_lzss.c.obj (.text:decompress:lzss:__TI_decompress_lzss)
                  00003810    00000060                                   : hostopen.c.obj (.text:HOSTopen)
                  00003870    0000005c                                   : close.c.obj (.text:close)
                  000038cc    00000058                                   : hostread.c.obj (.text:HOSTread)
                  00003924    00000058                                   : hostwrite.c.obj (.text:HOSTwrite)
                  0000397c    0000004c                                   : fflush.c.obj (.text:__TI_doflush)
                  000039c8    00000048                                   : exit.c.obj (.text:exit)
                  00003a10    00000044                                   : hostclose.c.obj (.text:HOSTclose)
                  00003a54    00000044                                   : hostunlink.c.obj (.text:HOSTunlink)
                  00003a98    00000044                                   : autoinit.c.obj (.text:__TI_auto_init_nobinit_nopinit:__TI_auto_init_nobinit_nopinit)
                  00003adc    00000044                                   : getdevice.c.obj (.text:getdevice)
                  00003b20    00000038     CortexM.obj (.text)
                  00003b58    00000038     rtsv7M4_T_le_v4SPD16_eabi.lib : trgmsg.c.obj (.text:__TI_writemsg)
                  00003b90    00000036                                   : strncpy.c.obj (.text:strncpy)
                  00003bc6    00000002     --HOLE-- [fill = 0]
                  00003bc8    00000034                                   : fopen.c.obj (.text:__TI_cleanup)
                  00003bfc    00000034                                   : trgmsg.c.obj (.text:__TI_readmsg)
                  00003c30    00000034                                   : boot_cortex_m.c.obj (.text:_c_int00_noargs:_c_int00_noargs)
                  00003c64    00000034                                   : fopen.c.obj (.text:freopen)
                  00003c98    00000030                                   : getdevice.c.obj (.text:finddevice)
                  00003cc8    0000002c                                   : unlink.c.obj (.text:unlink)
                  00003cf4    00000028                                   : memory.c.obj (.text:free_list_insert)
                  00003d1c    00000028                                   : write.c.obj (.text:write)
                  00003d44    0000001c                                   : memory.c.obj (.text:free_list_remove)
                  00003d60    00000018                                   : strcmp.c.obj (.text:strcmp)
                  00003d78    00000016                                   : strchr.c.obj (.text:strchr)
                  00003d8e    00000014                                   : strcpy.c.obj (.text:strcpy)
                  00003da2    00000014                                   : strlen.c.obj (.text:strlen)
                  00003db6    0000000e                                   : copy_decompress_none.c.obj (.text:decompress:none:__TI_decompress_none)
                  00003dc4    0000000c                                   : copy_zero_init.c.obj (.text:decompress:ZI:__TI_zero_init)
                  00003dd0    00000008                                   : memory.c.obj (.text:malloc)
                  00003dd8    00000004                                   : pre_init.c.obj (.text:_system_pre_init)
                  00003ddc    00000004                                   : exit.c.obj (.text:abort:abort)

.const     0    00003de0    00000585     
                  00003de0    00000540     SSD1306.obj (.const:ASCII)
                  00004320    00000008     SSD1306.obj (.const:.string:postmask)
                  00004328    00000008     SSD1306.obj (.const:.string:premask)
                  00004330    00000007     SSD1306.obj (.const:.string:init5)
                  00004337    00000005     SSD1306.obj (.const:.string:dlist1)
                  0000433c    00000005     SSD1306.obj (.const:.string:init1)
                  00004341    00000005     SSD1306.obj (.const:.string:init2)
                  00004346    00000005     SSD1306.obj (.const:.string:init3)
                  0000434b    00000004     SSD1306.obj (.const:.string:init4b)
                  0000434f    00000003     SSD1306.obj (.const:.string:scrollList1b)
                  00004352    00000003     SSD1306.obj (.const:.string:scrollList2b)
                  00004355    00000002     SSD1306.obj (.const:.string:scrollList1a)
                  00004357    00000002     SSD1306.obj (.const:.string:scrollList2a)
                  00004359    00000002     SSD1306.obj (.const:.string:scrollList3a)
                  0000435b    00000002     SSD1306.obj (.const:.string:scrollList3b)
                  0000435d    00000002     SSD1306.obj (.const:.string:scrollList3c)
                  0000435f    00000002     SSD1306.obj (.const:.string:scrollList4a)
                  00004361    00000002     SSD1306.obj (.const:.string:scrollList4b)
                  00004363    00000002     SSD1306.obj (.const:.string:scrollList4c)

.cinit     0    00004368    00000098     
                  00004368    0000006f     (.cinit..data.load) [load image, compression = lzss]
                  000043d7    00000001     --HOLE-- [fill = 0]
                  000043d8    0000000c     (__TI_handler_table)
                  000043e4    00000004     --HOLE-- [fill = 0]
                  000043e8    00000008     (.cinit..bss.load) [load image, compression = zero_init]
                  000043f0    00000010     (__TI_cinit_table)

.init_array 
*          0    00000000    00000000     UNINITIALIZED

.bss       0    20000000    00002616     UNINITIALIZED
                  20000000    00000fa0     (.common:DataBuf)
                  20000fa0    00000fa0     (.common:TimeBuf)
                  20001f40    00000400     (.common:buffer)
                  20002340    00000120     rtsv7M4_T_le_v4SPD16_eabi.lib : trgmsg.c.obj (.bss:_CIOBUF_)
                  20002460    000000c8     (.common:PMF)
                  20002528    000000a0     (.common:__TI_tmpnams)
                  200025c8    0000001a     SSD1306.obj (.bss)
                  200025e2    00000008     (.common:parmbuf)
                  200025ea    00000002     (.common:StartX)
                  200025ec    00000004     (.common:Averaging)
                  200025f0    00000004     (.common:Distance)
                  200025f4    00000004     (.common:Num)
                  200025f8    00000004     (.common:PMFmax)
                  200025fc    00000004     (.common:PeriodicTask2)
                  20002600    00000004     (.common:Signal)
                  20002604    00000004     (.common:Vmax)
                  20002608    00000004     (.common:Vmin)
                  2000260c    00000004     (.common:rotation)
                  20002610    00000004     (.common:vccstate)
                  20002614    00000002     (.common:StartY)

.stack     0    20002618    00000200     UNINITIALIZED
                  20002618    00000004     rtsv7M4_T_le_v4SPD16_eabi.lib : boot_cortex_m.c.obj (.stack)
                  2000261c    000001fc     --HOLE--

.data      0    20002818    000001f8     UNINITIALIZED
                  20002818    000000f0     rtsv7M4_T_le_v4SPD16_eabi.lib : defs.c.obj (.data:_ftable)
                  20002908    00000078                                   : host_device.c.obj (.data:_device)
                  20002980    00000050                                   : host_device.c.obj (.data:_stream)
                  200029d0    00000010                                   : defs.c.obj (.data)
                  200029e0    0000000c                                   : exit.c.obj (.data:$O1$$)
                  200029ec    00000008                                   : _lock.c.obj (.data:$O1$$)
                  200029f4    00000008                                   : memory.c.obj (.data:$O1$$)
                  200029fc    00000004     Lab2.obj (.data)
                  20002a00    00000004     SSD1306.obj (.data)
                  20002a04    00000004     rtsv7M4_T_le_v4SPD16_eabi.lib : add_device.c.obj (.data)
                  20002a08    00000004                                   : fopen.c.obj (.data)
                  20002a0c    00000004                                   : open.c.obj (.data)

.sysmem    0    20002a10    00000010     UNINITIALIZED
                  20002a10    00000010     rtsv7M4_T_le_v4SPD16_eabi.lib : memory.c.obj (.sysmem)

__llvm_prf_cnts 
*          0    20000000    00000000     UNINITIALIZED

MODULE SUMMARY

       Module                         code    ro data   rw data
       ------                         ----    -------   -------
    .\
       Lab2.obj                       1364    0         8232   
       SSD1306.obj                    6252    1413      1066   
       I2C1.obj                       1648    0         0      
       UART.obj                       1260    0         0      
       tm4c123gh6pm_startup_ccs.obj   274     620       0      
       LaunchPad.obj                  280     0         0      
       Timer2A.obj                    188     0         4      
       PLL.obj                        136     0         0      
       CortexM.obj                    56      0         0      
    +--+------------------------------+-------+---------+---------+
       Total:                         11458   2033      9302   
                                                               
    C:\ti\ccs1280\ccs\tools\compiler\ti-cgt-arm_20.2.7.LTS\lib\rtsv7M4_T_le_v4SPD16_eabi.lib
       memory.c.obj                   672     0         8      
       fopen.c.obj                    532     0         4      
       defs.c.obj                     0       0         416    
       trgmsg.c.obj                   108     0         288    
       setvbuf.c.obj                  220     0         0      
       host_device.c.obj              0       0         200    
       open.c.obj                     188     0         4      
       add_device.c.obj               184     0         4      
       memcpy_t2.asm.obj              156     0         0      
       memset_t2.asm.obj              122     0         0      
       fclose.c.obj                   116     0         0      
       getdevice.c.obj                116     0         0      
       hostrename.c.obj               108     0         0      
       copy_decompress_lzss.c.obj     104     0         0      
       hostlseek.c.obj                104     0         0      
       hostopen.c.obj                 96      0         8      
       close.c.obj                    92      0         0      
       exit.c.obj                     76      0         12     
       hostread.c.obj                 88      0         0      
       hostwrite.c.obj                88      0         0      
       fflush.c.obj                   76      0         0      
       autoinit.c.obj                 68      0         0      
       hostclose.c.obj                68      0         0      
       hostunlink.c.obj               68      0         0      
       strncpy.c.obj                  54      0         0      
       boot_cortex_m.c.obj            52      0         0      
       unlink.c.obj                   44      0         0      
       write.c.obj                    40      0         0      
       strcmp.c.obj                   24      0         0      
       strchr.c.obj                   22      0         0      
       strcpy.c.obj                   20      0         0      
       strlen.c.obj                   20      0         0      
       copy_decompress_none.c.obj     14      0         0      
       copy_zero_init.c.obj           12      0         0      
       _lock.c.obj                    2       0         8      
       pre_init.c.obj                 4       0         0      
    +--+------------------------------+-------+---------+---------+
       Total:                         3758    0         952    
                                                               
       Heap:                          0       0         16     
       Stack:                         0       0         512    
       Linker Generated:              0       147       0      
    +--+------------------------------+-------+---------+---------+
       Grand Total:                   15216   2180      10782  


LINKER GENERATED COPY TABLES

__TI_cinit_table @ 000043f0 records: 2, size/record: 8, table size: 16
	.data: load addr=00004368, load size=0000006f bytes, run addr=20002818, run size=000001f8 bytes, compression=lzss
	.bss: load addr=000043e8, load size=00000008 bytes, run addr=20000000, run size=00002616 bytes, compression=zero_init


LINKER GENERATED HANDLER TABLE

__TI_handler_table @ 000043d8 records: 3, size/record: 4, table size: 12
	index: 0, handler: __TI_decompress_lzss
	index: 1, handler: __TI_decompress_none
	index: 2, handler: __TI_zero_init


GLOBAL SYMBOLS: SORTED ALPHABETICALLY BY Name 

address   name                           
-------   ----                           
00002cd1  ADC0Seq0_Handler               
00002cd3  ADC0Seq1_Handler               
00002cd5  ADC0Seq2_Handler               
00002cd7  ADC0Seq3_Handler               
00002d15  ADC1Seq0_Handler               
00002d17  ADC1Seq1_Handler               
00002d19  ADC1Seq2_Handler               
00002d1b  ADC1Seq3_Handler               
0000214b  ADC_In                         
00002149  ADC_Init                       
200025ec  Averaging                      
00003ddd  C$$EXIT                        
00003b87  C$$IO$$                        
00002d03  CAN0_Handler                   
00002d05  CAN1_Handler                   
00002d07  CAN2_Handler                   
000021a3  CalculateJitter                
000021e3  CalculateSNR                   
00003b21  Clock_Delay                    
00003b3b  Clock_Delay1ms                 
00002ce7  Comp0_Handler                  
00002ce9  Comp1_Handler                  
00002ceb  Comp2_Handler                  
000021e5  CreatePMF                      
20002a00  CurrentX                       
20002a02  CurrentY                       
20000000  DataBuf                        
00002caf  DebugMon_Handler               
00002d99  DisableInterrupts              
200025f0  Distance                       
00002d9d  EnableInterrupts               
00002da9  EndCritical                    
00002d09  Ethernet_Handler               
00002d1f  ExtBus_Handler                 
00002d59  FPU_Handler                    
00002d69  Fan0_Handler                   
00002cef  FlashCtl_Handler               
00002cb5  GPIOPortA_Handler              
00002cb7  GPIOPortB_Handler              
00002cb9  GPIOPortC_Handler              
00002cbb  GPIOPortD_Handler              
00002cbd  GPIOPortE_Handler              
00002cf1  GPIOPortF_Handler              
00002cf3  GPIOPortG_Handler              
00002cf5  GPIOPortH_Handler              
00002d21  GPIOPortJ_Handler              
00002d23  GPIOPortK_Handler              
00002d25  GPIOPortL_Handler              
00002d63  GPIOPortM_Handler              
00002d65  GPIOPortN_Handler              
00002d6d  GPIOPortP1_Handler             
00002d6f  GPIOPortP2_Handler             
00002d71  GPIOPortP3_Handler             
00002d73  GPIOPortP4_Handler             
00002d75  GPIOPortP5_Handler             
00002d77  GPIOPortP6_Handler             
00002d79  GPIOPortP7_Handler             
00002d6b  GPIOPortP_Handler              
00002d7d  GPIOPortQ1_Handler             
00002d7f  GPIOPortQ2_Handler             
00002d81  GPIOPortQ3_Handler             
00002d83  GPIOPortQ4_Handler             
00002d85  GPIOPortQ5_Handler             
00002d87  GPIOPortQ6_Handler             
00002d89  GPIOPortQ7_Handler             
00002d7b  GPIOPortQ_Handler              
00002d8b  GPIOPortR_Handler              
00002d8d  GPIOPortS_Handler              
00003a11  HOSTclose                      
00003741  HOSTlseek                      
00003811  HOSTopen                       
000038cd  HOSTread                       
000036d5  HOSTrename                     
00003a55  HOSTunlink                     
00003925  HOSTwrite                      
00002d0b  Hibernate_Handler              
00002cc5  I2C0_Handler                   
00002cff  I2C1_Handler                   
00001ad9  I2C1_Init                      
00001e7d  I2C1_Recv                      
00001ded  I2C1_Recv1                     
00001fc1  I2C1_Recv2                     
00002049  I2C1_Recv3                     
00001b63  I2C1_Send                      
00001c65  I2C1_Send1                     
00001ca5  I2C1_Send2                     
00001d19  I2C1_Send4                     
000020b7  I2C1_SendData                  
00002d35  I2C2_Handler                   
00002d37  I2C3_Handler                   
00002d5f  I2C4_Handler                   
00002d61  I2C5_Handler                   
00002d1d  I2S0_Handler                   
000023bd  IR_Convert                     
200029fc  InvokesDivide                  
00002d5d  LPC0_Handler                   
00002b89  LaunchPad_Init                 
00002bc1  LaunchPad_Input                
00002c5f  LaunchPad_Output               
00002c2f  LaunchPad_WaitForRelease       
00002c13  LaunchPad_WaitForTouch         
200025f4  Num                            
00002a47  Output_Clear                   
00002a4d  Output_Color                   
00002afb  Output_Init                    
00002a49  Output_Off                     
00002a4b  Output_On                      
00002d5b  PECI0_Handler                  
000034ed  PLL_Init                       
20002460  PMF                            
200025f8  PMFmax                         
00002cc7  PWM0Fault_Handler              
00002cc9  PWM0Generator0_Handler         
00002ccb  PWM0Generator1_Handler         
00002ccd  PWM0Generator2_Handler         
00002d0f  PWM0Generator3_Handler         
00002d97  PWM1Fault_Handler              
00002d8f  PWM1Generator0_Handler         
00002d91  PWM1Generator1_Handler         
00002d93  PWM1Generator2_Handler         
00002d95  PWM1Generator3_Handler         
00002cb1  PendSV_Handler                 
200025fc  PeriodicTask2                  
00002341  PortC_Init                     
00002ccf  Quadrature0_Handler            
00002d01  Quadrature1_Handler            
00002d67  Quadrature2_Handler            
0000214f  RealTimeTask                   
00002ca1  ResetISR                       
00000679  SSD1306_ClearBuffer            
000010a5  SSD1306_Dim                    
000006dd  SSD1306_DrawBMP                
00000591  SSD1306_DrawChar               
00000915  SSD1306_DrawFastHLine          
00000b39  SSD1306_DrawFastVLine          
00000f71  SSD1306_DrawFullImage          
00000345  SSD1306_DrawPixel              
00000513  SSD1306_DrawPoint              
00000639  SSD1306_DrawString             
00000f4f  SSD1306_GetBuffer              
00000e51  SSD1306_GetPixel               
000002a7  SSD1306_Init                   
0000108f  SSD1306_InvertDisplay          
00000f53  SSD1306_OutBuffer              
0000114d  SSD1306_OutChar                
000006a7  SSD1306_OutClear               
00001847  SSD1306_OutHex7                
00001495  SSD1306_OutSDec                
00001759  SSD1306_OutSFix1               
00001255  SSD1306_OutString              
000012b1  SSD1306_OutUDec                
000018f9  SSD1306_OutUDec16              
00001991  SSD1306_OutUDec2               
000016cb  SSD1306_OutUFix1               
000019ed  SSD1306_OutUFix3_1             
000018a5  SSD1306_OutUHex32              
0000187d  SSD1306_OutUHex7               
000010dd  SSD1306_SetCursor              
000004b3  SSD1306_SetPlot                
00001045  SSD1306_startscrolldiagleft    
00001001  SSD1306_startscrolldiagright   
00000fcb  SSD1306_startscrollleft        
00000f99  SSD1306_startscrollright       
00001085  SSD1306_stopscroll             
00002cc3  SSI0_Handler                   
00002cf9  SSI1_Handler                   
00002d27  SSI2_Handler                   
00002d29  SSI3_Handler                   
00002cad  SVC_Handler                    
20002600  Signal                         
00002da1  StartCritical                  
200025ea  StartX                         
20002614  StartY                         
00002ced  SysCtl_Handler                 
00002cb3  SysTick_Handler                
20000fa0  TimeBuf                        
00002cdb  Timer0A_Handler                
00002cdd  Timer0B_Handler                
00002cdf  Timer1A_Handler                
00002ce1  Timer1B_Handler                
0000237f  Timer1_Init                    
000031ef  Timer2A_Handler                
00003185  Timer2A_Init                   
000031ff  Timer2A_Stop                   
00002ce5  Timer2B_Handler                
00002cfb  Timer3A_Handler                
00002cfd  Timer3B_Handler                
00002d39  Timer4A_Handler                
00002d3b  Timer4B_Handler                
00002d3d  Timer5A_Handler                
00002d3f  Timer5B_Handler                
00002cbf  UART0_Handler                  
00002cc1  UART1_Handler                  
00002cf7  UART2_Handler                  
00002d2b  UART3_Handler                  
00002d2d  UART4_Handler                  
00002d2f  UART5_Handler                  
00002d31  UART6_Handler                  
00002d33  UART7_Handler                  
00002705  UART_InChar                    
00002971  UART_InString                  
00002753  UART_InUDec                    
00002807  UART_InUHex                    
0000269d  UART_Init                      
00002719  UART_OutChar                   
00002735  UART_OutString                 
000027d7  UART_OutUDec                   
000028cb  UART_OutUHex                   
00002929  UART_OutUHex2                  
00002d0d  USB0_Handler                   
20002604  Vmax                           
20002608  Vmin                           
00002cd9  WDT_Handler                    
00002daf  WaitForInterrupt               
00002d41  WideTimer0A_Handler            
00002d43  WideTimer0B_Handler            
00002d45  WideTimer1A_Handler            
00002d47  WideTimer1B_Handler            
00002d49  WideTimer2A_Handler            
00002d4b  WideTimer2B_Handler            
00002d4d  WideTimer3A_Handler            
00002d4f  WideTimer3B_Handler            
00002d51  WideTimer4A_Handler            
00002d53  WideTimer4B_Handler            
00002d55  WideTimer5A_Handler            
00002d57  WideTimer5B_Handler            
20002340  __CIOBUF_                      
20002818  __STACK_END                    
00000200  __STACK_SIZE                   
20002818  __STACK_TOP                    
00000010  __SYSMEM_SIZE                  
000043f0  __TI_CINIT_Base                
00004400  __TI_CINIT_Limit               
000043d8  __TI_Handler_Table_Base        
000043e4  __TI_Handler_Table_Limit       
00003a99  __TI_auto_init_nobinit_nopinit 
00003bc9  __TI_cleanup                   
200029e0  __TI_cleanup_ptr               
000035f1  __TI_closefile                 
000037a9  __TI_decompress_lzss           
00003db7  __TI_decompress_none           
0000397d  __TI_doflush                   
200029e4  __TI_dtors_ptr                 
200029e8  __TI_enable_exit_profile_output
200029d0  __TI_ft_end                    
ffffffff  __TI_pprof_out_hndl            
ffffffff  __TI_prof_data_size            
ffffffff  __TI_prof_data_start           
00003bfd  __TI_readmsg                   
00000000  __TI_static_base__             
20002528  __TI_tmpnams                   
00003b59  __TI_writemsg                  
00003dc5  __TI_zero_init                 
00003575  __aeabi_memclr                 
00003575  __aeabi_memclr4                
00003575  __aeabi_memclr8                
00003451  __aeabi_memcpy                 
00003451  __aeabi_memcpy4                
00003451  __aeabi_memcpy8                
00003577  __aeabi_memset                 
00003577  __aeabi_memset4                
00003577  __aeabi_memset8                
200029dc  __aeabi_stderr                 
200029d4  __aeabi_stdin                  
200029d8  __aeabi_stdout                 
ffffffff  __binit__                      
ffffffff  __c_args__                     
UNDEFED   __mpu_init                     
20002618  __stack                        
20000000  __start___llvm_prf_cnts        
20000000  __stop___llvm_prf_cnts         
00003c31  _c_int00_noargs                
20002908  _device                        
20002818  _ftable                        
200029ec  _lock                          
00002db3  _nop                           
20002980  _stream                        
20002a10  _sys_memory                    
UNDEFED   _system_post_cinit             
00003dd9  _system_pre_init               
200029f0  _unlock                        
00003ddd  abort                          
000032fd  add_device                     
00002ec5  aligned_alloc                  
ffffffff  binit                          
20001f40  buffer                         
00003871  close                          
000039c9  exit                           
00002a39  ferror                         
00002a1f  fgetc                          
00003c99  finddevice                     
000033b5  fopen                          
000029eb  fputc                          
00002fc5  free                           
00003c65  freopen                        
00000000  g_pfnVectors                   
00003add  getdevice                      
000023e5  main                           
00002549  main1                          
00003dd1  malloc                         
00002ec5  memalign                       
00003451  memcpy                         
0000357d  memset                         
00003241  open                           
00002907  outnibble                      
200025e2  parmbuf                        
00003cc9  remove                         
2000260c  rotation                       
000030a9  setvbuf                        
000021a5  sqrt2                          
0000026d  ssd1306command                 
00000281  ssd1306command1                
00000295  ssd1306commandList             
00000a27  ssd1306drawFastHLineInternal   
00000c51  ssd1306drawFastVLineInternal   
00003d79  strchr                         
00003d61  strcmp                         
00003d8f  strcpy                         
00003da3  strlen                         
00003b91  strncpy                        
00002d13  uDMA_Error                     
00002d11  uDMA_Handler                   
00002a67  uart_close                     
00002ad1  uart_lseek                     
00002a57  uart_open                      
00002a73  uart_read                      
00002aed  uart_rename                    
00002ae1  uart_unlink                    
00002a9d  uart_write                     
00003cc9  unlink                         
20002610  vccstate                       
00003d1d  write                          


GLOBAL SYMBOLS: SORTED BY Symbol Address 

address   name                           
-------   ----                           
00000000  __TI_static_base__             
00000000  g_pfnVectors                   
00000010  __SYSMEM_SIZE                  
00000200  __STACK_SIZE                   
0000026d  ssd1306command                 
00000281  ssd1306command1                
00000295  ssd1306commandList             
000002a7  SSD1306_Init                   
00000345  SSD1306_DrawPixel              
000004b3  SSD1306_SetPlot                
00000513  SSD1306_DrawPoint              
00000591  SSD1306_DrawChar               
00000639  SSD1306_DrawString             
00000679  SSD1306_ClearBuffer            
000006a7  SSD1306_OutClear               
000006dd  SSD1306_DrawBMP                
00000915  SSD1306_DrawFastHLine          
00000a27  ssd1306drawFastHLineInternal   
00000b39  SSD1306_DrawFastVLine          
00000c51  ssd1306drawFastVLineInternal   
00000e51  SSD1306_GetPixel               
00000f4f  SSD1306_GetBuffer              
00000f53  SSD1306_OutBuffer              
00000f71  SSD1306_DrawFullImage          
00000f99  SSD1306_startscrollright       
00000fcb  SSD1306_startscrollleft        
00001001  SSD1306_startscrolldiagright   
00001045  SSD1306_startscrolldiagleft    
00001085  SSD1306_stopscroll             
0000108f  SSD1306_InvertDisplay          
000010a5  SSD1306_Dim                    
000010dd  SSD1306_SetCursor              
0000114d  SSD1306_OutChar                
00001255  SSD1306_OutString              
000012b1  SSD1306_OutUDec                
00001495  SSD1306_OutSDec                
000016cb  SSD1306_OutUFix1               
00001759  SSD1306_OutSFix1               
00001847  SSD1306_OutHex7                
0000187d  SSD1306_OutUHex7               
000018a5  SSD1306_OutUHex32              
000018f9  SSD1306_OutUDec16              
00001991  SSD1306_OutUDec2               
000019ed  SSD1306_OutUFix3_1             
00001ad9  I2C1_Init                      
00001b63  I2C1_Send                      
00001c65  I2C1_Send1                     
00001ca5  I2C1_Send2                     
00001d19  I2C1_Send4                     
00001ded  I2C1_Recv1                     
00001e7d  I2C1_Recv                      
00001fc1  I2C1_Recv2                     
00002049  I2C1_Recv3                     
000020b7  I2C1_SendData                  
00002149  ADC_Init                       
0000214b  ADC_In                         
0000214f  RealTimeTask                   
000021a3  CalculateJitter                
000021a5  sqrt2                          
000021e3  CalculateSNR                   
000021e5  CreatePMF                      
00002341  PortC_Init                     
0000237f  Timer1_Init                    
000023bd  IR_Convert                     
000023e5  main                           
00002549  main1                          
0000269d  UART_Init                      
00002705  UART_InChar                    
00002719  UART_OutChar                   
00002735  UART_OutString                 
00002753  UART_InUDec                    
000027d7  UART_OutUDec                   
00002807  UART_InUHex                    
000028cb  UART_OutUHex                   
00002907  outnibble                      
00002929  UART_OutUHex2                  
00002971  UART_InString                  
000029eb  fputc                          
00002a1f  fgetc                          
00002a39  ferror                         
00002a47  Output_Clear                   
00002a49  Output_Off                     
00002a4b  Output_On                      
00002a4d  Output_Color                   
00002a57  uart_open                      
00002a67  uart_close                     
00002a73  uart_read                      
00002a9d  uart_write                     
00002ad1  uart_lseek                     
00002ae1  uart_unlink                    
00002aed  uart_rename                    
00002afb  Output_Init                    
00002b89  LaunchPad_Init                 
00002bc1  LaunchPad_Input                
00002c13  LaunchPad_WaitForTouch         
00002c2f  LaunchPad_WaitForRelease       
00002c5f  LaunchPad_Output               
00002ca1  ResetISR                       
00002cad  SVC_Handler                    
00002caf  DebugMon_Handler               
00002cb1  PendSV_Handler                 
00002cb3  SysTick_Handler                
00002cb5  GPIOPortA_Handler              
00002cb7  GPIOPortB_Handler              
00002cb9  GPIOPortC_Handler              
00002cbb  GPIOPortD_Handler              
00002cbd  GPIOPortE_Handler              
00002cbf  UART0_Handler                  
00002cc1  UART1_Handler                  
00002cc3  SSI0_Handler                   
00002cc5  I2C0_Handler                   
00002cc7  PWM0Fault_Handler              
00002cc9  PWM0Generator0_Handler         
00002ccb  PWM0Generator1_Handler         
00002ccd  PWM0Generator2_Handler         
00002ccf  Quadrature0_Handler            
00002cd1  ADC0Seq0_Handler               
00002cd3  ADC0Seq1_Handler               
00002cd5  ADC0Seq2_Handler               
00002cd7  ADC0Seq3_Handler               
00002cd9  WDT_Handler                    
00002cdb  Timer0A_Handler                
00002cdd  Timer0B_Handler                
00002cdf  Timer1A_Handler                
00002ce1  Timer1B_Handler                
00002ce5  Timer2B_Handler                
00002ce7  Comp0_Handler                  
00002ce9  Comp1_Handler                  
00002ceb  Comp2_Handler                  
00002ced  SysCtl_Handler                 
00002cef  FlashCtl_Handler               
00002cf1  GPIOPortF_Handler              
00002cf3  GPIOPortG_Handler              
00002cf5  GPIOPortH_Handler              
00002cf7  UART2_Handler                  
00002cf9  SSI1_Handler                   
00002cfb  Timer3A_Handler                
00002cfd  Timer3B_Handler                
00002cff  I2C1_Handler                   
00002d01  Quadrature1_Handler            
00002d03  CAN0_Handler                   
00002d05  CAN1_Handler                   
00002d07  CAN2_Handler                   
00002d09  Ethernet_Handler               
00002d0b  Hibernate_Handler              
00002d0d  USB0_Handler                   
00002d0f  PWM0Generator3_Handler         
00002d11  uDMA_Handler                   
00002d13  uDMA_Error                     
00002d15  ADC1Seq0_Handler               
00002d17  ADC1Seq1_Handler               
00002d19  ADC1Seq2_Handler               
00002d1b  ADC1Seq3_Handler               
00002d1d  I2S0_Handler                   
00002d1f  ExtBus_Handler                 
00002d21  GPIOPortJ_Handler              
00002d23  GPIOPortK_Handler              
00002d25  GPIOPortL_Handler              
00002d27  SSI2_Handler                   
00002d29  SSI3_Handler                   
00002d2b  UART3_Handler                  
00002d2d  UART4_Handler                  
00002d2f  UART5_Handler                  
00002d31  UART6_Handler                  
00002d33  UART7_Handler                  
00002d35  I2C2_Handler                   
00002d37  I2C3_Handler                   
00002d39  Timer4A_Handler                
00002d3b  Timer4B_Handler                
00002d3d  Timer5A_Handler                
00002d3f  Timer5B_Handler                
00002d41  WideTimer0A_Handler            
00002d43  WideTimer0B_Handler            
00002d45  WideTimer1A_Handler            
00002d47  WideTimer1B_Handler            
00002d49  WideTimer2A_Handler            
00002d4b  WideTimer2B_Handler            
00002d4d  WideTimer3A_Handler            
00002d4f  WideTimer3B_Handler            
00002d51  WideTimer4A_Handler            
00002d53  WideTimer4B_Handler            
00002d55  WideTimer5A_Handler            
00002d57  WideTimer5B_Handler            
00002d59  FPU_Handler                    
00002d5b  PECI0_Handler                  
00002d5d  LPC0_Handler                   
00002d5f  I2C4_Handler                   
00002d61  I2C5_Handler                   
00002d63  GPIOPortM_Handler              
00002d65  GPIOPortN_Handler              
00002d67  Quadrature2_Handler            
00002d69  Fan0_Handler                   
00002d6b  GPIOPortP_Handler              
00002d6d  GPIOPortP1_Handler             
00002d6f  GPIOPortP2_Handler             
00002d71  GPIOPortP3_Handler             
00002d73  GPIOPortP4_Handler             
00002d75  GPIOPortP5_Handler             
00002d77  GPIOPortP6_Handler             
00002d79  GPIOPortP7_Handler             
00002d7b  GPIOPortQ_Handler              
00002d7d  GPIOPortQ1_Handler             
00002d7f  GPIOPortQ2_Handler             
00002d81  GPIOPortQ3_Handler             
00002d83  GPIOPortQ4_Handler             
00002d85  GPIOPortQ5_Handler             
00002d87  GPIOPortQ6_Handler             
00002d89  GPIOPortQ7_Handler             
00002d8b  GPIOPortR_Handler              
00002d8d  GPIOPortS_Handler              
00002d8f  PWM1Generator0_Handler         
00002d91  PWM1Generator1_Handler         
00002d93  PWM1Generator2_Handler         
00002d95  PWM1Generator3_Handler         
00002d97  PWM1Fault_Handler              
00002d99  DisableInterrupts              
00002d9d  EnableInterrupts               
00002da1  StartCritical                  
00002da9  EndCritical                    
00002daf  WaitForInterrupt               
00002db3  _nop                           
00002ec5  aligned_alloc                  
00002ec5  memalign                       
00002fc5  free                           
000030a9  setvbuf                        
00003185  Timer2A_Init                   
000031ef  Timer2A_Handler                
000031ff  Timer2A_Stop                   
00003241  open                           
000032fd  add_device                     
000033b5  fopen                          
00003451  __aeabi_memcpy                 
00003451  __aeabi_memcpy4                
00003451  __aeabi_memcpy8                
00003451  memcpy                         
000034ed  PLL_Init                       
00003575  __aeabi_memclr                 
00003575  __aeabi_memclr4                
00003575  __aeabi_memclr8                
00003577  __aeabi_memset                 
00003577  __aeabi_memset4                
00003577  __aeabi_memset8                
0000357d  memset                         
000035f1  __TI_closefile                 
000036d5  HOSTrename                     
00003741  HOSTlseek                      
000037a9  __TI_decompress_lzss           
00003811  HOSTopen                       
00003871  close                          
000038cd  HOSTread                       
00003925  HOSTwrite                      
0000397d  __TI_doflush                   
000039c9  exit                           
00003a11  HOSTclose                      
00003a55  HOSTunlink                     
00003a99  __TI_auto_init_nobinit_nopinit 
00003add  getdevice                      
00003b21  Clock_Delay                    
00003b3b  Clock_Delay1ms                 
00003b59  __TI_writemsg                  
00003b87  C$$IO$$                        
00003b91  strncpy                        
00003bc9  __TI_cleanup                   
00003bfd  __TI_readmsg                   
00003c31  _c_int00_noargs                
00003c65  freopen                        
00003c99  finddevice                     
00003cc9  remove                         
00003cc9  unlink                         
00003d1d  write                          
00003d61  strcmp                         
00003d79  strchr                         
00003d8f  strcpy                         
00003da3  strlen                         
00003db7  __TI_decompress_none           
00003dc5  __TI_zero_init                 
00003dd1  malloc                         
00003dd9  _system_pre_init               
00003ddd  C$$EXIT                        
00003ddd  abort                          
000043d8  __TI_Handler_Table_Base        
000043e4  __TI_Handler_Table_Limit       
000043f0  __TI_CINIT_Base                
00004400  __TI_CINIT_Limit               
20000000  DataBuf                        
20000000  __start___llvm_prf_cnts        
20000000  __stop___llvm_prf_cnts         
20000fa0  TimeBuf                        
20001f40  buffer                         
20002340  __CIOBUF_                      
20002460  PMF                            
20002528  __TI_tmpnams                   
200025e2  parmbuf                        
200025ea  StartX                         
200025ec  Averaging                      
200025f0  Distance                       
200025f4  Num                            
200025f8  PMFmax                         
200025fc  PeriodicTask2                  
20002600  Signal                         
20002604  Vmax                           
20002608  Vmin                           
2000260c  rotation                       
20002610  vccstate                       
20002614  StartY                         
20002618  __stack                        
20002818  __STACK_END                    
20002818  __STACK_TOP                    
20002818  _ftable                        
20002908  _device                        
20002980  _stream                        
200029d0  __TI_ft_end                    
200029d4  __aeabi_stdin                  
200029d8  __aeabi_stdout                 
200029dc  __aeabi_stderr                 
200029e0  __TI_cleanup_ptr               
200029e4  __TI_dtors_ptr                 
200029e8  __TI_enable_exit_profile_output
200029ec  _lock                          
200029f0  _unlock                        
200029fc  InvokesDivide                  
20002a00  CurrentX                       
20002a02  CurrentY                       
20002a10  _sys_memory                    
ffffffff  __TI_pprof_out_hndl            
ffffffff  __TI_prof_data_size            
ffffffff  __TI_prof_data_start           
ffffffff  __binit__                      
ffffffff  __c_args__                     
ffffffff  binit                          
UNDEFED   __mpu_init                     
UNDEFED   _system_post_cinit             

[332 symbols]
