******************************************************************************
                  TI ARM Linker PC v20.2.7                     
******************************************************************************
>> Linked Sun Jan 12 10:17:14 2025

OUTPUT FILE NAME:   <Lab2.out>
ENTRY POINT SYMBOL: "_c_int00_noargs"  address: 00003c35


MEMORY CONFIGURATION

         name            origin    length      used     unused   attr    fill
----------------------  --------  ---------  --------  --------  ----  --------
  FLASH                 00000000   00040000  00004401  0003bbff  R  X
  SRAM                  20000000   00008000  00002a1e  000055e2  RW X


SEGMENT ALLOCATION MAP

run origin  load origin   length   init length attrs members
----------  ----------- ---------- ----------- ----- -------
00000000    00000000    00004408   00004408    r-x
  00000000    00000000    0000026c   0000026c    r-- .intvecs
  0000026c    0000026c    00003b78   00003b78    r-x .text
  00003de4    00003de4    00000585   00000585    r-- .const
  00004370    00004370    00000098   00000098    r-- .cinit
20000000    20000000    00002a20   00000000    rw-
  20000000    20000000    00002616   00000000    rw- .bss
  20002618    20002618    00000200   00000000    rw- .stack
  20002818    20002818    000001f8   00000000    rw- .data
  20002a10    20002a10    00000010   00000000    rw- .sysmem


SECTION ALLOCATION MAP

 output                                  attributes/
section   page    origin      length       input sections
--------  ----  ----------  ----------   ----------------
.intvecs   0    00000000    0000026c     
                  00000000    0000026c     tm4c123gh6pm_startup_ccs.obj (.intvecs)

.text      0    0000026c    00003b78     
                  0000026c    0000186c     SSD1306.obj (.text)
                  00001ad8    00000670     I2C1.obj (.text)
                  00002148    00000558     Lab2.obj (.text)
                  000026a0    000004ec     UART.obj (.text)
                  00002b8c    00000118     LaunchPad.obj (.text)
                  00002ca4    00000112     tm4c123gh6pm_startup_ccs.obj (.text)
                  00002db6    00000002     rtsv7M4_T_le_v4SPD16_eabi.lib : _lock.c.obj (.text:_nop)
                  00002db8    00000110                                   : fopen.c.obj (.text:_openfile)
                  00002ec8    00000100                                   : memory.c.obj (.text:aligned_alloc)
                  00002fc8    000000e4                                   : memory.c.obj (.text:free)
                  000030ac    000000dc                                   : setvbuf.c.obj (.text:setvbuf)
                  00003188    000000bc     Timer2A.obj (.text)
                  00003244    000000bc     rtsv7M4_T_le_v4SPD16_eabi.lib : open.c.obj (.text:open)
                  00003300    000000b8                                   : add_device.c.obj (.text:add_device)
                  000033b8    0000009c                                   : fopen.c.obj (.text:fopen)
                  00003454    0000009c                                   : memcpy_t2.asm.obj (.text)
                  000034f0    00000088     PLL.obj (.text)
                  00003578    0000007a     rtsv7M4_T_le_v4SPD16_eabi.lib : memset_t2.asm.obj (.text)
                  000035f2    00000002     --HOLE-- [fill = 0]
                  000035f4    00000074                                   : fclose.c.obj (.text:__TI_closefile)
                  00003668    00000070                                   : memory.c.obj (.text:split)
                  000036d8    0000006c                                   : hostrename.c.obj (.text:HOSTrename)
                  00003744    00000068                                   : hostlseek.c.obj (.text:HOSTlseek)
                  000037ac    00000068                                   : copy_decompress_lzss.c.obj (.text:decompress:lzss:__TI_decompress_lzss)
                  00003814    00000060                                   : hostopen.c.obj (.text:HOSTopen)
                  00003874    0000005c                                   : close.c.obj (.text:close)
                  000038d0    00000058                                   : hostread.c.obj (.text:HOSTread)
                  00003928    00000058                                   : hostwrite.c.obj (.text:HOSTwrite)
                  00003980    0000004c                                   : fflush.c.obj (.text:__TI_doflush)
                  000039cc    00000048                                   : exit.c.obj (.text:exit)
                  00003a14    00000044                                   : hostclose.c.obj (.text:HOSTclose)
                  00003a58    00000044                                   : hostunlink.c.obj (.text:HOSTunlink)
                  00003a9c    00000044                                   : autoinit.c.obj (.text:__TI_auto_init_nobinit_nopinit:__TI_auto_init_nobinit_nopinit)
                  00003ae0    00000044                                   : getdevice.c.obj (.text:getdevice)
                  00003b24    00000038     CortexM.obj (.text)
                  00003b5c    00000038     rtsv7M4_T_le_v4SPD16_eabi.lib : trgmsg.c.obj (.text:__TI_writemsg)
                  00003b94    00000036                                   : strncpy.c.obj (.text:strncpy)
                  00003bca    00000002     --HOLE-- [fill = 0]
                  00003bcc    00000034                                   : fopen.c.obj (.text:__TI_cleanup)
                  00003c00    00000034                                   : trgmsg.c.obj (.text:__TI_readmsg)
                  00003c34    00000034                                   : boot_cortex_m.c.obj (.text:_c_int00_noargs:_c_int00_noargs)
                  00003c68    00000034                                   : fopen.c.obj (.text:freopen)
                  00003c9c    00000030                                   : getdevice.c.obj (.text:finddevice)
                  00003ccc    0000002c                                   : unlink.c.obj (.text:unlink)
                  00003cf8    00000028                                   : memory.c.obj (.text:free_list_insert)
                  00003d20    00000028                                   : write.c.obj (.text:write)
                  00003d48    0000001c                                   : memory.c.obj (.text:free_list_remove)
                  00003d64    00000018                                   : strcmp.c.obj (.text:strcmp)
                  00003d7c    00000016                                   : strchr.c.obj (.text:strchr)
                  00003d92    00000014                                   : strcpy.c.obj (.text:strcpy)
                  00003da6    00000014                                   : strlen.c.obj (.text:strlen)
                  00003dba    0000000e                                   : copy_decompress_none.c.obj (.text:decompress:none:__TI_decompress_none)
                  00003dc8    0000000c                                   : copy_zero_init.c.obj (.text:decompress:ZI:__TI_zero_init)
                  00003dd4    00000008                                   : memory.c.obj (.text:malloc)
                  00003ddc    00000004                                   : pre_init.c.obj (.text:_system_pre_init)
                  00003de0    00000004                                   : exit.c.obj (.text:abort:abort)

.const     0    00003de4    00000585     
                  00003de4    00000540     SSD1306.obj (.const:ASCII)
                  00004324    00000008     SSD1306.obj (.const:.string:postmask)
                  0000432c    00000008     SSD1306.obj (.const:.string:premask)
                  00004334    00000007     SSD1306.obj (.const:.string:init5)
                  0000433b    00000005     SSD1306.obj (.const:.string:dlist1)
                  00004340    00000005     SSD1306.obj (.const:.string:init1)
                  00004345    00000005     SSD1306.obj (.const:.string:init2)
                  0000434a    00000005     SSD1306.obj (.const:.string:init3)
                  0000434f    00000004     SSD1306.obj (.const:.string:init4b)
                  00004353    00000003     SSD1306.obj (.const:.string:scrollList1b)
                  00004356    00000003     SSD1306.obj (.const:.string:scrollList2b)
                  00004359    00000002     SSD1306.obj (.const:.string:scrollList1a)
                  0000435b    00000002     SSD1306.obj (.const:.string:scrollList2a)
                  0000435d    00000002     SSD1306.obj (.const:.string:scrollList3a)
                  0000435f    00000002     SSD1306.obj (.const:.string:scrollList3b)
                  00004361    00000002     SSD1306.obj (.const:.string:scrollList3c)
                  00004363    00000002     SSD1306.obj (.const:.string:scrollList4a)
                  00004365    00000002     SSD1306.obj (.const:.string:scrollList4b)
                  00004367    00000002     SSD1306.obj (.const:.string:scrollList4c)

.cinit     0    00004370    00000098     
                  00004370    0000006f     (.cinit..data.load) [load image, compression = lzss]
                  000043df    00000001     --HOLE-- [fill = 0]
                  000043e0    0000000c     (__TI_handler_table)
                  000043ec    00000004     --HOLE-- [fill = 0]
                  000043f0    00000008     (.cinit..bss.load) [load image, compression = zero_init]
                  000043f8    00000010     (__TI_cinit_table)

.init_array 
*          0    00000000    00000000     UNINITIALIZED

.bss       0    20000000    00002616     UNINITIALIZED
                  20000000    00000fa0     (.common:DataBuf)
                  20000fa0    00000fa0     (.common:TimeBuf)
                  20001f40    00000400     (.common:buffer)
                  20002340    00000120     rtsv7M4_T_le_v4SPD16_eabi.lib : trgmsg.c.obj (.bss:_CIOBUF_)
                  20002460    000000c8     (.common:PMF)
                  20002528    000000a0     (.common:__TI_tmpnams)
                  200025c8    0000001a     SSD1306.obj (.bss)
                  200025e2    00000008     (.common:parmbuf)
                  200025ea    00000002     (.common:StartX)
                  200025ec    00000004     (.common:Averaging)
                  200025f0    00000004     (.common:Distance)
                  200025f4    00000004     (.common:Num)
                  200025f8    00000004     (.common:PMFmax)
                  200025fc    00000004     (.common:PeriodicTask2)
                  20002600    00000004     (.common:Signal)
                  20002604    00000004     (.common:Vmax)
                  20002608    00000004     (.common:Vmin)
                  2000260c    00000004     (.common:rotation)
                  20002610    00000004     (.common:vccstate)
                  20002614    00000002     (.common:StartY)

.stack     0    20002618    00000200     UNINITIALIZED
                  20002618    00000004     rtsv7M4_T_le_v4SPD16_eabi.lib : boot_cortex_m.c.obj (.stack)
                  2000261c    000001fc     --HOLE--

.data      0    20002818    000001f8     UNINITIALIZED
                  20002818    000000f0     rtsv7M4_T_le_v4SPD16_eabi.lib : defs.c.obj (.data:_ftable)
                  20002908    00000078                                   : host_device.c.obj (.data:_device)
                  20002980    00000050                                   : host_device.c.obj (.data:_stream)
                  200029d0    00000010                                   : defs.c.obj (.data)
                  200029e0    0000000c                                   : exit.c.obj (.data:$O1$$)
                  200029ec    00000008                                   : _lock.c.obj (.data:$O1$$)
                  200029f4    00000008                                   : memory.c.obj (.data:$O1$$)
                  200029fc    00000004     Lab2.obj (.data)
                  20002a00    00000004     SSD1306.obj (.data)
                  20002a04    00000004     rtsv7M4_T_le_v4SPD16_eabi.lib : add_device.c.obj (.data)
                  20002a08    00000004                                   : fopen.c.obj (.data)
                  20002a0c    00000004                                   : open.c.obj (.data)

.sysmem    0    20002a10    00000010     UNINITIALIZED
                  20002a10    00000010     rtsv7M4_T_le_v4SPD16_eabi.lib : memory.c.obj (.sysmem)

__llvm_prf_cnts 
*          0    20000000    00000000     UNINITIALIZED

MODULE SUMMARY

       Module                         code    ro data   rw data
       ------                         ----    -------   -------
    .\
       Lab2.obj                       1368    0         8232   
       SSD1306.obj                    6252    1413      1066   
       I2C1.obj                       1648    0         0      
       UART.obj                       1260    0         0      
       tm4c123gh6pm_startup_ccs.obj   274     620       0      
       LaunchPad.obj                  280     0         0      
       Timer2A.obj                    188     0         4      
       PLL.obj                        136     0         0      
       CortexM.obj                    56      0         0      
    +--+------------------------------+-------+---------+---------+
       Total:                         11462   2033      9302   
                                                               
    C:\ti\ccs1260\ccs\tools\compiler\ti-cgt-arm_20.2.7.LTS\lib\rtsv7M4_T_le_v4SPD16_eabi.lib
       memory.c.obj                   672     0         8      
       fopen.c.obj                    532     0         4      
       defs.c.obj                     0       0         416    
       trgmsg.c.obj                   108     0         288    
       setvbuf.c.obj                  220     0         0      
       host_device.c.obj              0       0         200    
       open.c.obj                     188     0         4      
       add_device.c.obj               184     0         4      
       memcpy_t2.asm.obj              156     0         0      
       memset_t2.asm.obj              122     0         0      
       fclose.c.obj                   116     0         0      
       getdevice.c.obj                116     0         0      
       hostrename.c.obj               108     0         0      
       copy_decompress_lzss.c.obj     104     0         0      
       hostlseek.c.obj                104     0         0      
       hostopen.c.obj                 96      0         8      
       close.c.obj                    92      0         0      
       exit.c.obj                     76      0         12     
       hostread.c.obj                 88      0         0      
       hostwrite.c.obj                88      0         0      
       fflush.c.obj                   76      0         0      
       autoinit.c.obj                 68      0         0      
       hostclose.c.obj                68      0         0      
       hostunlink.c.obj               68      0         0      
       strncpy.c.obj                  54      0         0      
       boot_cortex_m.c.obj            52      0         0      
       unlink.c.obj                   44      0         0      
       write.c.obj                    40      0         0      
       strcmp.c.obj                   24      0         0      
       strchr.c.obj                   22      0         0      
       strcpy.c.obj                   20      0         0      
       strlen.c.obj                   20      0         0      
       copy_decompress_none.c.obj     14      0         0      
       copy_zero_init.c.obj           12      0         0      
       _lock.c.obj                    2       0         8      
       pre_init.c.obj                 4       0         0      
    +--+------------------------------+-------+---------+---------+
       Total:                         3758    0         952    
                                                               
       Heap:                          0       0         16     
       Stack:                         0       0         512    
       Linker Generated:              0       147       0      
    +--+------------------------------+-------+---------+---------+
       Grand Total:                   15220   2180      10782  


LINKER GENERATED COPY TABLES

__TI_cinit_table @ 000043f8 records: 2, size/record: 8, table size: 16
	.data: load addr=00004370, load size=0000006f bytes, run addr=20002818, run size=000001f8 bytes, compression=lzss
	.bss: load addr=000043f0, load size=00000008 bytes, run addr=20000000, run size=00002616 bytes, compression=zero_init


LINKER GENERATED HANDLER TABLE

__TI_handler_table @ 000043e0 records: 3, size/record: 4, table size: 12
	index: 0, handler: __TI_decompress_lzss
	index: 1, handler: __TI_decompress_none
	index: 2, handler: __TI_zero_init


GLOBAL SYMBOLS: SORTED ALPHABETICALLY BY Name 

address   name                           
-------   ----                           
00002cd5  ADC0Seq0_Handler               
00002cd7  ADC0Seq1_Handler               
00002cd9  ADC0Seq2_Handler               
00002cdb  ADC0Seq3_Handler               
00002d19  ADC1Seq0_Handler               
00002d1b  ADC1Seq1_Handler               
00002d1d  ADC1Seq2_Handler               
00002d1f  ADC1Seq3_Handler               
0000214b  ADC_In                         
00002149  ADC_Init                       
200025ec  Averaging                      
00003de1  C$$EXIT                        
00003b8b  C$$IO$$                        
00002d07  CAN0_Handler                   
00002d09  CAN1_Handler                   
00002d0b  CAN2_Handler                   
000021a3  CalculateJitter                
000021e3  CalculateSNR                   
00003b25  Clock_Delay                    
00003b3f  Clock_Delay1ms                 
00002ceb  Comp0_Handler                  
00002ced  Comp1_Handler                  
00002cef  Comp2_Handler                  
000021e5  CreatePMF                      
20002a00  CurrentX                       
20002a02  CurrentY                       
20000000  DataBuf                        
00002cb3  DebugMon_Handler               
00002d9d  DisableInterrupts              
200025f0  Distance                       
00002da1  EnableInterrupts               
00002dad  EndCritical                    
00002d0d  Ethernet_Handler               
00002d23  ExtBus_Handler                 
00002d5d  FPU_Handler                    
00002d6d  Fan0_Handler                   
00002cf3  FlashCtl_Handler               
00002cb9  GPIOPortA_Handler              
00002cbb  GPIOPortB_Handler              
00002cbd  GPIOPortC_Handler              
00002cbf  GPIOPortD_Handler              
00002cc1  GPIOPortE_Handler              
00002cf5  GPIOPortF_Handler              
00002cf7  GPIOPortG_Handler              
00002cf9  GPIOPortH_Handler              
00002d25  GPIOPortJ_Handler              
00002d27  GPIOPortK_Handler              
00002d29  GPIOPortL_Handler              
00002d67  GPIOPortM_Handler              
00002d69  GPIOPortN_Handler              
00002d71  GPIOPortP1_Handler             
00002d73  GPIOPortP2_Handler             
00002d75  GPIOPortP3_Handler             
00002d77  GPIOPortP4_Handler             
00002d79  GPIOPortP5_Handler             
00002d7b  GPIOPortP6_Handler             
00002d7d  GPIOPortP7_Handler             
00002d6f  GPIOPortP_Handler              
00002d81  GPIOPortQ1_Handler             
00002d83  GPIOPortQ2_Handler             
00002d85  GPIOPortQ3_Handler             
00002d87  GPIOPortQ4_Handler             
00002d89  GPIOPortQ5_Handler             
00002d8b  GPIOPortQ6_Handler             
00002d8d  GPIOPortQ7_Handler             
00002d7f  GPIOPortQ_Handler              
00002d8f  GPIOPortR_Handler              
00002d91  GPIOPortS_Handler              
00003a15  HOSTclose                      
00003745  HOSTlseek                      
00003815  HOSTopen                       
000038d1  HOSTread                       
000036d9  HOSTrename                     
00003a59  HOSTunlink                     
00003929  HOSTwrite                      
00002d0f  Hibernate_Handler              
00002cc9  I2C0_Handler                   
00002d03  I2C1_Handler                   
00001ad9  I2C1_Init                      
00001e7d  I2C1_Recv                      
00001ded  I2C1_Recv1                     
00001fc1  I2C1_Recv2                     
00002049  I2C1_Recv3                     
00001b63  I2C1_Send                      
00001c65  I2C1_Send1                     
00001ca5  I2C1_Send2                     
00001d19  I2C1_Send4                     
000020b7  I2C1_SendData                  
00002d39  I2C2_Handler                   
00002d3b  I2C3_Handler                   
00002d63  I2C4_Handler                   
00002d65  I2C5_Handler                   
00002d21  I2S0_Handler                   
000023bd  IR_Convert                     
200029fc  InvokesDivide                  
00002d61  LPC0_Handler                   
00002b8d  LaunchPad_Init                 
00002bc5  LaunchPad_Input                
00002c63  LaunchPad_Output               
00002c33  LaunchPad_WaitForRelease       
00002c17  LaunchPad_WaitForTouch         
200025f4  Num                            
00002a4b  Output_Clear                   
00002a51  Output_Color                   
00002aff  Output_Init                    
00002a4d  Output_Off                     
00002a4f  Output_On                      
00002d5f  PECI0_Handler                  
000034f1  PLL_Init                       
20002460  PMF                            
200025f8  PMFmax                         
00002ccb  PWM0Fault_Handler              
00002ccd  PWM0Generator0_Handler         
00002ccf  PWM0Generator1_Handler         
00002cd1  PWM0Generator2_Handler         
00002d13  PWM0Generator3_Handler         
00002d9b  PWM1Fault_Handler              
00002d93  PWM1Generator0_Handler         
00002d95  PWM1Generator1_Handler         
00002d97  PWM1Generator2_Handler         
00002d99  PWM1Generator3_Handler         
00002cb5  PendSV_Handler                 
200025fc  PeriodicTask2                  
00002341  PortC_Init                     
00002cd3  Quadrature0_Handler            
00002d05  Quadrature1_Handler            
00002d6b  Quadrature2_Handler            
0000214f  RealTimeTask                   
00002ca5  ResetISR                       
00000679  SSD1306_ClearBuffer            
000010a5  SSD1306_Dim                    
000006dd  SSD1306_DrawBMP                
00000591  SSD1306_DrawChar               
00000915  SSD1306_DrawFastHLine          
00000b39  SSD1306_DrawFastVLine          
00000f71  SSD1306_DrawFullImage          
00000345  SSD1306_DrawPixel              
00000513  SSD1306_DrawPoint              
00000639  SSD1306_DrawString             
00000f4f  SSD1306_GetBuffer              
00000e51  SSD1306_GetPixel               
000002a7  SSD1306_Init                   
0000108f  SSD1306_InvertDisplay          
00000f53  SSD1306_OutBuffer              
0000114d  SSD1306_OutChar                
000006a7  SSD1306_OutClear               
00001847  SSD1306_OutHex7                
00001495  SSD1306_OutSDec                
00001759  SSD1306_OutSFix1               
00001255  SSD1306_OutString              
000012b1  SSD1306_OutUDec                
000018f9  SSD1306_OutUDec16              
00001991  SSD1306_OutUDec2               
000016cb  SSD1306_OutUFix1               
000019ed  SSD1306_OutUFix3_1             
000018a5  SSD1306_OutUHex32              
0000187d  SSD1306_OutUHex7               
000010dd  SSD1306_SetCursor              
000004b3  SSD1306_SetPlot                
00001045  SSD1306_startscrolldiagleft    
00001001  SSD1306_startscrolldiagright   
00000fcb  SSD1306_startscrollleft        
00000f99  SSD1306_startscrollright       
00001085  SSD1306_stopscroll             
00002cc7  SSI0_Handler                   
00002cfd  SSI1_Handler                   
00002d2b  SSI2_Handler                   
00002d2d  SSI3_Handler                   
00002cb1  SVC_Handler                    
20002600  Signal                         
00002da5  StartCritical                  
200025ea  StartX                         
20002614  StartY                         
00002cf1  SysCtl_Handler                 
00002cb7  SysTick_Handler                
20000fa0  TimeBuf                        
00002cdf  Timer0A_Handler                
00002ce1  Timer0B_Handler                
00002ce3  Timer1A_Handler                
00002ce5  Timer1B_Handler                
0000237f  Timer1_Init                    
000031f3  Timer2A_Handler                
00003189  Timer2A_Init                   
00003203  Timer2A_Stop                   
00002ce9  Timer2B_Handler                
00002cff  Timer3A_Handler                
00002d01  Timer3B_Handler                
00002d3d  Timer4A_Handler                
00002d3f  Timer4B_Handler                
00002d41  Timer5A_Handler                
00002d43  Timer5B_Handler                
00002cc3  UART0_Handler                  
00002cc5  UART1_Handler                  
00002cfb  UART2_Handler                  
00002d2f  UART3_Handler                  
00002d31  UART4_Handler                  
00002d33  UART5_Handler                  
00002d35  UART6_Handler                  
00002d37  UART7_Handler                  
00002709  UART_InChar                    
00002975  UART_InString                  
00002757  UART_InUDec                    
0000280b  UART_InUHex                    
000026a1  UART_Init                      
0000271d  UART_OutChar                   
00002739  UART_OutString                 
000027db  UART_OutUDec                   
000028cf  UART_OutUHex                   
0000292d  UART_OutUHex2                  
00002d11  USB0_Handler                   
20002604  Vmax                           
20002608  Vmin                           
00002cdd  WDT_Handler                    
00002db3  WaitForInterrupt               
00002d45  WideTimer0A_Handler            
00002d47  WideTimer0B_Handler            
00002d49  WideTimer1A_Handler            
00002d4b  WideTimer1B_Handler            
00002d4d  WideTimer2A_Handler            
00002d4f  WideTimer2B_Handler            
00002d51  WideTimer3A_Handler            
00002d53  WideTimer3B_Handler            
00002d55  WideTimer4A_Handler            
00002d57  WideTimer4B_Handler            
00002d59  WideTimer5A_Handler            
00002d5b  WideTimer5B_Handler            
20002340  __CIOBUF_                      
20002818  __STACK_END                    
00000200  __STACK_SIZE                   
20002818  __STACK_TOP                    
00000010  __SYSMEM_SIZE                  
000043f8  __TI_CINIT_Base                
00004408  __TI_CINIT_Limit               
000043e0  __TI_Handler_Table_Base        
000043ec  __TI_Handler_Table_Limit       
00003a9d  __TI_auto_init_nobinit_nopinit 
00003bcd  __TI_cleanup                   
200029e0  __TI_cleanup_ptr               
000035f5  __TI_closefile                 
000037ad  __TI_decompress_lzss           
00003dbb  __TI_decompress_none           
00003981  __TI_doflush                   
200029e4  __TI_dtors_ptr                 
200029e8  __TI_enable_exit_profile_output
200029d0  __TI_ft_end                    
ffffffff  __TI_pprof_out_hndl            
ffffffff  __TI_prof_data_size            
ffffffff  __TI_prof_data_start           
00003c01  __TI_readmsg                   
00000000  __TI_static_base__             
20002528  __TI_tmpnams                   
00003b5d  __TI_writemsg                  
00003dc9  __TI_zero_init                 
00003579  __aeabi_memclr                 
00003579  __aeabi_memclr4                
00003579  __aeabi_memclr8                
00003455  __aeabi_memcpy                 
00003455  __aeabi_memcpy4                
00003455  __aeabi_memcpy8                
0000357b  __aeabi_memset                 
0000357b  __aeabi_memset4                
0000357b  __aeabi_memset8                
200029dc  __aeabi_stderr                 
200029d4  __aeabi_stdin                  
200029d8  __aeabi_stdout                 
ffffffff  __binit__                      
ffffffff  __c_args__                     
UNDEFED   __mpu_init                     
20002618  __stack                        
20000000  __start___llvm_prf_cnts        
20000000  __stop___llvm_prf_cnts         
00003c35  _c_int00_noargs                
20002908  _device                        
20002818  _ftable                        
200029ec  _lock                          
00002db7  _nop                           
20002980  _stream                        
20002a10  _sys_memory                    
UNDEFED   _system_post_cinit             
00003ddd  _system_pre_init               
200029f0  _unlock                        
00003de1  abort                          
00003301  add_device                     
00002ec9  aligned_alloc                  
ffffffff  binit                          
20001f40  buffer                         
00003875  close                          
000039cd  exit                           
00002a3d  ferror                         
00002a23  fgetc                          
00003c9d  finddevice                     
000033b9  fopen                          
000029ef  fputc                          
00002fc9  free                           
00003c69  freopen                        
00000000  g_pfnVectors                   
00003ae1  getdevice                      
000023d9  main                           
000024c1  main1                          
00003dd5  malloc                         
00002ec9  memalign                       
00003455  memcpy                         
00003581  memset                         
00003245  open                           
0000290b  outnibble                      
200025e2  parmbuf                        
00003ccd  remove                         
2000260c  rotation                       
000030ad  setvbuf                        
000021a5  sqrt2                          
0000026d  ssd1306command                 
00000281  ssd1306command1                
00000295  ssd1306commandList             
00000a27  ssd1306drawFastHLineInternal   
00000c51  ssd1306drawFastVLineInternal   
00003d7d  strchr                         
00003d65  strcmp                         
00003d93  strcpy                         
00003da7  strlen                         
00003b95  strncpy                        
00002d17  uDMA_Error                     
00002d15  uDMA_Handler                   
00002a6b  uart_close                     
00002ad5  uart_lseek                     
00002a5b  uart_open                      
00002a77  uart_read                      
00002af1  uart_rename                    
00002ae5  uart_unlink                    
00002aa1  uart_write                     
00003ccd  unlink                         
20002610  vccstate                       
00003d21  write                          


GLOBAL SYMBOLS: SORTED BY Symbol Address 

address   name                           
-------   ----                           
00000000  __TI_static_base__             
00000000  g_pfnVectors                   
00000010  __SYSMEM_SIZE                  
00000200  __STACK_SIZE                   
0000026d  ssd1306command                 
00000281  ssd1306command1                
00000295  ssd1306commandList             
000002a7  SSD1306_Init                   
00000345  SSD1306_DrawPixel              
000004b3  SSD1306_SetPlot                
00000513  SSD1306_DrawPoint              
00000591  SSD1306_DrawChar               
00000639  SSD1306_DrawString             
00000679  SSD1306_ClearBuffer            
000006a7  SSD1306_OutClear               
000006dd  SSD1306_DrawBMP                
00000915  SSD1306_DrawFastHLine          
00000a27  ssd1306drawFastHLineInternal   
00000b39  SSD1306_DrawFastVLine          
00000c51  ssd1306drawFastVLineInternal   
00000e51  SSD1306_GetPixel               
00000f4f  SSD1306_GetBuffer              
00000f53  SSD1306_OutBuffer              
00000f71  SSD1306_DrawFullImage          
00000f99  SSD1306_startscrollright       
00000fcb  SSD1306_startscrollleft        
00001001  SSD1306_startscrolldiagright   
00001045  SSD1306_startscrolldiagleft    
00001085  SSD1306_stopscroll             
0000108f  SSD1306_InvertDisplay          
000010a5  SSD1306_Dim                    
000010dd  SSD1306_SetCursor              
0000114d  SSD1306_OutChar                
00001255  SSD1306_OutString              
000012b1  SSD1306_OutUDec                
00001495  SSD1306_OutSDec                
000016cb  SSD1306_OutUFix1               
00001759  SSD1306_OutSFix1               
00001847  SSD1306_OutHex7                
0000187d  SSD1306_OutUHex7               
000018a5  SSD1306_OutUHex32              
000018f9  SSD1306_OutUDec16              
00001991  SSD1306_OutUDec2               
000019ed  SSD1306_OutUFix3_1             
00001ad9  I2C1_Init                      
00001b63  I2C1_Send                      
00001c65  I2C1_Send1                     
00001ca5  I2C1_Send2                     
00001d19  I2C1_Send4                     
00001ded  I2C1_Recv1                     
00001e7d  I2C1_Recv                      
00001fc1  I2C1_Recv2                     
00002049  I2C1_Recv3                     
000020b7  I2C1_SendData                  
00002149  ADC_Init                       
0000214b  ADC_In                         
0000214f  RealTimeTask                   
000021a3  CalculateJitter                
000021a5  sqrt2                          
000021e3  CalculateSNR                   
000021e5  CreatePMF                      
00002341  PortC_Init                     
0000237f  Timer1_Init                    
000023bd  IR_Convert                     
000023d9  main                           
000024c1  main1                          
000026a1  UART_Init                      
00002709  UART_InChar                    
0000271d  UART_OutChar                   
00002739  UART_OutString                 
00002757  UART_InUDec                    
000027db  UART_OutUDec                   
0000280b  UART_InUHex                    
000028cf  UART_OutUHex                   
0000290b  outnibble                      
0000292d  UART_OutUHex2                  
00002975  UART_InString                  
000029ef  fputc                          
00002a23  fgetc                          
00002a3d  ferror                         
00002a4b  Output_Clear                   
00002a4d  Output_Off                     
00002a4f  Output_On                      
00002a51  Output_Color                   
00002a5b  uart_open                      
00002a6b  uart_close                     
00002a77  uart_read                      
00002aa1  uart_write                     
00002ad5  uart_lseek                     
00002ae5  uart_unlink                    
00002af1  uart_rename                    
00002aff  Output_Init                    
00002b8d  LaunchPad_Init                 
00002bc5  LaunchPad_Input                
00002c17  LaunchPad_WaitForTouch         
00002c33  LaunchPad_WaitForRelease       
00002c63  LaunchPad_Output               
00002ca5  ResetISR                       
00002cb1  SVC_Handler                    
00002cb3  DebugMon_Handler               
00002cb5  PendSV_Handler                 
00002cb7  SysTick_Handler                
00002cb9  GPIOPortA_Handler              
00002cbb  GPIOPortB_Handler              
00002cbd  GPIOPortC_Handler              
00002cbf  GPIOPortD_Handler              
00002cc1  GPIOPortE_Handler              
00002cc3  UART0_Handler                  
00002cc5  UART1_Handler                  
00002cc7  SSI0_Handler                   
00002cc9  I2C0_Handler                   
00002ccb  PWM0Fault_Handler              
00002ccd  PWM0Generator0_Handler         
00002ccf  PWM0Generator1_Handler         
00002cd1  PWM0Generator2_Handler         
00002cd3  Quadrature0_Handler            
00002cd5  ADC0Seq0_Handler               
00002cd7  ADC0Seq1_Handler               
00002cd9  ADC0Seq2_Handler               
00002cdb  ADC0Seq3_Handler               
00002cdd  WDT_Handler                    
00002cdf  Timer0A_Handler                
00002ce1  Timer0B_Handler                
00002ce3  Timer1A_Handler                
00002ce5  Timer1B_Handler                
00002ce9  Timer2B_Handler                
00002ceb  Comp0_Handler                  
00002ced  Comp1_Handler                  
00002cef  Comp2_Handler                  
00002cf1  SysCtl_Handler                 
00002cf3  FlashCtl_Handler               
00002cf5  GPIOPortF_Handler              
00002cf7  GPIOPortG_Handler              
00002cf9  GPIOPortH_Handler              
00002cfb  UART2_Handler                  
00002cfd  SSI1_Handler                   
00002cff  Timer3A_Handler                
00002d01  Timer3B_Handler                
00002d03  I2C1_Handler                   
00002d05  Quadrature1_Handler            
00002d07  CAN0_Handler                   
00002d09  CAN1_Handler                   
00002d0b  CAN2_Handler                   
00002d0d  Ethernet_Handler               
00002d0f  Hibernate_Handler              
00002d11  USB0_Handler                   
00002d13  PWM0Generator3_Handler         
00002d15  uDMA_Handler                   
00002d17  uDMA_Error                     
00002d19  ADC1Seq0_Handler               
00002d1b  ADC1Seq1_Handler               
00002d1d  ADC1Seq2_Handler               
00002d1f  ADC1Seq3_Handler               
00002d21  I2S0_Handler                   
00002d23  ExtBus_Handler                 
00002d25  GPIOPortJ_Handler              
00002d27  GPIOPortK_Handler              
00002d29  GPIOPortL_Handler              
00002d2b  SSI2_Handler                   
00002d2d  SSI3_Handler                   
00002d2f  UART3_Handler                  
00002d31  UART4_Handler                  
00002d33  UART5_Handler                  
00002d35  UART6_Handler                  
00002d37  UART7_Handler                  
00002d39  I2C2_Handler                   
00002d3b  I2C3_Handler                   
00002d3d  Timer4A_Handler                
00002d3f  Timer4B_Handler                
00002d41  Timer5A_Handler                
00002d43  Timer5B_Handler                
00002d45  WideTimer0A_Handler            
00002d47  WideTimer0B_Handler            
00002d49  WideTimer1A_Handler            
00002d4b  WideTimer1B_Handler            
00002d4d  WideTimer2A_Handler            
00002d4f  WideTimer2B_Handler            
00002d51  WideTimer3A_Handler            
00002d53  WideTimer3B_Handler            
00002d55  WideTimer4A_Handler            
00002d57  WideTimer4B_Handler            
00002d59  WideTimer5A_Handler            
00002d5b  WideTimer5B_Handler            
00002d5d  FPU_Handler                    
00002d5f  PECI0_Handler                  
00002d61  LPC0_Handler                   
00002d63  I2C4_Handler                   
00002d65  I2C5_Handler                   
00002d67  GPIOPortM_Handler              
00002d69  GPIOPortN_Handler              
00002d6b  Quadrature2_Handler            
00002d6d  Fan0_Handler                   
00002d6f  GPIOPortP_Handler              
00002d71  GPIOPortP1_Handler             
00002d73  GPIOPortP2_Handler             
00002d75  GPIOPortP3_Handler             
00002d77  GPIOPortP4_Handler             
00002d79  GPIOPortP5_Handler             
00002d7b  GPIOPortP6_Handler             
00002d7d  GPIOPortP7_Handler             
00002d7f  GPIOPortQ_Handler              
00002d81  GPIOPortQ1_Handler             
00002d83  GPIOPortQ2_Handler             
00002d85  GPIOPortQ3_Handler             
00002d87  GPIOPortQ4_Handler             
00002d89  GPIOPortQ5_Handler             
00002d8b  GPIOPortQ6_Handler             
00002d8d  GPIOPortQ7_Handler             
00002d8f  GPIOPortR_Handler              
00002d91  GPIOPortS_Handler              
00002d93  PWM1Generator0_Handler         
00002d95  PWM1Generator1_Handler         
00002d97  PWM1Generator2_Handler         
00002d99  PWM1Generator3_Handler         
00002d9b  PWM1Fault_Handler              
00002d9d  DisableInterrupts              
00002da1  EnableInterrupts               
00002da5  StartCritical                  
00002dad  EndCritical                    
00002db3  WaitForInterrupt               
00002db7  _nop                           
00002ec9  aligned_alloc                  
00002ec9  memalign                       
00002fc9  free                           
000030ad  setvbuf                        
00003189  Timer2A_Init                   
000031f3  Timer2A_Handler                
00003203  Timer2A_Stop                   
00003245  open                           
00003301  add_device                     
000033b9  fopen                          
00003455  __aeabi_memcpy                 
00003455  __aeabi_memcpy4                
00003455  __aeabi_memcpy8                
00003455  memcpy                         
000034f1  PLL_Init                       
00003579  __aeabi_memclr                 
00003579  __aeabi_memclr4                
00003579  __aeabi_memclr8                
0000357b  __aeabi_memset                 
0000357b  __aeabi_memset4                
0000357b  __aeabi_memset8                
00003581  memset                         
000035f5  __TI_closefile                 
000036d9  HOSTrename                     
00003745  HOSTlseek                      
000037ad  __TI_decompress_lzss           
00003815  HOSTopen                       
00003875  close                          
000038d1  HOSTread                       
00003929  HOSTwrite                      
00003981  __TI_doflush                   
000039cd  exit                           
00003a15  HOSTclose                      
00003a59  HOSTunlink                     
00003a9d  __TI_auto_init_nobinit_nopinit 
00003ae1  getdevice                      
00003b25  Clock_Delay                    
00003b3f  Clock_Delay1ms                 
00003b5d  __TI_writemsg                  
00003b8b  C$$IO$$                        
00003b95  strncpy                        
00003bcd  __TI_cleanup                   
00003c01  __TI_readmsg                   
00003c35  _c_int00_noargs                
00003c69  freopen                        
00003c9d  finddevice                     
00003ccd  remove                         
00003ccd  unlink                         
00003d21  write                          
00003d65  strcmp                         
00003d7d  strchr                         
00003d93  strcpy                         
00003da7  strlen                         
00003dbb  __TI_decompress_none           
00003dc9  __TI_zero_init                 
00003dd5  malloc                         
00003ddd  _system_pre_init               
00003de1  C$$EXIT                        
00003de1  abort                          
000043e0  __TI_Handler_Table_Base        
000043ec  __TI_Handler_Table_Limit       
000043f8  __TI_CINIT_Base                
00004408  __TI_CINIT_Limit               
20000000  DataBuf                        
20000000  __start___llvm_prf_cnts        
20000000  __stop___llvm_prf_cnts         
20000fa0  TimeBuf                        
20001f40  buffer                         
20002340  __CIOBUF_                      
20002460  PMF                            
20002528  __TI_tmpnams                   
200025e2  parmbuf                        
200025ea  StartX                         
200025ec  Averaging                      
200025f0  Distance                       
200025f4  Num                            
200025f8  PMFmax                         
200025fc  PeriodicTask2                  
20002600  Signal                         
20002604  Vmax                           
20002608  Vmin                           
2000260c  rotation                       
20002610  vccstate                       
20002614  StartY                         
20002618  __stack                        
20002818  __STACK_END                    
20002818  __STACK_TOP                    
20002818  _ftable                        
20002908  _device                        
20002980  _stream                        
200029d0  __TI_ft_end                    
200029d4  __aeabi_stdin                  
200029d8  __aeabi_stdout                 
200029dc  __aeabi_stderr                 
200029e0  __TI_cleanup_ptr               
200029e4  __TI_dtors_ptr                 
200029e8  __TI_enable_exit_profile_output
200029ec  _lock                          
200029f0  _unlock                        
200029fc  InvokesDivide                  
20002a00  CurrentX                       
20002a02  CurrentY                       
20002a10  _sys_memory                    
ffffffff  __TI_pprof_out_hndl            
ffffffff  __TI_prof_data_size            
ffffffff  __TI_prof_data_start           
ffffffff  __binit__                      
ffffffff  __c_args__                     
ffffffff  binit                          
UNDEFED   __mpu_init                     
UNDEFED   _system_post_cinit             

[332 symbols]
